  Input file(s): qmc_ref_long.in.xml 

=====================================================
                    QMCPACK 3.8.9

       (c) Copyright 2003-  QMCPACK developers

                    Please cite:
 J. Kim et al. J. Phys. Cond. Mat. 30 195901 (2018)
      https://doi.org/10.1088/1361-648X/aab9c3

  Git branch: PeriodicLCAOwKPTS
  Last git commit: bb35209722a02749be9fc6ce18eead4a75bd22f3
  Last git commit date: Wed Oct 9 10:10:54 2019 -0500
  Last git commit subject: Merge pull request #10 from mcbennet/PeriodicLCAOwKPTS
=====================================================
  Global options 

  Total number of MPI ranks = 128
  Number of MPI groups      = 1
  MPI group ID              = 0
  Number of ranks in group  = 128
  MPI ranks per node        = 1
  OMP 1st level threads     = 32
  OMP nested threading disabled or only 1 thread on the 2nd level

  Precision used in this calculation, see definitions in the manual:
  Base precision      = double
  Full precision      = double

  Structure-of-arrays (SoA) optimization enabled

  Input XML = qmc_ref_long.in.xml

  Project = qmc_ref_long
  date    = 2019-10-09 19:18:59 UTC
  host    = Q02-I6-J01.vesta.itd

 Random Number
 -------------
  Offset for the random number seeds based on time: 675

  Range of prime numbers to use as seeds over processors and threads = 5059-46141


 Lattice
 -------
  Simulation cell radius   = 3.816236 bohr
  Wigner-Seitz cell radius = 3.816236 bohr

  Lattice (bohr):      7.6324715363      0.0000000000      0.0000000000
                       0.0000000000      7.6324715363      0.0000000000
                       0.0000000000      0.0000000000      7.6324715363

  Boundary Conditions:  p  p  p 

  Volume (bohr^3) = 444.6267423815

  Reciprocal vectors without 2*pi.
    g_1 =       0.1310191588      0.0000000000      0.0000000000
    g_2 =       0.0000000000      0.1310191588      0.0000000000
    g_3 =       0.0000000000      0.0000000000      0.1310191588

  Metric tensor in real-space.
    h_1 = 58.2546217523 0.0000000000 0.0000000000 
    h_2 = 0.0000000000 58.2546217523 0.0000000000 
    h_3 = 0.0000000000 0.0000000000 58.2546217523 

  Metric tensor in g-space.
    h_1 = 0.6776873047 0.0000000000 0.0000000000 
    h_2 = 0.0000000000 0.6776873047 0.0000000000 
    h_3 = 0.0000000000 0.0000000000 0.6776873047 
 Particle Set 
 ------------
  Name: ion0
  Initializing the lattice by the global supercell
  All the species have the same mass 1.0000000000
  Long-range breakup parameters:
    rc*kc = 15.0000000000; rc = 3.8162357681; kc = 3.9305747630

  Creating Structure Factor for periodic systems 3.9305747630
  KContainer initialised with cutoff 3.9305747630
   # of K-shell  = 21
   # of K points = 460

  Particle set size: 4

 Particle Set 
 ------------
  Name: e
  Initializing the lattice by the global supercell
  All the species have the same mass 1.0000000000
  Long-range breakup parameters:
    rc*kc = 15.0000000000; rc = 3.8162357681; kc = 3.9305747630

  Creating Structure Factor for periodic systems 3.9305747630
  KContainer initialised with cutoff 3.9305747630
   # of K-shell  = 21
   # of K points = 460

  Particle set size: 12

 Wavefunction setup: 
 ------------------- 
  Name: psi0
  LCAO: SoaAtomicBasisSet<MultiQuintic,1>
Reading BasisSet from HDF5 file:Al-DZ.h5
<input node="atomicBasisSet" name="gaussian" expandYlm="pyscf" angular="spherical" elementType="Al" normalized="no" type="Numerical" expM="0" />
  AO BasisSet for Al
   Spherical Harmonics contain (-1)^m factor
   Angular momentum m expanded as -l, ... ,l, with the exception of L=1 (1,-1,0)
   Grid is created by the input paremters in h5
    Using log grid ri = 0.0000010000 rf = 100.0000000000 npts = 1001
   R(n,l,m,s) 0 0 0 0
   R(n,l,m,s) 1 0 0 0
   R(n,l,m,s) 2 1 0 0
   R(n,l,m,s) 3 1 0 0
   R(n,l,m,s) 4 2 0 0
Expanding Ylm as L=1 as (1,-1,0) and L>1 as -l,-l+1,...,l-1,l
   Adding 1 spherical orbitals
   Adding 1 spherical orbitals
   Adding 3 spherical orbitals
   Adding 3 spherical orbitals
   Adding 5 spherical orbitals
  Setting cutoff radius 79205.6663350883

   Maximum Angular Momentum  = 2
   Number of Radial functors = 5
   Basis size                = 13

  Created SPOSet builder named 'LCAOBSet' of type molecularorbital
Reuse SPOSetBuilder "LCAOBSet" type MolecularOrbital
  Building SPOSet '' with '' basis set.
Reuse SPOSetBuilder "LCAOBSet" type MolecularOrbital
  Building SPOSet '' with '' basis set.
  Creating a determinant updet group=0 sposet=updet
  Reusing a SPO set updet
Using DiracDeterminant with DelayedUpdate engine
Using rank-1 Sherman-Morrison Fahy update

  Creating a determinant downdet group=1 sposet=downdet
  Reusing a SPO set downdet
Using DiracDeterminant with DelayedUpdate engine
Using rank-1 Sherman-Morrison Fahy update

  Added a fermionic WaveFunctionComponent electron-gas/PW
Warning: Timer name (WaveFunction::electron-gas/PW_V) should not contain the character /
Warning: Timer name (WaveFunction::electron-gas/PW_VGL) should not contain the character /
Warning: Timer name (WaveFunction::electron-gas/PW_accept) should not contain the character /
Warning: Timer name (WaveFunction::electron-gas/PW_NLratio) should not contain the character /
Warning: Timer name (WaveFunction::electron-gas/PW_recompute) should not contain the character /
Warning: Timer name (WaveFunction::electron-gas/PW_buffer) should not contain the character /
Warning: Timer name (WaveFunction::electron-gas/PW_derivs) should not contain the character /
  QMCHamiltonian::addOperator Kinetic to H, physical Hamiltonian 

  Creating CoulombHandler with the optimal breakup. 
  KContainer initialised with cutoff 24.6965295998
   # of K-shell  = 753
   # of K points = 112946

  NUMBER OF OPT_BREAK KVECS = 29180498259
 finding kc:  3.9305747630 , -1.0000000000
  LRBreakp parameter Kc =3.9305747630
    Continuum approximation in k = [24.6965295998,1572.2299052076)

   LR Breakup chi^2 = 3.63830e-16
   PBCAA self-interaction term -4.81806
   PBCAA total constant -5.77318
  Maximum K shell 20
  Number of k vectors 460
  Fixed Coulomb potential for e
    e-e Madelung Const. =-0.17924
    Vtot     =0.00000
  QMCHamiltonian::addOperator ElecElec to H, physical Hamiltonian 
QMCHamiltonian::addOperatorType added type coulomb named ElecElec
  Clone CoulombHandler. 
   PBCAA self-interaction term -14.45418
   PBCAA total constant -15.40930
  Maximum K shell 20
  Number of k vectors 460
  Fixed Coulomb potential for ion0
    e-e Madelung Const. =-0.17924
    Vtot     =-10.81269
  QMCHamiltonian::addOperator IonIon to H, physical Hamiltonian 
QMCHamiltonian::addOperatorType added type coulomb named IonIon

  ECPotential builder for pseudopotential 

  Adding pseudopotential for Al
   Linear grid  ri=0.00000 rf=10.00000 npts = 10001
    ECPComponentBuilder::buildSemiLocalAndLocal 
    Assuming Hartree unit
   Number of angular momentum channels 3
   Maximum angular momentum channel 2
   Creating a Linear Grid Rmax=3.08000
  Using global grid with delta = 0.00100
   Making L=2 a local potential with a radial cutoff of 9.99900
    Non-local pseudopotential parameters
    Maximum angular mementum = 1
    Number of non-local channels = 2
       l(0)=0
       l(1)=1
    Cutoff radius = 3.08000
    Spherical grids and weights: 
             1.0000000000      0.0000000000      0.0000000000        0.0833333333
            -1.0000000000      0.0000000000      0.0000000000        0.0833333333
             0.4472135955      0.8944271910      0.0000000000        0.0833333333
            -0.4472135955      0.7236067977      0.5257311121        0.0833333333
             0.4472135955      0.2763932023      0.8506508084        0.0833333333
            -0.4472135955     -0.2763932023      0.8506508084        0.0833333333
             0.4472135955     -0.7236067977      0.5257311121        0.0833333333
            -0.4472135955     -0.8944271910      0.0000000000        0.0833333333
             0.4472135955     -0.7236067977     -0.5257311121        0.0833333333
            -0.4472135955     -0.2763932023     -0.8506508084        0.0833333333
             0.4472135955      0.2763932023     -0.8506508084        0.0833333333
            -0.4472135955      0.7236067977     -0.5257311121        0.0833333333
    Maximum cutoff radius 3.0800000000
  Clone CoulombHandler. 
   Constant of PBCAB 1.9102474171
  Rcut                3.8162357681
  Maximum K shell     20
  Number of k vectors 460
    CoulombPBCAB::add 
 Setting a linear grid=[0,3.8162357681) number of grid =3817
    Creating the short-range pseudopotential for species 0
  QMCHamiltonian::addOperator LocalECP to H, physical Hamiltonian 

  Using NonLocalECP potential 
    Maximum grid on a sphere for NonLocalECPotential: 12
  QMCHamiltonian::addOperator NonLocalECP to H, physical Hamiltonian 
QMCHamiltonian::addOperatorType added type pseudo named PseudoPot

  QMCHamiltonian::add2WalkerProperty added
    5 to P::PropertyList 
    0 to P::Collectables 
    starting Index of the observables in P::PropertyList = 9
ParticleSetPool::randomize 
<init source="ion0" target="e">
</init>
  Initialization Execution time = 2.6177 secs
=========================================================
 Summary of QMC systems 
=========================================================
ParticleSetPool has: 

  ParticleSet 'e' contains 12 particles :  u(6) d(6)

    u  6.5712390999e+00  1.1733655970e+00  7.3937271296e+00
    u  4.1271063102e+00  4.3128787525e+00  6.1436162739e+00
    u  4.3090661015e+00  1.5132004375e+00  3.9815544335e+00
    u  3.7379011134e-01  3.7338612395e+00  2.2626829676e+00
    u  7.0857267024e+00  1.4653232945e+00  7.2949841600e+00
    u  4.1872359386e+00  1.5228935505e+00  4.1373915362e+00
    d  6.2645061095e+00  8.2170853747e-01  1.1604167590e-01
    d  3.7493767268e+00  5.4009210875e+00  7.4220585517e+00
    d  3.9661937136e+00  1.0286220652e+00  2.5999013516e+00
    d  5.2254990333e-01  2.5177950187e+00  4.5914796688e+00
    (... and 2 more particle positions ...)

  Distance table for dissimilar particles (A-B):
    source: ion0  target: e
    Using structure-of-arrays (SoA) data layout
    Distance computations use orthorhombic periodic cell in 3D.

  Distance table for similar particles (A-A):
    source/target: e
    Using structure-of-arrays (SoA) data layout
    Distance computations use orthorhombic periodic cell in 3D.


  ParticleSet 'ion0' contains 4 particles :  Al(4)

    Al  0.0000000000e+00  0.0000000000e+00  0.0000000000e+00
    Al  3.8162263195e+00  3.8162263195e+00  0.0000000000e+00
    Al  3.8162263195e+00  0.0000000000e+00  3.8162263195e+00
    Al  0.0000000000e+00  3.8162263195e+00  3.8162263195e+00

  Distance table for similar particles (A-A):
    source/target: ion0
    Using structure-of-arrays (SoA) data layout
    Distance computations use orthorhombic periodic cell in 3D.


  Hamiltonian h0
  Kinetic         Kinetic energy
  ElecElec        CoulombPBCAA potential: e_e
  IonIon          CoulombPBCAA potential: ion0_ion0
  LocalECP        CoulombPBCAB potential source: ion0
  NonLocalECP     NonLocalECPotential: ion0


=========================================================
  Start VMC
  File Root qmc_ref_long.s000 append = no 
=========================================================
Resetting walkers
  Adding 32 walkers to 0 existing sets
  Total number of walkers: 4.0960000000e+03
  Total weight: 4.0960000000e+03
  Resetting Properties of the walkers 1 x 14

<vmc function="put">
  qmc_counter=0  my_counter=0
  time step      = 1.0000000000e-01
  blocks         = 200
  steps          = 20
  substeps       = 1
  current        = 0
  target samples = 0.0000000000e+00
  walkers/mpi    = 32

  stepsbetweensamples = 4020
<parameter name="blocks" condition="int">200</parameter>
<parameter name="blocks_between_recompute" condition="int">0</parameter>
<parameter name="check_properties" condition="int">100</parameter>
<parameter name="checkproperties" condition="int">100</parameter>
<parameter name="current" condition="int">0</parameter>
<parameter name="dmcwalkersperthread" condition="real">0.0000000000e+00</parameter>
<parameter name="maxcpusecs" condition="real">3.6000000000e+05</parameter>
<parameter name="record_configs" condition="int">0</parameter>
<parameter name="record_walkers" condition="int">4020</parameter>
<parameter name="recordconfigs" condition="int">0</parameter>
<parameter name="recordwalkers" condition="int">4020</parameter>
<parameter name="rewind" condition="int">0</parameter>
<parameter name="samples" condition="real">0.0000000000e+00</parameter>
<parameter name="samplesperthread" condition="real">0.0000000000e+00</parameter>
<parameter name="steps" condition="int">20</parameter>
<parameter name="stepsbetweensamples" condition="int">4020</parameter>
<parameter name="store_configs" condition="int">0</parameter>
<parameter name="storeconfigs" condition="int">0</parameter>
<parameter name="sub_steps" condition="int">1</parameter>
<parameter name="substeps" condition="int">1</parameter>
<parameter name="tau" condition="au">1.0000000000e-01</parameter>
<parameter name="time_step" condition="au">1.0000000000e-01</parameter>
<parameter name="timestep" condition="au">1.0000000000e-01</parameter>
<parameter name="use_drift" condition="string">yes</parameter>
<parameter name="usedrift" condition="string">yes</parameter>
<parameter name="walkers" condition="int">32</parameter>
<parameter name="warmup_steps" condition="int">100</parameter>
<parameter name="warmupsteps" condition="int">100</parameter>
  DumpConfig==false Nothing (configurations, state) will be saved.
  Walker Samples are dumped every 4020 steps.
</vmc>
  Set drift_modifier UNR parameter a = 1.0000000000e+00
  Adding a default LocalEnergyEstimator for the MainEstimator 
  CloneManager::makeClones makes 32 clones for W/Psi/H.
  Cloning methods for both Psi and H are used
===== Memory Usage before cloning =====
Allocated heap: 512.00 MB, avail. heap: 15743.98 MB
Allocated stack: 0.02 MB, avail. stack: 15743.98 MB
==================================================
===== Memory Usage after cloning =====
Allocated heap: 512.00 MB, avail. heap: 15743.98 MB
Allocated stack: 0.02 MB, avail. stack: 15743.98 MB
==================================================
  Initial partition of walkers 0 1 2 3 4 5 6 7 8 9 10 11 12 13 14 15 16 17 18 19 20 21 22 23 24 25 26 27 28 29 30 31 32 

  Using Particle by Particle moves
  Walker moves with drift
  Total Sample Size   =0
  Walker distribution on root = 0 1 2 3 4 5 6 7 8 9 10 11 12 13 14 15 16 17 18 19 20 21 22 23 24 25 26 27 28 29 30 31 32 
  Using Locality Approximation
===== Memory Usage after the buffer registration =====
Allocated heap: 512.00 MB, avail. heap: 15743.98 MB
Allocated stack: 0.02 MB, avail. stack: 15743.98 MB
==================================================
  Anonymous Buffer size per walker : 7040 Bytes.
MEMORY increase 0 MB VMC::resetRun
====================================================
  SimpleFixedNodeBranch::finalize after a VMC block
    QMC counter        = 0
    time step          = 0.1
    reference energy   = -8.2271
    reference variance = 0.810467
====================================================
  QMC Execution time = 6.3690e+03 secs
  Total Execution time = 6.3691e+03 secs

=========================================================
  A new xml input file : qmc_ref_long.s000.cont.xml
  Input file(s): qmc_ref_long.in.xml 

=====================================================
                    QMCPACK 3.8.9

       (c) Copyright 2003-  QMCPACK developers

                    Please cite:
 J. Kim et al. J. Phys. Cond. Mat. 30 195901 (2018)
      https://doi.org/10.1088/1361-648X/aab9c3

  Git branch: PeriodicLCAOwKPTS
  Last git commit: bb35209722a02749be9fc6ce18eead4a75bd22f3
  Last git commit date: Wed Oct 9 10:10:54 2019 -0500
  Last git commit subject: Merge pull request #10 from mcbennet/PeriodicLCAOwKPTS
=====================================================
  Global options 

  Total number of MPI ranks = 128
  Number of MPI groups      = 1
  MPI group ID              = 0
  Number of ranks in group  = 128
  MPI ranks per node        = 1
  OMP 1st level threads     = 32
  OMP nested threading disabled or only 1 thread on the 2nd level

  Precision used in this calculation, see definitions in the manual:
  Base precision      = double
  Full precision      = double

  Structure-of-arrays (SoA) optimization enabled

  Input XML = qmc_ref_long.in.xml

  Project = qmc_ref_long
  date    = 2019-10-11 02:48:56 UTC
  host    = Q02-I3-J01.vesta.itd

 Random Number
 -------------
  Offset for the random number seeds based on time: 408

  Range of prime numbers to use as seeds over processors and threads = 2819-43133


 Lattice
 -------
  Simulation cell radius   = 3.816236 bohr
  Wigner-Seitz cell radius = 3.816236 bohr

  Lattice (bohr):      7.6324715363      0.0000000000      0.0000000000
                       0.0000000000      7.6324715363      0.0000000000
                       0.0000000000      0.0000000000      7.6324715363

  Boundary Conditions:  p  p  p 

  Volume (bohr^3) = 444.6267423815

  Reciprocal vectors without 2*pi.
    g_1 =       0.1310191588      0.0000000000      0.0000000000
    g_2 =       0.0000000000      0.1310191588      0.0000000000
    g_3 =       0.0000000000      0.0000000000      0.1310191588

  Metric tensor in real-space.
    h_1 = 58.2546217523 0.0000000000 0.0000000000 
    h_2 = 0.0000000000 58.2546217523 0.0000000000 
    h_3 = 0.0000000000 0.0000000000 58.2546217523 

  Metric tensor in g-space.
    h_1 = 0.6776873047 0.0000000000 0.0000000000 
    h_2 = 0.0000000000 0.6776873047 0.0000000000 
    h_3 = 0.0000000000 0.0000000000 0.6776873047 
 Particle Set 
 ------------
  Name: ion0
  Initializing the lattice by the global supercell
  All the species have the same mass 1.0000000000
  Long-range breakup parameters:
    rc*kc = 15.0000000000; rc = 3.8162357681; kc = 3.9305747630

  Creating Structure Factor for periodic systems 3.9305747630
  KContainer initialised with cutoff 3.9305747630
   # of K-shell  = 21
   # of K points = 460

  Particle set size: 4

 Particle Set 
 ------------
  Name: e
  Initializing the lattice by the global supercell
  All the species have the same mass 1.0000000000
  Long-range breakup parameters:
    rc*kc = 15.0000000000; rc = 3.8162357681; kc = 3.9305747630

  Creating Structure Factor for periodic systems 3.9305747630
  KContainer initialised with cutoff 3.9305747630
   # of K-shell  = 21
   # of K points = 460

  Particle set size: 12

 Wavefunction setup: 
 ------------------- 
  Name: psi0
  LCAO: SoaAtomicBasisSet<MultiQuintic,1>
Reading BasisSet from HDF5 file:../Al-DZ.h5
<input node="atomicBasisSet" name="gaussian" expandYlm="pyscf" angular="spherical" elementType="Al" normalized="no" type="Numerical" expM="0" />
  AO BasisSet for Al
   Spherical Harmonics contain (-1)^m factor
   Angular momentum m expanded as -l, ... ,l, with the exception of L=1 (1,-1,0)
   Grid is created by the input paremters in h5
    Using log grid ri = 0.0000010000 rf = 100.0000000000 npts = 1001
   R(n,l,m,s) 0 0 0 0
   R(n,l,m,s) 1 0 0 0
   R(n,l,m,s) 2 1 0 0
   R(n,l,m,s) 3 1 0 0
   R(n,l,m,s) 4 2 0 0
Expanding Ylm as L=1 as (1,-1,0) and L>1 as -l,-l+1,...,l-1,l
   Adding 1 spherical orbitals
   Adding 1 spherical orbitals
   Adding 3 spherical orbitals
   Adding 3 spherical orbitals
   Adding 5 spherical orbitals
  Setting cutoff radius 79205.6663350883

   Maximum Angular Momentum  = 2
   Number of Radial functors = 5
   Basis size                = 13

  Created SPOSet builder named 'LCAOBSet' of type molecularorbital
Reuse SPOSetBuilder "LCAOBSet" type MolecularOrbital
  Building SPOSet '' with '' basis set.
Reuse SPOSetBuilder "LCAOBSet" type MolecularOrbital
  Building SPOSet '' with '' basis set.
  Creating a determinant updet group=0 sposet=updet
  Reusing a SPO set updet
Using DiracDeterminant with DelayedUpdate engine
Using rank-1 Sherman-Morrison Fahy update

  Creating a determinant downdet group=1 sposet=downdet
  Reusing a SPO set downdet
Using DiracDeterminant with DelayedUpdate engine
Using rank-1 Sherman-Morrison Fahy update

  Added a fermionic WaveFunctionComponent electron-gas/PW
Warning: Timer name (WaveFunction::electron-gas/PW_V) should not contain the character /
Warning: Timer name (WaveFunction::electron-gas/PW_VGL) should not contain the character /
Warning: Timer name (WaveFunction::electron-gas/PW_accept) should not contain the character /
Warning: Timer name (WaveFunction::electron-gas/PW_NLratio) should not contain the character /
Warning: Timer name (WaveFunction::electron-gas/PW_recompute) should not contain the character /
Warning: Timer name (WaveFunction::electron-gas/PW_buffer) should not contain the character /
Warning: Timer name (WaveFunction::electron-gas/PW_derivs) should not contain the character /
  QMCHamiltonian::addOperator Kinetic to H, physical Hamiltonian 

  Creating CoulombHandler with the optimal breakup. 
  KContainer initialised with cutoff 24.6965295998
   # of K-shell  = 753
   # of K points = 112946

  NUMBER OF OPT_BREAK KVECS = 29180498259
 finding kc:  3.9305747630 , -1.0000000000
  LRBreakp parameter Kc =3.9305747630
    Continuum approximation in k = [24.6965295998,1572.2299052076)

   LR Breakup chi^2 = 3.63830e-16
   PBCAA self-interaction term -4.81806
   PBCAA total constant -5.77318
  Maximum K shell 20
  Number of k vectors 460
  Fixed Coulomb potential for e
    e-e Madelung Const. =-0.17924
    Vtot     =0.00000
  QMCHamiltonian::addOperator ElecElec to H, physical Hamiltonian 
QMCHamiltonian::addOperatorType added type coulomb named ElecElec
  Clone CoulombHandler. 
   PBCAA self-interaction term -14.45418
   PBCAA total constant -15.40930
  Maximum K shell 20
  Number of k vectors 460
  Fixed Coulomb potential for ion0
    e-e Madelung Const. =-0.17924
    Vtot     =-10.81269
  QMCHamiltonian::addOperator IonIon to H, physical Hamiltonian 
QMCHamiltonian::addOperatorType added type coulomb named IonIon

  ECPotential builder for pseudopotential 

  Adding pseudopotential for Al
   Linear grid  ri=0.00000 rf=10.00000 npts = 10001
    ECPComponentBuilder::buildSemiLocalAndLocal 
    Assuming Hartree unit
   Number of angular momentum channels 3
   Maximum angular momentum channel 2
   Creating a Linear Grid Rmax=3.08000
  Using global grid with delta = 0.00100
   Making L=2 a local potential with a radial cutoff of 9.99900
    Non-local pseudopotential parameters
    Maximum angular mementum = 1
    Number of non-local channels = 2
       l(0)=0
       l(1)=1
    Cutoff radius = 3.08000
    Spherical grids and weights: 
             1.0000000000      0.0000000000      0.0000000000        0.0833333333
            -1.0000000000      0.0000000000      0.0000000000        0.0833333333
             0.4472135955      0.8944271910      0.0000000000        0.0833333333
            -0.4472135955      0.7236067977      0.5257311121        0.0833333333
             0.4472135955      0.2763932023      0.8506508084        0.0833333333
            -0.4472135955     -0.2763932023      0.8506508084        0.0833333333
             0.4472135955     -0.7236067977      0.5257311121        0.0833333333
            -0.4472135955     -0.8944271910      0.0000000000        0.0833333333
             0.4472135955     -0.7236067977     -0.5257311121        0.0833333333
            -0.4472135955     -0.2763932023     -0.8506508084        0.0833333333
             0.4472135955      0.2763932023     -0.8506508084        0.0833333333
            -0.4472135955      0.7236067977     -0.5257311121        0.0833333333
    Maximum cutoff radius 3.0800000000
  Clone CoulombHandler. 
   Constant of PBCAB 1.9102474171
  Rcut                3.8162357681
  Maximum K shell     20
  Number of k vectors 460
    CoulombPBCAB::add 
 Setting a linear grid=[0,3.8162357681) number of grid =3817
    Creating the short-range pseudopotential for species 0
  QMCHamiltonian::addOperator LocalECP to H, physical Hamiltonian 

  Using NonLocalECP potential 
    Maximum grid on a sphere for NonLocalECPotential: 12
  QMCHamiltonian::addOperator NonLocalECP to H, physical Hamiltonian 
QMCHamiltonian::addOperatorType added type pseudo named PseudoPot

  QMCHamiltonian::add2WalkerProperty added
    5 to P::PropertyList 
    0 to P::Collectables 
    starting Index of the observables in P::PropertyList = 9
ParticleSetPool::randomize 
<init source="ion0" target="e">
</init>
  Initialization Execution time = 2.6016 secs
=========================================================
 Summary of QMC systems 
=========================================================
ParticleSetPool has: 

  ParticleSet 'e' contains 12 particles :  u(6) d(6)

    u  6.1614795860e+00  7.6155277939e+00  6.2920234567e-01
    u  5.2069026414e+00  4.6074385078e+00  7.6308464691e+00
    u  3.7414044753e+00  1.4600656677e+00  3.1661417576e+00
    u  7.3918867229e+00  4.7842904411e+00  2.5652383883e+00
    u  1.5318898377e+00  7.2087061137e+00  7.4487968467e+00
    u  4.6513200086e+00  1.0162253093e+00  4.7272173465e+00
    d  6.4344824980e+00  6.7421149382e+00  7.0562012939e+00
    d  3.1826283215e+00  2.3980291563e+00  7.2487133008e+00
    d  4.7125725632e+00  1.1387579452e+00  4.4943072539e+00
    d  1.2186540259e+00  4.2152643716e+00  4.7731228646e+00
    (... and 2 more particle positions ...)

  Distance table for dissimilar particles (A-B):
    source: ion0  target: e
    Using structure-of-arrays (SoA) data layout
    Distance computations use orthorhombic periodic cell in 3D.

  Distance table for similar particles (A-A):
    source/target: e
    Using structure-of-arrays (SoA) data layout
    Distance computations use orthorhombic periodic cell in 3D.


  ParticleSet 'ion0' contains 4 particles :  Al(4)

    Al  0.0000000000e+00  0.0000000000e+00  0.0000000000e+00
    Al  3.8162263195e+00  3.8162263195e+00  0.0000000000e+00
    Al  3.8162263195e+00  0.0000000000e+00  3.8162263195e+00
    Al  0.0000000000e+00  3.8162263195e+00  3.8162263195e+00

  Distance table for similar particles (A-A):
    source/target: ion0
    Using structure-of-arrays (SoA) data layout
    Distance computations use orthorhombic periodic cell in 3D.


  Hamiltonian h0
  Kinetic         Kinetic energy
  ElecElec        CoulombPBCAA potential: e_e
  IonIon          CoulombPBCAA potential: ion0_ion0
  LocalECP        CoulombPBCAB potential source: ion0
  NonLocalECP     NonLocalECPotential: ion0


=========================================================
  Start VMC
  File Root qmc_ref_long.s000 append = no 
=========================================================
Resetting walkers
  Adding 32 walkers to 0 existing sets
  Total number of walkers: 4.0960000000e+03
  Total weight: 4.0960000000e+03
  Resetting Properties of the walkers 1 x 14

<vmc function="put">
  qmc_counter=0  my_counter=0
  time step      = 1.0000000000e-01
  blocks         = 200
  steps          = 20
  substeps       = 1
  current        = 0
  target samples = 0.0000000000e+00
  walkers/mpi    = 32

  stepsbetweensamples = 4020
<parameter name="blocks" condition="int">200</parameter>
<parameter name="blocks_between_recompute" condition="int">0</parameter>
<parameter name="check_properties" condition="int">100</parameter>
<parameter name="checkproperties" condition="int">100</parameter>
<parameter name="current" condition="int">0</parameter>
<parameter name="dmcwalkersperthread" condition="real">0.0000000000e+00</parameter>
<parameter name="maxcpusecs" condition="real">3.6000000000e+05</parameter>
<parameter name="record_configs" condition="int">0</parameter>
<parameter name="record_walkers" condition="int">4020</parameter>
<parameter name="recordconfigs" condition="int">0</parameter>
<parameter name="recordwalkers" condition="int">4020</parameter>
<parameter name="rewind" condition="int">0</parameter>
<parameter name="samples" condition="real">0.0000000000e+00</parameter>
<parameter name="samplesperthread" condition="real">0.0000000000e+00</parameter>
<parameter name="steps" condition="int">20</parameter>
<parameter name="stepsbetweensamples" condition="int">4020</parameter>
<parameter name="store_configs" condition="int">0</parameter>
<parameter name="storeconfigs" condition="int">0</parameter>
<parameter name="sub_steps" condition="int">1</parameter>
<parameter name="substeps" condition="int">1</parameter>
<parameter name="tau" condition="au">1.0000000000e-01</parameter>
<parameter name="time_step" condition="au">1.0000000000e-01</parameter>
<parameter name="timestep" condition="au">1.0000000000e-01</parameter>
<parameter name="use_drift" condition="string">yes</parameter>
<parameter name="usedrift" condition="string">yes</parameter>
<parameter name="walkers" condition="int">32</parameter>
<parameter name="warmup_steps" condition="int">100</parameter>
<parameter name="warmupsteps" condition="int">100</parameter>
  DumpConfig==false Nothing (configurations, state) will be saved.
  Walker Samples are dumped every 4020 steps.
</vmc>
  Set drift_modifier UNR parameter a = 1.0000000000e+00
  Adding a default LocalEnergyEstimator for the MainEstimator 
  CloneManager::makeClones makes 32 clones for W/Psi/H.
  Cloning methods for both Psi and H are used
===== Memory Usage before cloning =====
Allocated heap: 512.00 MB, avail. heap: 15743.98 MB
Allocated stack: 0.02 MB, avail. stack: 15743.98 MB
==================================================
===== Memory Usage after cloning =====
Allocated heap: 512.00 MB, avail. heap: 15743.98 MB
Allocated stack: 0.02 MB, avail. stack: 15743.98 MB
==================================================
  Initial partition of walkers 0 1 2 3 4 5 6 7 8 9 10 11 12 13 14 15 16 17 18 19 20 21 22 23 24 25 26 27 28 29 30 31 32 

  Using Particle by Particle moves
  Walker moves with drift
  Total Sample Size   =0
  Walker distribution on root = 0 1 2 3 4 5 6 7 8 9 10 11 12 13 14 15 16 17 18 19 20 21 22 23 24 25 26 27 28 29 30 31 32 
  Using Locality Approximation
===== Memory Usage after the buffer registration =====
Allocated heap: 512.00 MB, avail. heap: 15743.98 MB
Allocated stack: 0.02 MB, avail. stack: 15743.98 MB
==================================================
  Anonymous Buffer size per walker : 7040 Bytes.
MEMORY increase 0 MB VMC::resetRun
====================================================
  SimpleFixedNodeBranch::finalize after a VMC block
    QMC counter        = 0
    time step          = 0.1
    reference energy   = -8.05969
    reference variance = 0.875124
====================================================
  QMC Execution time = 6.3758e+03 secs
  Total Execution time = 6.3759e+03 secs

=========================================================
  A new xml input file : qmc_ref_long.s000.cont.xml
