  Input file(s): qmc-ref.in.xml 

=====================================================
                    QMCPACK 3.4.0 

       (c) Copyright 2003-  QMCPACK developers

                    Please cite:
 J. Kim et al. J. Phys. Cond. Mat. 30 195901 (2018)
      https://doi.org/10.1088/1361-648X/aab9c3

  Git branch: HEAD
  Last git commit: ea23ca60d73178e72bd4639677282e070a3be112
  Last git commit date: Tue Jun 26 14:08:17 2018 -0500
  Last git commit subject: New Converged Pyscf references for FeCO6
=====================================================
  Global options 

  MPI Nodes            = 256
  MPI Nodes per group  = 256
  MPI Group ID         = 0
  OMP_NUM_THREADS      = 64

  Precision used in this calculation, see definitions in the manual:
  Base precision      = double
  Full precision      = double

  Input XML = qmc-ref.in.xml

  Project = qmc-ref
  date    = 2018-07-05 14:35:59 UTC
  host    = Q02-I0-J01.vesta.itd

 Random Number
 -------------
  Offset for the random number seeds based on time: 207

  Range of prime numbers to use as seeds over processors and threads = 1289-183151


 Particle Set 
 ------------
  Name: ion0
  All the species have the same mass 1
  Particle set size: 2

 Particle Set 
 ------------
  Name: e
  All the species have the same mass 1
  Particle set size: 4

 Wavefunction setup: 
 ------------------- 
  Name: psi0
  LCAO: SoaAtomicBasisSet<MultiQuintic,0>

  Distance table for similar particles (A-A):
    source/target: e
    Using structure-of-arrays (SoA) data layout
    Distance computations use open boundary conditions in 3D.


  Distance table for dissimilar particles (A-B):
    source: ion0  target: e
    Using structure-of-arrays (SoA) data layout
    Distance computations use open boundary conditions in 3D.

Reading BasisSet from HDF5 file:../LiH-QP.orbs.h5
<input node="atomicBasisSet" name="Gaussian" Morder="gaussian" angular="cartesian" elementType="Li" normalized="no" basisType="Numerical" addSign="0" />
  AO BasisSet for Li
   Angular momentum expanded in cartesian functions x^lx y^ly z^lz according to Gamess
   Grid is created by the input paremters in h5
    Using log grid ri = 1e-06 rf = 100 npts = 1001
   R(n,l,m,s) 0 0 0 0
   R(n,l,m,s) 1 0 0 0
   R(n,l,m,s) 2 0 0 0
   R(n,l,m,s) 3 0 0 0
   R(n,l,m,s) 4 0 0 0
   R(n,l,m,s) 5 0 0 0
   R(n,l,m,s) 6 1 0 0
   R(n,l,m,s) 7 1 0 0
   R(n,l,m,s) 8 1 0 0
   R(n,l,m,s) 9 1 0 0
   R(n,l,m,s) 10 1 0 0
   R(n,l,m,s) 11 2 0 0
   R(n,l,m,s) 12 2 0 0
   R(n,l,m,s) 13 2 0 0
   R(n,l,m,s) 14 2 0 0
   R(n,l,m,s) 15 3 0 0
   R(n,l,m,s) 16 3 0 0
   R(n,l,m,s) 17 3 0 0
   R(n,l,m,s) 18 4 0 0
   R(n,l,m,s) 19 4 0 0
Expanding Ylm (angular function) according to Gamess using cartesian gaussians
Adding 1 cartesian gaussian orbitals for l= 0
Adding 1 cartesian gaussian orbitals for l= 0
Adding 1 cartesian gaussian orbitals for l= 0
Adding 1 cartesian gaussian orbitals for l= 0
Adding 1 cartesian gaussian orbitals for l= 0
Adding 1 cartesian gaussian orbitals for l= 0
Adding 3 cartesian gaussian orbitals for l= 1
Adding 3 cartesian gaussian orbitals for l= 1
Adding 3 cartesian gaussian orbitals for l= 1
Adding 3 cartesian gaussian orbitals for l= 1
Adding 3 cartesian gaussian orbitals for l= 1
Adding 6 cartesian gaussian orbitals for l= 2
Adding 6 cartesian gaussian orbitals for l= 2
Adding 6 cartesian gaussian orbitals for l= 2
Adding 6 cartesian gaussian orbitals for l= 2
Adding 10 cartesian gaussian orbitals for l= 3
Adding 10 cartesian gaussian orbitals for l= 3
Adding 10 cartesian gaussian orbitals for l= 3
Adding 15 cartesian gaussian orbitals for l= 4
Adding 15 cartesian gaussian orbitals for l= 4
   Maximum Angular Momentum  = 4
   Number of Radial functors = 20
   Basis size                = 105

<input node="atomicBasisSet" name="Gaussian" Morder="gaussian" angular="cartesian" elementType="H" normalized="no" basisType="Numerical" addSign="0" />
  AO BasisSet for H
   Angular momentum expanded in cartesian functions x^lx y^ly z^lz according to Gamess
   Grid is created by the input paremters in h5
    Using log grid ri = 1e-06 rf = 100 npts = 1001
   R(n,l,m,s) 0 0 0 0
   R(n,l,m,s) 1 0 0 0
   R(n,l,m,s) 2 0 0 0
   R(n,l,m,s) 3 0 0 0
   R(n,l,m,s) 4 0 0 0
   R(n,l,m,s) 5 1 0 0
   R(n,l,m,s) 6 1 0 0
   R(n,l,m,s) 7 1 0 0
   R(n,l,m,s) 8 1 0 0
   R(n,l,m,s) 9 2 0 0
   R(n,l,m,s) 10 2 0 0
   R(n,l,m,s) 11 2 0 0
   R(n,l,m,s) 12 3 0 0
   R(n,l,m,s) 13 3 0 0
   R(n,l,m,s) 14 4 0 0
Expanding Ylm (angular function) according to Gamess using cartesian gaussians
Adding 1 cartesian gaussian orbitals for l= 0
Adding 1 cartesian gaussian orbitals for l= 0
Adding 1 cartesian gaussian orbitals for l= 0
Adding 1 cartesian gaussian orbitals for l= 0
Adding 1 cartesian gaussian orbitals for l= 0
Adding 3 cartesian gaussian orbitals for l= 1
Adding 3 cartesian gaussian orbitals for l= 1
Adding 3 cartesian gaussian orbitals for l= 1
Adding 3 cartesian gaussian orbitals for l= 1
Adding 6 cartesian gaussian orbitals for l= 2
Adding 6 cartesian gaussian orbitals for l= 2
Adding 6 cartesian gaussian orbitals for l= 2
Adding 10 cartesian gaussian orbitals for l= 3
Adding 10 cartesian gaussian orbitals for l= 3
Adding 15 cartesian gaussian orbitals for l= 4
   Maximum Angular Momentum  = 4
   Number of Radial functors = 15
   Basis size                = 70

  Created SPOSet builder named 'LCAOBSet' of type molecularorbital
Reuse SPOSetBuilder "LCAOBSet" type MolecularOrbital
  Building SPOSet '' with '' basis set.
Reuse SPOSetBuilder "LCAOBSet" type MolecularOrbital
  Building SPOSet '' with '' basis set.
  Creating a determinant updet group=0 sposet=updet
  Reusing a SPO set updet
Using DiracDeterminantBase 

  Creating a determinant downdet group=1 sposet=downdet
  Reusing a SPO set downdet
Using DiracDeterminantBase 

  FermionWF = SlaterDet
  QMCHamiltonian::addOperator Kinetic to H, physical Hamiltonian 
  QMCHamiltonian::addOperator ElecElec to H, physical Hamiltonian 
QMCHamiltonian::addOperatorType added type coulomb named ElecElec

  Distance table for similar particles (A-A):
    source/target: ion0
    Using structure-of-arrays (SoA) data layout
    Distance computations use open boundary conditions in 3D.

  QMCHamiltonian::addOperator IonIon to H, physical Hamiltonian 
QMCHamiltonian::addOperatorType added type coulomb named IonIon
  QMCHamiltonian::addOperator IonElec to H, physical Hamiltonian 
QMCHamiltonian::addOperatorType added type coulomb named IonElec

  QMCHamiltonian::add2WalkerProperty added
    4 to P::PropertyList 
    0 to P::Collectables 
    starting Index of the observables in P::PropertyList = 9
ParticleSetPool::randomize 
<init source="ion0" target="e">
</init>
  Initialization Execution time = 1.366 secs
=========================================================
 Summary of QMC systems 
=========================================================
ParticleSetPool has: 

  ParticleSet e : 0 2 4 

    4

    u  5.6700362465e-01 -1.0634490568e+00 -3.1321302878e-02
    u  3.8119374399e-02 -6.3483151272e-01 -1.0241747383e+00
    d  4.9356535342e-01 -9.6598157263e-01 -5.2599512742e-01
    d  3.1030911690e-01  7.9115174549e-01  3.8690176475e+00

  ParticleSet ion0 : 0 1 2 

    2

    Li  0.0000000000e+00  0.0000000000e+00  0.0000000000e+00
    H  0.0000000000e+00  0.0000000000e+00  3.0139239693e+00

  Hamiltonian h0
  Kinetic         Kinetic energy
  ElecElec        CoulombAA source/target e

  IonIon          CoulombAA source/target ion0

  IonElec         CoulombAB source=ion0


=========================================================
  Start VMCSingleOMP
  File Root qmc-ref.s000 append = no 
=========================================================
  Adding 64 walkers to 0 existing sets
  Total number of walkers: 1.6384000000e+04
  Total weight: 1.6384000000e+04
  Resetting Properties of the walkers 1 x 13

<vmc function="put">
  qmc_counter=0  my_counter=0
  time step      = 1.0000000000e-01
  blocks         = 200
  steps          = 30000
  substeps       = 3
  current        = 0
  target samples = 1.6000000000e+05
  walkers/mpi    = 64

  stepsbetweensamples = -2931
<parameter name="blocks" condition="int">200</parameter>
<parameter name="blocks_between_recompute" condition="int">0</parameter>
<parameter name="check_properties" condition="int">100</parameter>
<parameter name="checkproperties" condition="int">100</parameter>
<parameter name="current" condition="int">0</parameter>
<parameter name="dmcwalkersperthread" condition="real">1.0000000000e+01</parameter>
<parameter name="maxcpusecs" condition="real">3.6000000000e+05</parameter>
<parameter name="record_configs" condition="int">0</parameter>
<parameter name="record_walkers" condition="int">-2931</parameter>
<parameter name="recordconfigs" condition="int">0</parameter>
<parameter name="recordwalkers" condition="int">-2931</parameter>
<parameter name="rewind" condition="int">0</parameter>
<parameter name="samples" condition="real">1.6000000000e+05</parameter>
<parameter name="samplesperthread" condition="real">1.0000000000e+01</parameter>
<parameter name="steps" condition="int">30000</parameter>
<parameter name="stepsbetweensamples" condition="int">-2931</parameter>
<parameter name="store_configs" condition="int">0</parameter>
<parameter name="storeconfigs" condition="int">0</parameter>
<parameter name="sub_steps" condition="int">3</parameter>
<parameter name="substeps" condition="int">3</parameter>
<parameter name="tau" condition="au">1.0000000000e-01</parameter>
<parameter name="time_step" condition="au">1.0000000000e-01</parameter>
<parameter name="timestep" condition="au">1.0000000000e-01</parameter>
<parameter name="use_drift" condition="string">yes</parameter>
<parameter name="usedrift" condition="string">yes</parameter>
<parameter name="walkers" condition="int">64</parameter>
<parameter name="warmup_steps" condition="int">50</parameter>
<parameter name="warmupsteps" condition="int">50</parameter>
  DumpConfig==false Nothing (configurations, state) will be saved.
</vmc>
  Adding a default LocalEnergyEstimator for the MainEstimator 
  CloneManager::makeClones makes 64 clones for W/Psi/H.
  Cloning methods for both Psi and H are used
===== Memory Usage before cloning =====
Allocated heap: 19.10 MB, avail. heap: 16236.88 MB
Allocated stack: 0.02 MB, avail. stack: 16236.88 MB
==================================================
===== Memory Usage after cloning =====
Allocated heap: 1032.00 MB, avail. heap: 15223.98 MB
Allocated stack: 0.02 MB, avail. stack: 15223.98 MB
==================================================
  Initial partition of walkers 0 1 2 3 4 5 6 7 8 9 10 11 12 13 14 15 16 17 18 19 20 21 22 23 24 25 26 27 28 29 30 31 32 33 34 35 36 37 38 39 40 41 42 43 44 45 46 47 48 49 50 51 52 53 54 55 56 57 58 59 60 61 62 63 64 

  Using Particle by Particle moves
  Walker moves with drift
  Total Sample Size   =163840
  Walker distribution on root = 0 1 2 3 4 5 6 7 8 9 10 11 12 13 14 15 16 17 18 19 20 21 22 23 24 25 26 27 28 29 30 31 32 33 34 35 36 37 38 39 40 41 42 43 44 45 46 47 48 49 50 51 52 53 54 55 56 57 58 59 60 61 62 63 64 
===== Memory Usage after the buffer registration =====
Allocated heap: 1032.00 MB, avail. heap: 15223.98 MB
Allocated stack: 0.02 MB, avail. stack: 15223.98 MB
==================================================
  Anonymous Buffer size per walker : 768 Bytes.
MEMORY increase 0 MB VMCSingleOMP::resetRun
