/home/8gb/Projects/ABOx/NexusScripts/PVMetalsForGanesh/SrCoO3_JK/example_SrCoO3_SCF/runs/SrCoO3/03_basic_U_scan/rrkj/lda/Co_U_1.0/scf

     Program PWSCF v.6.3 starts on 28Jun2019 at 11: 9:40 

     This program is part of the open-source Quantum ESPRESSO suite
     for quantum simulation of materials; please cite
         "P. Giannozzi et al., J. Phys.:Condens. Matter 21 395502 (2009);
         "P. Giannozzi et al., J. Phys.:Condens. Matter 29 465901 (2017);
          URL http://www.quantum-espresso.org", 
     in publications or presentations arising from this work. More details at
     http://www.quantum-espresso.org/quote

     Parallel version (MPI), running on    36 processors

     MPI processes distributed on     1 nodes
     R & G space division:  proc/nbgrp/npool/nimage =      36
     Reading input from nscf.in

     Current dimensions of program PWSCF are:
     Max number of different atomic species (ntypx) = 10
     Max number of k-points (npk) =  40000
     Max angular momentum in pseudopotentials (lmaxx) =  3

     Atomic positions and unit cell read from directory:
     pwscf_output/pwscf.save/
 

     IMPORTANT: XC functional enforced from input :
     Exchange-correlation      = LDA ( 1  1  0  0 0 0)
     Any further DFT definition will be discarded
     Please, verify this is what you really want


     Subspace diagonalization in iterative solution of the eigenvalue problem:
     one sub-group per band group will be used
     scalapack distributed-memory algorithm (size of sub-group:  4*  4 procs)

     Message from routine setup:
     no reason to have ecutrho>4*ecutwfc
 
     Parallelization info
     --------------------
     sticks:   dense  smooth     PW     G-vecs:    dense   smooth      PW
     Min         202     162     43                13058     9356    1309
     Max         203     163     44                13065     9361    1314
     Sum        7305    5853   1581               470281   336931   47257
 


     bravais-lattice index     =            0
     lattice parameter (alat)  =       1.0000  a.u.
     unit-cell volume          =     380.6210 (a.u.)^3
     number of atoms/cell      =            5
     number of atomic types    =            3
     number of electrons       =        45.00
     number of Kohn-Sham states=           30
     kinetic-energy cutoff     =     350.0000  Ry
     charge density cutoff     =    1750.0000  Ry
     Exchange-correlation      = LDA ( 1  1  0  0 0 0)

     celldm(1)=   7.247100  celldm(2)=   0.000000  celldm(3)=   0.000000
     celldm(4)=   0.000000  celldm(5)=   0.000000  celldm(6)=   0.000000

     crystal axes: (cart. coord. in units of alat)
               a(1) = (  -5.124473  -3.623550   3.623550 )  
               a(2) = (   5.124473  -3.623550   3.623550 )  
               a(3) = (   0.000000   5.124473   5.124473 )  

     reciprocal axes: (cart. coord. in units 2 pi/alat)
               b(1) = ( -0.097571 -0.068993  0.068993 )  
               b(2) = (  0.097571 -0.068993  0.068993 )  
               b(3) = (  0.000000  0.097571  0.097571 )  


     PseudoPot. # 1 for Co read from file:
     ./Co.opt.upf
     MD5 check sum: cbea422ea0772e228e39f0fc3ccfb1ba
     Pseudo is Norm-conserving, Zval = 17.0
     Generated by new atomic code, or converted to UPF format
     Using radial grid of 1161 points,  2 beta functions with: 
                l(1) =   0
                l(2) =   2

     PseudoPot. # 2 for O  read from file:
     ./O.opt.upf
     MD5 check sum: 0b670aeee1f35195f09134313df81f8f
     Pseudo is Norm-conserving, Zval =  6.0
     Generated by new atomic code, or converted to UPF format
     Using radial grid of 1130 points,  1 beta functions with: 
                l(1) =   1

     PseudoPot. # 3 for Sr read from file:
     ./Sr.opt.upf
     MD5 check sum: 5130f2b2ecb87158df33ae2de4f0a024
     Pseudo is Norm-conserving, Zval = 10.0
     Generated by new atomic code, or converted to UPF format
     Using radial grid of 1170 points,  2 beta functions with: 
                l(1) =   0
                l(2) =   2

     atomic species   valence    mass     pseudopotential
        Co            17.00    58.93300     Co( 1.00)
        O              6.00    15.99900     O ( 1.00)
        Sr            10.00    87.95600     Sr( 1.00)

     Starting magnetic structure 
     atomic species   magnetization
        Co           1.000
        O            0.000
        Sr           0.000


     Simplified LDA+U calculation (l_max = 2) with parameters (eV):
     atomic species    L          U    alpha       J0     beta
        Co             2     1.0000   0.0000   0.0000   0.0000



     No symmetry found


                                    s                        frac. trans.

      isym =  1     identity                                     

 cryst.   s( 1) = (     1          0          0      )
                  (     0          1          0      )
                  (     0          0          1      )

 cart.    s( 1) = (  1.0000000  0.0000000  0.0000000 )
                  (  0.0000000  1.0000000  0.0000000 )
                  (  0.0000000  0.0000000  1.0000000 )


   Cartesian axes

     site n.     atom                  positions (alat units)
         1           Sr  tau(   1) = (   0.0000000   0.0000000   0.0000000  )
         2           Co  tau(   2) = (   0.0000000  -1.0613132   6.1857865  )
         3           O   tau(   3) = (   0.0000000  -3.6235499   3.6235499  )
         4           O   tau(   4) = (  -2.5622367   0.7504618   4.3740116  )
         5           O   tau(   5) = (   2.5622367   0.7504618   4.3740116  )

   Crystallographic axes

     site n.     atom                  positions (cryst. coord.)
         1           Sr  tau(   1) = (  0.0000000  0.0000000  0.0000000  )
         2           Co  tau(   2) = (  0.5000000  0.5000000  0.5000000  )
         3           O   tau(   3) = (  0.5000000  0.5000000  0.0000000  )
         4           O   tau(   4) = (  0.5000000  0.0000000  0.5000000  )
         5           O   tau(   5) = (  0.0000000  0.5000000  0.5000000  )

     number of k points=   4  Fermi-Dirac smearing, width (Ry)=  0.0010
                       cart. coord. in units 2pi/alat
        k(    1) = (   0.0000000   0.0000000   0.0000000), wk =   0.0041667
        k(   32) = (   0.0487855  -0.0344966   0.0344966), wk =   0.0041667
        k(   63) = (   0.0000000  -0.0689931   0.0689931), wk =   0.0041667
        k(  163) = (   0.0000000  -0.0202076   0.1177786), wk =   0.0041667

                       cryst. coord.
        k(    1) = (   0.0000000   0.0000000   0.0000000), wk =   0.0041667
        k(   32) = (   0.0000000   0.5000000   0.0000000), wk =   0.0041667
        k(   63) = (   0.5000000   0.5000000   0.0000000), wk =   0.0041667
        k(  163) = (   0.5000000   0.5000000   0.5000000), wk =   0.0041667

     Dense  grid:   470281 G-vectors     FFT dimensions: ( 100, 100, 100)

     Smooth grid:   336931 G-vectors     FFT dimensions: (  90,  90,  90)

     Dynamical RAM for                 wfc:       0.54 MB

     Dynamical RAM for     wfc (w. buffer):       0.54 MB

     Dynamical RAM for             U proj.:       0.09 MB

     Dynamical RAM for  U proj. (w. buff.):       0.09 MB

     Dynamical RAM for           str. fact:       0.60 MB

     Dynamical RAM for           local pot:       0.00 MB

     Dynamical RAM for          nlocal pot:       0.37 MB

     Dynamical RAM for                qrad:       0.23 MB

     Dynamical RAM for          rho,v,vnew:       2.57 MB

     Dynamical RAM for           G-vectors:       0.82 MB

     Dynamical RAM for          h,s,v(r/c):       0.04 MB

     Dynamical RAM for          <psi|beta>:       0.01 MB

     Dynamical RAM for                 psi:       2.14 MB

     Dynamical RAM for                hpsi:       2.14 MB

     Dynamical RAM for      wfcinit/wfcrot:       1.09 MB

     Estimated static dynamical RAM per process >       7.39 MB

     Estimated max dynamical RAM per process >      11.72 MB

     Estimated total dynamical RAM >     421.83 MB
     Generating pointlists ...
     new r_m :   1.4947 (alat units)  1.4947 (a.u.) for type    1
     new r_m :   1.4947 (alat units)  1.4947 (a.u.) for type    2
     new r_m :   2.1138 (alat units)  2.1138 (a.u.) for type    3

     The potential is recalculated from file :
     pwscf_output/pwscf.save/charge-density.dat

 --- in v_hubbard ---
Hubbard energy    0.0593
 -------
     Number of +U iterations with fixed ns =  0
     Starting occupations:
 --- enter write_ns ---
 LDA+U parameters:
U( 1)     =  1.00000000
alpha( 1) =  0.00000000
atom    2   Tr[ns(na)] (up, down, total) =   4.52053  2.40680  6.92732
   spin  1
    eigenvalues: 
  0.799  0.799  0.974  0.974  0.974
    eigenvectors:
  0.000  0.062  0.187  0.750  0.000
  0.500  0.000  0.000  0.000  0.500
  0.000  0.750  0.250  0.000  0.000
  0.000  0.187  0.563  0.250  0.000
  0.500  0.000  0.000  0.000  0.500
    occupations:
  0.963 -0.000  0.038  0.019  0.000
 -0.000  0.887 -0.000  0.000 -0.087
  0.038 -0.000  0.843 -0.066  0.000
  0.019  0.000 -0.066  0.941 -0.000
  0.000 -0.087  0.000 -0.000  0.887
   spin  2
    eigenvalues: 
  0.383  0.383  0.547  0.547  0.547
    eigenvectors:
  0.062  0.000  0.188  0.000  0.750
  0.000  0.500  0.000  0.500  0.000
  0.750  0.000  0.250  0.000  0.000
  0.187  0.000  0.563  0.000  0.250
  0.000  0.500  0.000  0.500  0.000
    occupations:
  0.537 -0.000  0.036  0.018  0.000
 -0.000  0.465 -0.000  0.000 -0.082
  0.036 -0.000  0.424 -0.062  0.000
  0.018  0.000 -0.062  0.516 -0.000
  0.000 -0.082  0.000 -0.000  0.465
atomic mag. moment =     2.113733
N of occupied +U levels =    6.927325
 --- exit write_ns ---
 Atomic wfc used for LDA+U Projector are NOT orthogonalized
     Starting wfcs are   30 randomized atomic wfcs

     Band Structure Calculation
     Davidson diagonalization with overlap

     Computing kpt #:     1
     total cpu time spent up to now is       12.3 secs

     Computing kpt #:    32
     total cpu time spent up to now is       29.5 secs

     Computing kpt #:    63
     total cpu time spent up to now is       48.1 secs

     Computing kpt #:   163
     total cpu time spent up to now is      101.3 secs

     Computing kpt #:   241
     total cpu time spent up to now is      144.2 secs

     Computing kpt #:   272
     total cpu time spent up to now is      161.0 secs

     Computing kpt #:   303
     total cpu time spent up to now is      179.6 secs

     Computing kpt #:   403
     total cpu time spent up to now is      235.5 secs

     ethr =  2.22E-11,  avg # of iterations = 19.0

     total cpu time spent up to now is      276.1 secs

     End of band structure calculation

 ------ SPIN UP ------------


          k = 0.0000 0.0000 0.0000 ( 42115 PWs)   bands (ev):

   -86.6481 -50.4218 -50.4218 -50.4218 -22.2273  -8.1615  -6.5642  -6.5642
    -4.3768  -4.3768  -4.3768   5.6456   5.6456   5.6456   6.1126   6.1126
     6.1126   7.3099   7.3099   8.4104   8.4104   8.4104   9.1291   9.1291
     9.1291  15.3662  15.3662  16.3166  18.0967  18.0967

     occupation numbers 
     1.0000   1.0000   1.0000   1.0000   1.0000   1.0000   1.0000   1.0000
     1.0000   1.0000   1.0000   1.0000   1.0000   1.0000   1.0000   1.0000
     1.0000   1.0000   1.0000   1.0000   1.0000   1.0000   1.0000   1.0000
     1.0000   0.0000   0.0000   0.0000   0.0000   0.0000

          k = 0.0488-0.0345 0.0345 ( 42052 PWs)   bands (ev):

   -86.6481 -50.4228 -50.4217 -50.4217 -22.1938  -8.2033  -6.8047  -6.5167
    -4.2982  -4.2982  -3.7851   3.4922   5.4009   5.4009   5.6840   5.6840
     6.1333   7.0502   7.3176   7.5721   8.6020   8.6020   9.1755   9.1755
    10.1131  17.3214  17.5708  18.3183  19.7307  19.7307

     occupation numbers 
     1.0000   1.0000   1.0000   1.0000   1.0000   1.0000   1.0000   1.0000
     1.0000   1.0000   1.0000   1.0000   1.0000   1.0000   1.0000   1.0000
     1.0000   1.0000   1.0000   1.0000   1.0000   1.0000   1.0000   1.0000
     0.6219   0.0000   0.0000   0.0000   0.0000   0.0000

          k = 0.0000-0.0690 0.0690 ( 42164 PWs)   bands (ev):

   -86.6481 -50.4227 -50.4227 -50.4216 -22.1654  -7.1894  -7.1894  -7.1664
    -4.2194  -4.0301  -4.0301   3.2750   3.6075   4.0541   5.1708   5.1708
     6.5471   8.0257   8.0257   8.2978   8.5616   8.8243   8.8243   9.5042
    12.3636  18.1392  18.3196  19.7474  19.7474  20.6336

     occupation numbers 
     1.0000   1.0000   1.0000   1.0000   1.0000   1.0000   1.0000   1.0000
     1.0000   1.0000   1.0000   1.0000   1.0000   1.0000   1.0000   1.0000
     1.0000   1.0000   1.0000   1.0000   1.0000   1.0000   1.0000   1.0000
     0.0000   0.0000   0.0000   0.0000   0.0000   0.0000

          k = 0.0000-0.0202 0.1178 ( 42168 PWs)   bands (ev):

   -86.6481 -50.4226 -50.4226 -50.4226 -22.1402  -6.7619  -6.7619  -6.7619
    -4.7105  -4.7105  -4.7105   3.0227   3.6180   3.6180   4.7090   4.7090
     4.7090   8.8386   8.8386   8.8386   9.5927   9.5927   9.5927  12.3737
    12.3737  17.0409  17.0409  17.0409  20.0775  20.0775

     occupation numbers 
     1.0000   1.0000   1.0000   1.0000   1.0000   1.0000   1.0000   1.0000
     1.0000   1.0000   1.0000   1.0000   1.0000   1.0000   1.0000   1.0000
     1.0000   1.0000   1.0000   1.0000   1.0000   1.0000   1.0000   0.0000
     0.0000   0.0000   0.0000   0.0000   0.0000   0.0000


 ------ SPIN DOWN ----------


          k = 0.0000 0.0000 0.0000 ( 42115 PWs)   bands (ev):

   -83.7428 -47.6270 -47.6270 -47.6270 -22.2142  -7.8414  -6.1549  -6.1549
    -4.3590  -4.3590  -4.3590   5.9202   5.9202   5.9202   8.7802   8.7802
     8.7802   8.8094   8.8094   8.8094   9.4806   9.4806   9.4806  10.1590
    10.1590  15.4284  15.4284  16.4943  18.2226  18.2226

     occupation numbers 
     1.0000   1.0000   1.0000   1.0000   1.0000   1.0000   1.0000   1.0000
     1.0000   1.0000   1.0000   1.0000   1.0000   1.0000   1.0000   1.0000
     1.0000   1.0000   1.0000   1.0000   1.0000   1.0000   1.0000   0.0530
     0.0530   0.0000   0.0000   0.0000   0.0000   0.0000

          k = 0.0488-0.0345 0.0345 ( 42052 PWs)   bands (ev):

   -83.7428 -47.6283 -47.6269 -47.6269 -22.1812  -7.9150  -6.4635  -6.1049
    -4.2816  -4.2816  -3.7107   4.6303   5.9542   5.9542   7.0588   7.0588
     7.3901   7.9093   8.8232   8.9427   8.9427  10.1687  10.6939  10.6939
    12.1453  17.4719  17.6798  18.3438  19.8424  19.8424

     occupation numbers 
     1.0000   1.0000   1.0000   1.0000   1.0000   1.0000   1.0000   1.0000
     1.0000   1.0000   1.0000   1.0000   1.0000   1.0000   1.0000   1.0000
     1.0000   1.0000   1.0000   1.0000   1.0000   0.0268   0.0000   0.0000
     0.0000   0.0000   0.0000   0.0000   0.0000   0.0000

          k = 0.0000-0.0690 0.0690 ( 42164 PWs)   bands (ev):

   -83.7428 -47.6282 -47.6282 -47.6268 -22.1532  -6.9050  -6.9050  -6.7976
    -4.2063  -3.9506  -3.9506   4.0076   4.9912   5.0889   6.6171   6.6171
     6.7985   8.3962   8.3962   9.9350  10.5040  10.5336  10.5336  10.9840
    14.1185  18.2049  18.4398  19.8756  19.8756  20.6738

     occupation numbers 
     1.0000   1.0000   1.0000   1.0000   1.0000   1.0000   1.0000   1.0000
     1.0000   1.0000   1.0000   1.0000   1.0000   1.0000   1.0000   1.0000
     1.0000   1.0000   1.0000   1.0000   0.0000   0.0000   0.0000   0.0000
     0.0000   0.0000   0.0000   0.0000   0.0000   0.0000

          k = 0.0000-0.0202 0.1178 ( 42168 PWs)   bands (ev):

   -83.7428 -47.6281 -47.6281 -47.6281 -22.1282  -6.4180  -6.4180  -6.4180
    -4.6851  -4.6851  -4.6851   3.2996   5.1034   5.1034   5.9255   5.9255
     5.9255  10.0318  10.0318  10.0318  10.8041  10.8041  10.8041  14.1246
    14.1246  17.1249  17.1249  17.1249  20.1029  20.1029

     occupation numbers 
     1.0000   1.0000   1.0000   1.0000   1.0000   1.0000   1.0000   1.0000
     1.0000   1.0000   1.0000   1.0000   1.0000   1.0000   1.0000   1.0000
     1.0000   0.9985   0.9985   0.9985   0.0000   0.0000   0.0000   0.0000
     0.0000   0.0000   0.0000   0.0000   0.0000   0.0000


     the Fermi energy is    10.1198 ev

     Writing output data file pwscf.save/
 
     init_run     :      6.19s CPU     10.44s WALL (       1 calls)
     electrons    :    260.66s CPU    264.39s WALL (       1 calls)

     Called by init_run:
     wfcinit      :      5.96s CPU      9.81s WALL (       1 calls)
     wfcinit:atom :      0.15s CPU      0.19s WALL (     480 calls)
     wfcinit:wfcr :     12.47s CPU     12.73s WALL (     480 calls)
     potinit      :      0.02s CPU      0.18s WALL (       1 calls)
     hinit0       :      0.10s CPU      0.11s WALL (       1 calls)

     Called by electrons:
     c_bands      :    260.65s CPU    264.36s WALL (       1 calls)
     v_of_rho     :      0.01s CPU      0.01s WALL (       1 calls)
     v_h          :      0.00s CPU      0.00s WALL (       1 calls)
     v_xc         :      0.00s CPU      0.00s WALL (       1 calls)

     Called by c_bands:
     init_us_2    :      0.18s CPU      0.29s WALL (     960 calls)
     cegterg      :    233.64s CPU    236.48s WALL (     556 calls)

     Called by sum_band:

     Called by *egterg:
     h_psi        :    136.37s CPU    138.29s WALL (   10138 calls)
     g_psi        :      0.72s CPU      0.72s WALL (    9102 calls)
     cdiaghg      :     67.68s CPU     68.42s WALL (    9582 calls)
     cegterg:over :     17.77s CPU     17.90s WALL (    9102 calls)
     cegterg:upda :     13.91s CPU     14.10s WALL (    9102 calls)
     cegterg:last :      7.12s CPU      7.24s WALL (    1998 calls)
     cdiaghg:chol :      2.81s CPU      2.84s WALL (    9582 calls)
     cdiaghg:inve :      1.59s CPU      1.60s WALL (    9582 calls)
     cdiaghg:para :      2.89s CPU      3.00s WALL (   19164 calls)

     Called by h_psi:
     h_psi:pot    :    133.32s CPU    135.20s WALL (   10138 calls)
     h_psi:calbec :      3.79s CPU      3.85s WALL (   10138 calls)
     vloc_psi     :    127.07s CPU    128.86s WALL (   10138 calls)
     add_vuspsi   :      2.39s CPU      2.43s WALL (   10138 calls)
     vhpsi        :      2.21s CPU      2.24s WALL (   10138 calls)

     General routines
     calbec       :     10.83s CPU     11.09s WALL (   20756 calls)
     fft          :      0.01s CPU      0.01s WALL (       8 calls)
     ffts         :      0.00s CPU      0.00s WALL (       2 calls)
     fftw         :    117.06s CPU    118.71s WALL (  395436 calls)
     interpolate  :      0.00s CPU      0.01s WALL (       2 calls)
     davcio       :      0.29s CPU      4.24s WALL (    1920 calls)
 
     Parallel routines
     fft_scatt_xy :     11.92s CPU     12.08s WALL (  395446 calls)
     fft_scatt_yz :     51.83s CPU     52.63s WALL (  395446 calls)

     Hubbard U routines
     vhpsi        :      2.21s CPU      2.24s WALL (   10138 calls)
 
     PWSCF        :  4m33.69s CPU     5m50.34s WALL

 
   This run was terminated on:  11:15:31  28Jun2019            

=------------------------------------------------------------------------------=
   JOB DONE.
=------------------------------------------------------------------------------=
