----- GAMESS execution script 'rungms' -----
This job is running on host sven
under operating system Linux at Wed Feb 17 22:03:01 CST 2016
Available scratch disk space (Kbyte units) at beginning of the job is
Filesystem     1K-blocks      Used Available Use% Mounted on
/dev/md0       403987152 307848680  75617052  81% /mnt/stripe
GAMESS temporary binary files will be written to /mnt/stripe/mdewing/scr
GAMESS supplementary output files will be written to /mnt/stripe/mdewing/userscr
Copying input file be_ccd.inp to your run's scratch directory...

 Distributed Data Interface kickoff program.
 Initiating 1 compute processes on 1 nodes to run the following command:
 /home/mdewing/data/physics/gamess/gamess/gamess.00.x be_ccd 

          ******************************************************
          *         GAMESS VERSION =  5 DEC 2014 (R1)          *
          *             FROM IOWA STATE UNIVERSITY             *
          * M.W.SCHMIDT, K.K.BALDRIDGE, J.A.BOATZ, S.T.ELBERT, *
          *   M.S.GORDON, J.H.JENSEN, S.KOSEKI, N.MATSUNAGA,   *
          *          K.A.NGUYEN, S.J.SU, T.L.WINDUS,           *
          *       TOGETHER WITH M.DUPUIS, J.A.MONTGOMERY       *
          *         J.COMPUT.CHEM.  14, 1347-1363(1993)        *
          **************** 64 BIT LINUX VERSION ****************

  SINCE 1993, STUDENTS AND POSTDOCS WORKING AT IOWA STATE UNIVERSITY
  AND ALSO IN THEIR VARIOUS JOBS AFTER LEAVING ISU HAVE MADE IMPORTANT
  CONTRIBUTIONS TO THE CODE:
     IVANA ADAMOVIC, CHRISTINE AIKENS, YURI ALEXEEV, POOJA ARORA,
     ANDREY ASADCHEV, ROB BELL, PRADIPTA BANDYOPADHYAY, JONATHAN BENTZ,
     BRETT BODE, KURT BRORSEN, CALEB CARLIN, GALINA CHABAN, WEI CHEN,
     CHEOL HO CHOI, PAUL DAY, ALBERT DEFUSCO, NUWAN DESILVA, TIM DUDLEY,
     DMITRI FEDOROV, GRAHAM FLETCHER, MARK FREITAG, KURT GLAESEMANN,
     DAN KEMP, GRANT MERRILL, NORIYUKI MINEZAWA, JONATHAN MULLIN,
     TAKESHI NAGATA, SEAN NEDD, HEATHER NETZLOFF, BOSILJKA NJEGIC, RYAN OLSON,
     MIKE PAK, SPENCER PRUITT, LUKE ROSKOP, JIM SHOEMAKER, LYUDMILA SLIPCHENKO,
     TONY SMITH, SAROM SOK, JIE SONG, TETSUYA TAKETSUGU, SIMON WEBB,
     PENG XU, SOOHAENG YOO, FEDERICO ZAHARIEV

  ADDITIONAL CODE HAS BEEN PROVIDED BY COLLABORATORS IN OTHER GROUPS:
     IOWA STATE UNIVERSITY:
          JOE IVANIC, AARON WEST, LAIMUTIS BYTAUTAS, KLAUS RUEDENBERG
     UNIVERSITY OF TOKYO: KIMIHIKO HIRAO, TAKAHITO NAKAJIMA,
          TAKAO TSUNEDA, MUNEAKI KAMIYA, SUSUMU YANAGISAWA,
          KIYOSHI YAGI, MAHITO CHIBA, SEIKEN TOKURA, NAOAKI KAWAKAMI
     UNIVERSITY OF AARHUS: FRANK JENSEN
     UNIVERSITY OF IOWA: VISVALDAS KAIRYS, HUI LI
     NATIONAL INST. OF STANDARDS AND TECHNOLOGY: WALT STEVENS, DAVID GARMER
     UNIVERSITY OF PISA: BENEDETTA MENNUCCI, JACOPO TOMASI
     UNIVERSITY OF MEMPHIS: HENRY KURTZ, PRAKASHAN KORAMBATH
     UNIVERSITY OF ALBERTA: TOBY ZENG, MARIUSZ KLOBUKOWSKI
     UNIVERSITY OF NEW ENGLAND: MARK SPACKMAN
     MIE UNIVERSITY: HIROAKI UMEDA
     NAT. INST. OF ADVANCED INDUSTRIAL SCIENCE AND TECHNOLOGY: KAZUO KITAURA
     MICHIGAN STATE UNIVERSITY:
          KAROL KOWALSKI, MARTA WLOCH, JEFFREY GOUR, JESSE LUTZ,
          WEI LI, PIOTR PIECUCH
     UNIVERSITY OF SILESIA: MONIKA MUSIAL, STANISLAW KUCHARSKI
     FACULTES UNIVERSITAIRES NOTRE-DAME DE LA PAIX:
          OLIVIER QUINET, BENOIT CHAMPAGNE
     UNIVERSITY OF CALIFORNIA - SANTA BARBARA: BERNARD KIRTMAN
     INSTITUTE FOR MOLECULAR SCIENCE:
          KAZUYA ISHIMURA, MICHIO KATOUDA, AND SHIGERU NAGASE
     UNIVERSITY OF NOTRE DAME: ANNA POMOGAEVA, DAN CHIPMAN
     KYUSHU UNIVERSITY:
          HARUYUKI NAKANO,
          FENG LONG GU, JACEK KORCHOWIEC, MARCIN MAKOWSKI, AND YURIKO AOKI,
          HIROTOSHI MORI AND EISAKU MIYOSHI
     PENNSYLVANIA STATE UNIVERSITY:
          TZVETELIN IORDANOV, CHET SWALINA, JONATHAN SKONE,
          SHARON HAMMES-SCHIFFER
     WASEDA UNIVERSITY:
          MASATO KOBAYASHI, TOMOKO AKAMA, TSUGUKI TOUMA,
          TAKESHI YOSHIKAWA, YASUHIRO IKABATA, HIROMI NAKAI
     NANJING UNIVERSITY: SHUHUA LI
     UNIVERSITY OF NEBRASKA:
          PEIFENG SU, DEJUN SI, NANDUN THELLAMUREGE, YALI WANG, HUI LI
     UNIVERSITY OF ZURICH: ROBERTO PEVERATI, KIM BALDRIDGE
     N. COPERNICUS UNIVERSITY AND JACKSON STATE UNIVERSITY:
          MARIA BARYSZ
     UNIVERSITY OF COPENHAGEN: CASPER STEINMANN
     TOKYO INSTITUTE OF TECHNOLOGY: HIROYA NAKATA
     NAGOYA UNIVERSITY: YOSHIO NISHIMOTO, STEPHAN IRLE

 EXECUTION OF GAMESS BEGUN Wed Feb 17 22:03:01 2016

            ECHO OF THE FIRST FEW INPUT CARDS -
 INPUT CARD> $contrl coord=cart icharg=0 ispher=1 mult=1 scftyp=rhf  $end                   
 INPUT CARD> $basis  gbasis=CCD  $end                                                       
 INPUT CARD> $DATA                                                                          
 INPUT CARD>A molecule.                                                                     
 INPUT CARD>C1                                                                              
 INPUT CARD>Be 4.00       0.00000000       0.00000000       0.00000000                      
 INPUT CARD> $END                                                                           
    1000000 WORDS OF MEMORY AVAILABLE


                    * * * WARNING * * *
 OLD KEYWORD COORD=CART SELECTED, AUTOMATICALLY CHANGED TO COORD=PRINAXIS.
 YOUR MOLECULE'S COORDINATES WILL BE CHANGED TO PRINCIPAL AXES BY
   A) TRANSLATION TO THE CENTER OF MASS, THEN
   B) ROTATION TO HAVE A DIAGONAL MOMENT OF INERTIA TENSOR.

 HOWEVER, NOTHING ELSE IN YOUR INPUT WILL BE ROTATED IN THE SAME WAY,
 SO IF YOU HAVE A $VEC, $VIB, $GRAD, $HESS, EFP PARTICLE COORDINATES,
 OR ANYTHING ELSE THAT DEPENDS ON THE INITIAL ORIENTATION, THAT DATA
 WILL NOT BE USED CORRECTLY IN THIS RUN.

 THE PURPOSE OF COORD=PRINAXIS IS TO BE USED ONCE, ONLY AT THE VERY
 BEGINNING OF A SERIES OF COMPUTATIONS, PERHAPS TO FIND THE SYMMETRY
 UNIQUE ATOMS FROM AN ARBITRARY INITIAL ORIENTATION.

 AFTER THE FIRST RUN, YOU SHOULD USE ONLY COORD=UNIQUE, TO ENSURE THAT
 THE COORDINATES WHICH YOU READ IN ARE THE COORDINATES THAT ARE USED.


     BASIS OPTIONS
     -------------
     GBASIS=CCD          IGAUSS=       0      POLAR=NONE    
     NDFUNC=       0     NFFUNC=       0     DIFFSP=       F
     NPFUNC=       0      DIFFS=       F     BASNAM=        


     RUN TITLE
     ---------
 A molecule.                                                                     

 THE POINT GROUP OF THE MOLECULE IS C1      
 THE ORDER OF THE PRINCIPAL AXIS IS     0

 THE MOMENTS OF INERTIA ARE (AMU-ANGSTROM**2)
 IXX=     0.000   IYY=     0.000   IZZ=     0.000

 ATOM      ATOMIC                      COORDINATES (BOHR)
           CHARGE         X                   Y                   Z
 BE          4.0     0.0000000000        0.0000000000        0.0000000000

          INTERNUCLEAR DISTANCES (ANGS.)
          ------------------------------

                1 BE    

   1 BE      0.0000000  

  * ... LESS THAN  3.000


     ATOMIC BASIS SET
     ----------------
 THE CONTRACTED PRIMITIVE FUNCTIONS HAVE BEEN UNNORMALIZED
 THE CONTRACTED BASIS FUNCTIONS ARE NOW NORMALIZED TO UNITY

  SHELL TYPE  PRIMITIVE        EXPONENT          CONTRACTION COEFFICIENT(S)

 BE        

      1   S       1          2940.0000000    0.000679557286
      1   S       2           441.2000000    0.005232591106
      1   S       3           100.5000000    0.026588678182
      1   S       4            28.4300000    0.099927899626
      1   S       5             9.1690000    0.269526410699
      1   S       6             3.1960000    0.451175071419
      1   S       7             1.1590000    0.294881892276
      1   S       8             0.1811000    0.012578805242

      2   S       9          2940.0000000   -0.000251513602
      2   S      10           441.2000000   -0.001975301949
      2   S      11           100.5000000   -0.009878554573
      2   S      12            28.4300000   -0.039493770033
      2   S      13             9.1690000   -0.108948331125
      2   S      14             3.1960000   -0.246857533378
      2   S      15             1.1590000   -0.272851361930
      2   S      16             0.1811000    1.085326179920

      3   S      17             0.0589000    1.000000000000

      4   P      18             3.6190000    0.045560678996
      4   P      19             0.7110000    0.265067651340
      4   P      20             0.1951000    0.803596410839

      5   P      21             0.0601800    1.000000000000

      6   D      22             0.2354000    1.000000000000

 TOTAL NUMBER OF BASIS SET SHELLS             =    6
 NUMBER OF CARTESIAN GAUSSIAN BASIS FUNCTIONS =   15
 NOTE: THIS RUN WILL RESTRICT THE MO VARIATION SPACE TO SPHERICAL HARMONICS.
 THE NUMBER OF ORBITALS KEPT IN THE VARIATIONAL SPACE WILL BE PRINTED LATER.
 NUMBER OF ELECTRONS                          =    4
 CHARGE OF MOLECULE                           =    0
 SPIN MULTIPLICITY                            =    1
 NUMBER OF OCCUPIED ORBITALS (ALPHA)          =    2
 NUMBER OF OCCUPIED ORBITALS (BETA )          =    2
 TOTAL NUMBER OF ATOMS                        =    1
 THE NUCLEAR REPULSION ENERGY IS        0.0000000000

 THIS MOLECULE IS RECOGNIZED AS BEING LINEAR,
 ORBITAL LZ DEGENERACY TOLERANCE ETOLLZ= 1.00E-06

     $CONTRL OPTIONS
     ---------------
 SCFTYP=RHF          RUNTYP=ENERGY       EXETYP=RUN     
 MPLEVL=       0     CITYP =NONE         CCTYP =NONE         VBTYP =NONE    
 DFTTYP=NONE         TDDFT =NONE    
 MULT  =       1     ICHARG=       0     NZVAR =       0     COORD =PRINAXIS
 PP    =NONE         RELWFN=NONE         LOCAL =NONE         NUMGRD=       F
 ISPHER=       1     NOSYM =       0     MAXIT =      30     UNITS =ANGS    
 PLTORB=       F     MOLPLT=       F     AIMPAC=       F     FRIEND=        
 NPRINT=       7     IREST =       0     GEOM  =INPUT   
 NORMF =       0     NORMP =       0     ITOL  =      20     ICUT  =       9
 INTTYP=BEST         GRDTYP=BEST         QMTTOL= 1.0E-06

     $SYSTEM OPTIONS
     ---------------
  REPLICATED MEMORY=     1000000 WORDS (ON EVERY NODE).
 DISTRIBUTED MEMDDI=           0 MILLION WORDS IN AGGREGATE,
 MEMDDI DISTRIBUTED OVER   1 PROCESSORS IS           0 WORDS/PROCESSOR.
 TOTAL MEMORY REQUESTED ON EACH PROCESSOR=     1000000 WORDS.
 TIMLIM=      525600.00 MINUTES, OR     365.0 DAYS.
 PARALL= F  BALTYP=  DLB     KDIAG=    0  COREFL= F
 MXSEQ2=     300 MXSEQ3=     150  mem10=         0

          ----------------
          PROPERTIES INPUT
          ----------------

     MOMENTS            FIELD           POTENTIAL          DENSITY
 IEMOM =       1   IEFLD =       0   IEPOT =       0   IEDEN =       0
 WHERE =COMASS     WHERE =NUCLEI     WHERE =NUCLEI     WHERE =NUCLEI  
 OUTPUT=BOTH       OUTPUT=BOTH       OUTPUT=BOTH       OUTPUT=BOTH    
 IEMINT=       0   IEFINT=       0                     IEDINT=       0
                                                       MORB  =       0
          EXTRAPOLATION IN EFFECT
          SOSCF IN EFFECT
 ORBITAL PRINTING OPTION: NPREO=     1    15     2     1

     -------------------------------
     INTEGRAL TRANSFORMATION OPTIONS
     -------------------------------
     NWORD  =            0
     CUTOFF = 1.0E-09     MPTRAN =       0
     DIRTRF =       F     AOINTS =DUP     

          ----------------------
          INTEGRAL INPUT OPTIONS
          ----------------------
 NOPK  =       1 NORDER=       0 SCHWRZ=       F

     ------------------------------------------
     THE POINT GROUP IS C1 , NAXIS= 0, ORDER= 1
     ------------------------------------------

 -- VARIATIONAL SPACE WILL BE RESTRICTED TO PURE SPHERICAL HARMONICS ONLY --
 AFTER EXCLUDING CONTAMINANT COMBINATIONS FROM THE CARTESIAN GAUSSIAN BASIS
 SET, THE NUMBER OF SPHERICAL HARMONICS KEPT IN THE VARIATION SPACE IS   14

     DIMENSIONS OF THE SYMMETRY SUBSPACES ARE
 A   =   14

 ..... DONE SETTING UP THE RUN .....
 STEP CPU TIME =     0.00 TOTAL CPU TIME =        0.0 (    0.0 MIN)
 TOTAL WALL CLOCK TIME=        0.0 SECONDS, CPU UTILIZATION IS   0.00%

          ********************
          1 ELECTRON INTEGRALS
          ********************
 ...... END OF ONE-ELECTRON INTEGRALS ......
 STEP CPU TIME =     0.00 TOTAL CPU TIME =        0.0 (    0.0 MIN)
 TOTAL WALL CLOCK TIME=        0.0 SECONDS, CPU UTILIZATION IS   0.00%

          -------------
          GUESS OPTIONS
          -------------
          GUESS =HUCKEL            NORB  =       0          NORDER=       0
          MIX   =       F          PRTMO =       F          PUNMO =       F
          TOLZ  = 1.0E-08          TOLE  = 1.0E-05
          SYMDEN=       F          PURIFY=       F

 INITIAL GUESS ORBITALS GENERATED BY HUCKEL   ROUTINE.
 HUCKEL GUESS REQUIRES      2467 WORDS.

 STATISTICS FOR GENERATION OF SYMMETRY ORBITAL -Q- MATRIX
 NUMBER OF CARTESIAN ATOMIC ORBITALS=         15
 NUMBER OF SPHERICAL CONTAMINANTS DROPPED=     1
 NUMBER OF LINEARLY DEPENDENT MOS DROPPED=     0
 TOTAL NUMBER OF MOS IN VARIATION SPACE=      14

 SYMMETRIES FOR INITIAL GUESS ORBITALS FOLLOW.   BOTH SET(S).
     2 ORBITALS ARE OCCUPIED (    1 CORE ORBITALS).
     2=A        3=A        4=A        5=A        6=A        7=A        8=A   
     9=A       10=A       11=A       12=A   
 ...... END OF INITIAL ORBITAL SELECTION ......
 STEP CPU TIME =     0.01 TOTAL CPU TIME =        0.0 (    0.0 MIN)
 TOTAL WALL CLOCK TIME=        0.0 SECONDS, CPU UTILIZATION IS  50.00%

                    ----------------------
                    AO INTEGRAL TECHNOLOGY
                    ----------------------
     S,P,L SHELL ROTATED AXIS INTEGRALS, REPROGRAMMED BY
        KAZUYA ISHIMURA (IMS) AND JOSE SIERRA (SYNSTAR).
     S,P,D,L SHELL ROTATED AXIS INTEGRALS PROGRAMMED BY
        KAZUYA ISHIMURA (INSTITUTE FOR MOLECULAR SCIENCE).
     S,P,D,F,G SHELL TO TOTAL QUARTET ANGULAR MOMENTUM SUM 5,
        ERIC PROGRAM BY GRAHAM FLETCHER (ELORET AND NASA ADVANCED
        SUPERCOMPUTING DIVISION, AMES RESEARCH CENTER).
     S,P,D,F,G,L SHELL GENERAL RYS QUADRATURE PROGRAMMED BY
        MICHEL DUPUIS (PACIFIC NORTHWEST NATIONAL LABORATORY).

          --------------------
          2 ELECTRON INTEGRALS
          --------------------

 THE -PK- OPTION IS OFF, THE INTEGRALS ARE NOT IN SUPERMATRIX FORM.
 STORING   15000 INTEGRALS/RECORD ON DISK, USING 12 BYTES/INTEGRAL.
 TWO ELECTRON INTEGRAL EVALUATION REQUIRES   90417 WORDS OF MEMORY.
 II,JST,KST,LST =  1  1  1  1 NREC =         1 INTLOC =    1
 II,JST,KST,LST =  2  1  1  1 NREC =         1 INTLOC =    2
 II,JST,KST,LST =  3  1  1  1 NREC =         1 INTLOC =    7
 II,JST,KST,LST =  4  1  1  1 NREC =         1 INTLOC =   22
 II,JST,KST,LST =  5  1  1  1 NREC =         1 INTLOC =   67
 II,JST,KST,LST =  6  1  1  1 NREC =         1 INTLOC =  214
 TOTAL NUMBER OF NONZERO TWO-ELECTRON INTEGRALS =                1188
          1 INTEGRAL RECORDS WERE STORED ON DISK FILE  8.
  ...... END OF TWO-ELECTRON INTEGRALS .....
 STEP CPU TIME =     0.01 TOTAL CPU TIME =        0.0 (    0.0 MIN)
 TOTAL WALL CLOCK TIME=        0.0 SECONDS, CPU UTILIZATION IS  66.67%

          --------------------------
                 RHF SCF CALCULATION
          --------------------------

     NUCLEAR ENERGY =         0.0000000000
     MAXIT =   30     NPUNCH=    2
     EXTRAP=T  DAMP=F  SHIFT=F  RSTRCT=F  DIIS=F  DEM=F  SOSCF=T
     DENSITY MATRIX CONV=  1.00E-05
     SOSCF WILL OPTIMIZE      24 ORBITAL ROTATIONS, SOGTOL=   0.250
     MEMORY REQUIRED FOR RHF ITERS=     31881 WORDS.

 ITER EX DEM     TOTAL ENERGY        E CHANGE  DENSITY CHANGE     ORB. GRAD
   1  0  0      -14.5592305233   -14.5592305233   0.289956160   0.000000000
          ---------------START SECOND ORDER SCF---------------
   2  1  0      -14.5718029082    -0.0125723849   0.067105522   0.010959602
   3  2  0      -14.5723106455    -0.0005077373   0.020422432   0.002501485
   4  3  0      -14.5723376272    -0.0000269817   0.000070881   0.000091441
   5  4  0      -14.5723376309    -0.0000000037   0.000003958   0.000005413
   6  5  0      -14.5723376310    -0.0000000000   0.000000000   0.000000000

          -----------------
          DENSITY CONVERGED
          -----------------
     TIME TO FORM FOCK OPERATORS=       0.0 SECONDS (       0.0 SEC/ITER)
     TIME TO SOLVE SCF EQUATIONS=       0.0 SECONDS (       0.0 SEC/ITER)

 FINAL RHF ENERGY IS      -14.5723376310 AFTER   6 ITERATIONS

 LZ VALUE ANALYSIS FOR THE MOS
 ----------------------------------------
 MO     1 (    1) HAS LZ(WEIGHT)= 0.00(100.0%) 
 MO     2 (    2) HAS LZ(WEIGHT)= 0.00(100.0%) 
 MO     3 (    3) HAS LZ(WEIGHT)=-1.00( 50.0%)  1.00( 50.0%) 
 MO     4 (    3) HAS LZ(WEIGHT)=-1.00( 50.0%)  1.00( 50.0%) 
 MO     5 (    3) HAS LZ(WEIGHT)= 0.00(100.0%) 
 MO     6 (    4) HAS LZ(WEIGHT)= 0.00(100.0%) 
 MO     7 (    5) HAS LZ(WEIGHT)= 0.00(100.0%) 
 MO     8 (    5) HAS LZ(WEIGHT)=-1.00( 50.0%)  1.00( 50.0%) 
 MO     9 (    5) HAS LZ(WEIGHT)=-1.00( 50.0%)  1.00( 50.0%) 
 MO    10 (    6) HAS LZ(WEIGHT)=-1.00( 50.0%)  1.00( 50.0%) 
 MO    11 (    6) HAS LZ(WEIGHT)=-1.00( 50.0%)  1.00( 50.0%) 
 MO    12 (    6) HAS LZ(WEIGHT)=-2.00( 50.0%)  2.00( 50.0%) 
 MO    13 (    6) HAS LZ(WEIGHT)= 0.00(100.0%) 
 MO    14 (    6) HAS LZ(WEIGHT)=-2.00( 50.0%)  2.00( 50.0%) 

          ------------
          EIGENVECTORS
          ------------

                      1          2          3          4          5
                   -4.7323    -0.3090     0.0583     0.0583     0.0583
                     A          A          A          A          A   
    1  BE 1  S    1.000651   0.000001  -0.000000   0.000000   0.000000
    2  BE 1  S    0.000000   0.489040  -0.000000   0.000000   0.000000
    3  BE 1  S   -0.003756   0.580116  -0.000000   0.000000   0.000000
    4  BE 1  X   -0.000000   0.000000   0.299588   0.000000   0.000000
    5  BE 1  Y   -0.000000   0.000000  -0.000000   0.299588   0.000000
    6  BE 1  Z   -0.000000   0.000000  -0.000000   0.000000   0.299588
    7  BE 1  X   -0.000000   0.000000   0.793317   0.000000   0.000000
    8  BE 1  Y   -0.000000   0.000000  -0.000000   0.793317   0.000000
    9  BE 1  Z   -0.000000   0.000000  -0.000000   0.000000   0.793317
   10  BE 1 XX   -0.000000   0.000000  -0.000000   0.000000   0.000000
   11  BE 1 YY   -0.000000   0.000000  -0.000000   0.000000   0.000000
   12  BE 1 ZZ   -0.000000   0.000000  -0.000000   0.000000   0.000000
   13  BE 1 XY   -0.000000   0.000000  -0.000000   0.000000   0.000000
   14  BE 1 XZ   -0.000000   0.000000  -0.000000   0.000000   0.000000
   15  BE 1 YZ   -0.000000   0.000000  -0.000000   0.000000   0.000000

                      6          7          8          9         10
                    0.2988     0.3502     0.3502     0.3502     0.6443
                     A          A          A          A          A   
    1  BE 1  S    0.622748  -0.000000  -0.000000  -0.000000   0.000000
    2  BE 1  S    1.677969  -0.000000  -0.000000  -0.000000   0.000000
    3  BE 1  S   -1.639557  -0.000000  -0.000000  -0.000000   0.000000
    4  BE 1  X    0.000000  -0.000000   1.202846  -0.000000   0.000000
    5  BE 1  Y    0.000000  -0.000000  -0.000000   1.202846   0.000000
    6  BE 1  Z    0.000000   1.202846  -0.000000  -0.000000   0.000000
    7  BE 1  X    0.000000  -0.000000  -0.952491  -0.000000   0.000000
    8  BE 1  Y    0.000000  -0.000000  -0.000000  -0.952491   0.000000
    9  BE 1  Z    0.000000  -0.952491  -0.000000  -0.000000   0.000000
   10  BE 1 XX    0.000000  -0.000000  -0.000000  -0.000000   0.000000
   11  BE 1 YY    0.000000  -0.000000  -0.000000  -0.000000   0.000000
   12  BE 1 ZZ    0.000000  -0.000000  -0.000000  -0.000000   0.000000
   13  BE 1 XY    0.000000  -0.000000  -0.000000  -0.000000   0.000000
   14  BE 1 XZ    0.000000  -0.000000  -0.000000  -0.000000   1.000000
   15  BE 1 YZ    0.000000  -0.000000  -0.000000  -0.000000   0.000000

                     11         12         13         14
                    0.6443     0.6443     0.6443     0.6443
                     A          A          A          A   
    1  BE 1  S    0.000000   0.000000   0.000000   0.000000
    2  BE 1  S    0.000000   0.000000   0.000000   0.000000
    3  BE 1  S    0.000000   0.000000   0.000000   0.000000
    4  BE 1  X    0.000000   0.000000   0.000000   0.000000
    5  BE 1  Y    0.000000   0.000000   0.000000   0.000000
    6  BE 1  Z    0.000000   0.000000   0.000000   0.000000
    7  BE 1  X    0.000000   0.000000   0.000000   0.000000
    8  BE 1  Y    0.000000   0.000000   0.000000   0.000000
    9  BE 1  Z    0.000000   0.000000   0.000000   0.000000
   10  BE 1 XX    0.000000   0.000000  -0.500000   0.866025
   11  BE 1 YY    0.000000   0.000000  -0.500000  -0.866025
   12  BE 1 ZZ    0.000000   0.000000   1.000000   0.000000
   13  BE 1 XY    0.000000   1.000000   0.000000   0.000000
   14  BE 1 XZ    0.000000   0.000000   0.000000   0.000000
   15  BE 1 YZ    1.000000   0.000000   0.000000   0.000000
 ...... END OF RHF CALCULATION ......
 STEP CPU TIME =     0.00 TOTAL CPU TIME =        0.0 (    0.0 MIN)
 TOTAL WALL CLOCK TIME=        0.0 SECONDS, CPU UTILIZATION IS  50.00%

     ----------------------------------------------------------------
     PROPERTY VALUES FOR THE RHF   SELF-CONSISTENT FIELD WAVEFUNCTION
     ----------------------------------------------------------------

          -----------------
          ENERGY COMPONENTS
          -----------------

         WAVEFUNCTION NORMALIZATION =       1.0000000000

                ONE ELECTRON ENERGY =     -19.0619458525
                TWO ELECTRON ENERGY =       4.4896082216
           NUCLEAR REPULSION ENERGY =       0.0000000000
                                      ------------------
                       TOTAL ENERGY =     -14.5723376310

 ELECTRON-ELECTRON POTENTIAL ENERGY =       4.4896082216
  NUCLEUS-ELECTRON POTENTIAL ENERGY =     -33.6342994352
   NUCLEUS-NUCLEUS POTENTIAL ENERGY =       0.0000000000
                                      ------------------
             TOTAL POTENTIAL ENERGY =     -29.1446912136
               TOTAL KINETIC ENERGY =      14.5723535827
                 VIRIAL RATIO (V/T) =       1.9999989053

          ---------------------------------------
          MULLIKEN AND LOWDIN POPULATION ANALYSES
          ---------------------------------------

     ATOMIC MULLIKEN POPULATION IN EACH MOLECULAR ORBITAL

                      1          2

                  2.000000   2.000000

    1             2.000000   2.000000

               ----- POPULATIONS IN EACH AO -----
                             MULLIKEN      LOWDIN
              1  BE 1  S      2.00129     1.92285
              2  BE 1  S      0.90263     0.65606
              3  BE 1  S      1.09609     0.74835
              4  BE 1  X      0.00000     0.00000
              5  BE 1  Y      0.00000     0.00000
              6  BE 1  Z      0.00000     0.00000
              7  BE 1  X      0.00000     0.00000
              8  BE 1  Y      0.00000     0.00000
              9  BE 1  Z      0.00000     0.00000
             10  BE 1 XX      0.00000     0.22425
             11  BE 1 YY      0.00000     0.22425
             12  BE 1 ZZ      0.00000     0.22425
             13  BE 1 XY      0.00000     0.00000
             14  BE 1 XZ      0.00000     0.00000
             15  BE 1 YZ      0.00000     0.00000

          ----- MULLIKEN ATOMIC OVERLAP POPULATIONS -----
          (OFF-DIAGONAL ELEMENTS NEED TO BE MULTIPLIED BY 2)

             1

    1    4.0000000

          TOTAL MULLIKEN AND LOWDIN ATOMIC POPULATIONS
       ATOM         MULL.POP.    CHARGE          LOW.POP.     CHARGE
    1 BE            4.000000    0.000000         4.000000   -0.000000

          MULLIKEN SPHERICAL HARMONIC POPULATIONS
       ATOM           S       P       D      F      G      H      I    TOTAL
    1 BE            4.00    0.00    0.00   0.00   0.00   0.00   0.00    4.00

          -------------------------------
          BOND ORDER AND VALENCE ANALYSIS     BOND ORDER THRESHOLD=0.050
          -------------------------------

                   BOND                       BOND                       BOND
  ATOM PAIR DIST  ORDER      ATOM PAIR DIST  ORDER      ATOM PAIR DIST  ORDER

                       TOTAL       BONDED        FREE
      ATOM            VALENCE     VALENCE     VALENCE
    1 BE               -0.000       0.000      -0.000

          ---------------------
          ELECTROSTATIC MOMENTS
          ---------------------

 POINT   1           X           Y           Z (BOHR)    CHARGE
                 0.000000    0.000000    0.000000        0.00 (A.U.)
         DX          DY          DZ         /D/  (DEBYE)
     0.000000    0.000000    0.000000    0.000000
 ...... END OF PROPERTY EVALUATION ......
 STEP CPU TIME =     0.01 TOTAL CPU TIME =        0.0 (    0.0 MIN)
 TOTAL WALL CLOCK TIME=        0.0 SECONDS, CPU UTILIZATION IS  75.00%
               580000  WORDS OF DYNAMIC MEMORY USED
 EXECUTION OF GAMESS TERMINATED NORMALLY Wed Feb 17 22:03:01 2016
 DDI: 263640 bytes (0.3 MB / 0 MWords) used by master data server.

 ----------------------------------------
 CPU timing information for all processes
 ========================================
 0: 0.32 + 0.08 = 0.40
 ----------------------------------------
 ddikick.x: exited gracefully.
----- accounting info -----
Files used on the master node sven were:
-rw-rw-r-- 1 mdewing mdewing     175 Feb 17 22:03 /mnt/stripe/mdewing/scr/be_ccd.F05
-rw-rw-r-- 1 mdewing mdewing  180016 Feb 17 22:03 /mnt/stripe/mdewing/scr/be_ccd.F08
-rw-rw-r-- 1 mdewing mdewing 1537840 Feb 17 22:03 /mnt/stripe/mdewing/scr/be_ccd.F10
Wed Feb 17 22:03:04 CST 2016
0.108u 0.016s 0:03.22 3.4%	0+0k 0+16io 0pf+0w
