nohup: ignoring input
Rank =    0  Free Memory = 16886 MB
  Input file(s): qmc_short_vmc_dmc.in.xml 

=====================================================
                    QMCPACK 1.0.0 

  (c) Copyright 2003-  QMCPACK developers            

  Subversion branch 0
  Last modified     2001-01-01
=====================================================
  Global options 
  async_swap=0 : using blocking send/recv for walker swaps 

  MPI Nodes            = 1
  MPI Nodes per group  = 1
  MPI Group ID         = 0
  OMP_NUM_THREADS      = 16

  Input XML = qmc_short_vmc_dmc.in.xml

  Project = qmc_short_vmc_dmc
  date    = 2016-09-26 16:40:38 EDT
  host    = oxygen.ornl.gov

  DO NOT READ DENSITY
  Offset for the random number seeds based on time 966
  Random number offset = 966  seeds = 7621-7757
        7621        7639        7643        7649        7669        7673        7681        7687
        7691        7699        7703        7717        7723        7727        7741        7753
        7757        7759
  Random seeds Node = 0:        7639        7643        7649        7669        7673        7681        7687        7691        7699        7703        7717        7723        7727        7741        7753        7757
  Create Global SuperCell 
  Simulation cell radius = 1.947495
  Wigner-Seitz    radius = 2.385185
<unitcell>
<parameter name="lattice">
      3.3731611500      3.3731611500      0.0000000000
      0.0000000000      3.3731611500      3.3731611500
      3.3731611500      0.0000000000      3.3731611500
</parameter>
<parameter name="bconds">  p  p  p </parameter>
<note>
Volume (A^3) = 76.7611133056
Reciprocal vectors without 2*pi.
g_1 =       0.1482289098      0.1482289098     -0.1482289098
g_2 =      -0.1482289098      0.1482289098      0.1482289098
g_3 =       0.1482289098     -0.1482289098      0.1482289098
Metric tensor in real-space.
h_1 = 22.7564322877 11.3782161439 11.3782161439 
h_2 = 11.3782161439 22.7564322877 11.3782161439 
h_3 = 11.3782161439 11.3782161439 22.7564322877 
Metric tensor in g-space.
h_1 = 2.6022368383 -0.8674122794 -0.8674122794 
h_2 = -0.8674122794 2.6022368383 -0.8674122794 
h_3 = -0.8674122794 -0.8674122794 2.6022368383 
</note>
<note>
	Long-range breakup parameters:
	rc*kc = 15.0000000000; rc = 1000000.0000000000; kc = 0.0000000000

</note>
</unitcell>
  Creating e particleset
  Initializing the lattice of e by the global supercell
  All the species have the same mass 1.0000000000
Particles are grouped. Safe to use groups 
	Long-range breakup parameters:
	rc*kc = 15.0000000000; rc = 1.9474954980; kc = 7.7022000901

	WignerSeitzRadius = 2.3851851232

	SimulationCellRadius = 1.9474954980

	Long-range breakup parameters:
	rc*kc = 15.0000000000; rc = 1.9474954980; kc = 7.7022000901

	WignerSeitzRadius = 2.3851851232

	SimulationCellRadius = 1.9474954980

--------------------------------------- 
<unitcell>
<parameter name="lattice">
      3.3731611500      3.3731611500      0.0000000000
      0.0000000000      3.3731611500      3.3731611500
      3.3731611500      0.0000000000      3.3731611500
</parameter>
<parameter name="bconds">  p  p  p </parameter>
<note>
Volume (A^3) = 76.7611133056
Reciprocal vectors without 2*pi.
g_1 =       0.1482289098      0.1482289098     -0.1482289098
g_2 =      -0.1482289098      0.1482289098      0.1482289098
g_3 =       0.1482289098     -0.1482289098      0.1482289098
Metric tensor in real-space.
h_1 = 22.7564322877 11.3782161439 11.3782161439 
h_2 = 11.3782161439 22.7564322877 11.3782161439 
h_3 = 11.3782161439 11.3782161439 22.7564322877 
Metric tensor in g-space.
h_1 = 2.6022368383 -0.8674122794 -0.8674122794 
h_2 = -0.8674122794 2.6022368383 -0.8674122794 
h_3 = -0.8674122794 -0.8674122794 2.6022368383 
</note>
<note>
	Long-range breakup parameters:
	rc*kc = 15.0000000000; rc = 1.9474954980; kc = 7.7022000901

</note>
</unitcell>
--------------------------------------- 

  Creating Structure Factor for periodic systems 7.7022000901
  KContainer initialised with cutoff 7.7022000901
   # of K-shell  = 25
   # of K points = 608
e
  Creating ion0 particleset
  Initializing the lattice of ion0 by the global supercell
  All the species have the same mass 21894.7135906000
Particles are grouped. Safe to use groups 
	Long-range breakup parameters:
	rc*kc = 15.0000000000; rc = 1.9474954980; kc = 7.7022000901

	WignerSeitzRadius = 2.3851851232

	SimulationCellRadius = 1.9474954980

	Long-range breakup parameters:
	rc*kc = 15.0000000000; rc = 1.9474954980; kc = 7.7022000901

	WignerSeitzRadius = 2.3851851232

	SimulationCellRadius = 1.9474954980

--------------------------------------- 
<unitcell>
<parameter name="lattice">
      3.3731611500      3.3731611500      0.0000000000
      0.0000000000      3.3731611500      3.3731611500
      3.3731611500      0.0000000000      3.3731611500
</parameter>
<parameter name="bconds">  p  p  p </parameter>
<note>
Volume (A^3) = 76.7611133056
Reciprocal vectors without 2*pi.
g_1 =       0.1482289098      0.1482289098     -0.1482289098
g_2 =      -0.1482289098      0.1482289098      0.1482289098
g_3 =       0.1482289098     -0.1482289098      0.1482289098
Metric tensor in real-space.
h_1 = 22.7564322877 11.3782161439 11.3782161439 
h_2 = 11.3782161439 22.7564322877 11.3782161439 
h_3 = 11.3782161439 11.3782161439 22.7564322877 
Metric tensor in g-space.
h_1 = 2.6022368383 -0.8674122794 -0.8674122794 
h_2 = -0.8674122794 2.6022368383 -0.8674122794 
h_3 = -0.8674122794 -0.8674122794 2.6022368383 
</note>
<note>
	Long-range breakup parameters:
	rc*kc = 15.0000000000; rc = 1.9474954980; kc = 7.7022000901

</note>
</unitcell>
--------------------------------------- 

  Creating Structure Factor for periodic systems 7.7022000901
  KContainer initialised with cutoff 7.7022000901
   # of K-shell  = 25
   # of K points = 608
ion0
 Adding WavefunctionFactory for psi0
EinsplineSetBuilder:  using libeinspline for B-spline orbitals.
Built BasisSetBuilder "einspline" of type einspline
 Building SPOset  with  basis set.
TOKEN=0 createSPOSetFromXML /home/pk7/projects/qmc/qmcdev/trunk/src/QMCWaveFunctions/EinsplineSetBuilder_createSPOs.cpp 42
  Distance table for AA: source/target = e
    PBC=bulk Orthorhombic=no   Using SymmetricDTD<T,D,PPPG> 7

    Setting Rmax = 1.9475 Using bounding box/reduced coordinates with 
  ... ParticleSet::addTable Create Table #0 e_e
  Distance table for AB: source = ion0 target = e
    PBC=bulk Orthorhombic=no  Using AsymmetricDTD<T,D,PPPG> 7
    Setting Rmax = 1.9475 Using bonding box/reduced coordinates 
  ... ParticleSet::addTable Create Table #1 ion0_e
  TileMatrix = 
 [  1  0  0
    0  1  0
    0  0  1 ]
  Reading 4 orbitals from HDF5 file.
TOKEN=1 ReadOrbitalInfo /home/pk7/projects/qmc/qmcdev/trunk/src/QMCWaveFunctions/EinsplineSetBuilderOld.cpp 34
  HDF5 orbital file version 2.0.0
TOKEN=2 ReadOrbitalInfo_ESHDF /home/pk7/projects/qmc/qmcdev/trunk/src/QMCWaveFunctions/EinsplineSetBuilderESHDF.fft.cpp 47
  Reading orbital file in ESHDF format.
  ESHDF orbital file version 2.0.0
  Lattice = 
    [  3.373161  3.373161  0.000000
       0.000000  3.373161  3.373161
       3.373161  0.000000  3.373161 ]
TOKEN=3 CheckLattice /home/pk7/projects/qmc/qmcdev/trunk/src/QMCWaveFunctions/EinsplineSetBuilderCommon.cpp 99
  SuperLattice = 
    [  3.373161  3.373161  0.000000
       0.000000  3.373161  3.373161
       3.373161  0.000000  3.373161 ]
bands=8, elecs=8, spins=1, twists=1, muffin tins=0, core states=0
atomic orbital=0
Atom type(0) = 6
Atom type(1) = 6
   Skip initialization of the density
TIMER  EinsplineSetBuilder::ReadOrbitalInfo 0.0034999847
TIMER  EinsplineSetBuilder::BroadcastOrbitalInfo 0.0000040531
Found 1 distinct supercell twists.
number of things
1
1
Super twist #0:  [   0.00000   0.00000   0.00000 ]
  Using supercell twist 0:  [   0.00000   0.00000   0.00000]
Using 1 copies of twist angle [-0.000, -0.000, -0.000]
Using real orbitals.
TOKEN=4 OccupyBands /home/pk7/projects/qmc/qmcdev/trunk/src/QMCWaveFunctions/EinsplineSetBuilderCommon.cpp 763
TOKEN=5 OccupyBands_ESHDF /home/pk7/projects/qmc/qmcdev/trunk/src/QMCWaveFunctions/EinsplineSetBuilderESHDF.fft.cpp 307
Sorting the bands now:
We will read 4 distinct orbitals.
There are 0 core states and 4 valence states.
TOKEN=6 TileIons /home/pk7/projects/qmc/qmcdev/trunk/src/QMCWaveFunctions/EinsplineSetBuilderCommon.cpp 291
Rcut = 0.0000000000
dilation = 1
TOKEN=7 bcastSortBands /home/pk7/projects/qmc/qmcdev/trunk/src/QMCWaveFunctions/einspline_helper.hpp 409
BandInfoGroup::selectBands bigspace has 8 distinct orbitals 
BandInfoGroup::selectBands using distinct orbitals [0,4)
  Number of distinct bands 4
  First Band index 0
  First SPO index 0
  Size of SPOs 4
  AdoptorName = SplineR2RAdoptor
  Using real einspline table
NumDistinctOrbitals 4 numOrbs = 4
  TwistIndex = 0 TwistAngle      -0.0000000000     -0.0000000000     -0.0000000000
   HalfG =                  0                 0                 0
TOKEN=8 ReadGvectors_ESHDF /home/pk7/projects/qmc/qmcdev/trunk/src/QMCWaveFunctions/EinsplineSetBuilderReadBands_ESHDF.cpp 669
B-spline mesh factor is 1.0000000000
B-spline mesh size is (40, 40, 40)
Maxmimum number of Gvecs 3695
  Using meshsize=                40                40                40
  vs input meshsize=                40                40                40
  Time to read the table in einspline.tile_100010001.spin_0.tw_0.l0u4.g40x40x40.h5 = 0.0000970364
  SplineAdoptorReader initialize_spline_pio 0.0823740959 sec
MEMORY increase 1 MB BsplineSetReader
  MEMORY allocated SplineAdoptorReader 1 MB
TIMER  EinsplineSetBuilder::ReadBands 0.0863881111
   Using Identity for the LCOrbitalSet 
Reuse BasisSetBuilder "einspline" type einspline
 Building SPOset  with  basis set.
TOKEN=9 createSPOSetFromXML /home/pk7/projects/qmc/qmcdev/trunk/src/QMCWaveFunctions/EinsplineSetBuilder_createSPOs.cpp 42
  ... ParticleSet::addTable Reuse Table #1 ion0_e
SPOSet parameters match in EinsplineSetBuilder:  cloning EinsplineSet object.
   Using Identity for the LCOrbitalSet 
  Creating a determinant updet group=0 sposet=updet
  Reusing a SPO set updet

  Creating a determinant downdet group=1 sposet=downdet
  Reusing a SPO set downdet

  FermionWF=SlaterDet

  Using BsplineBuilder for one-body jastrow with B-spline functions
  ... ParticleSet::addTable Reuse Table #1 ion0_e
  ... ParticleSet::addTable Reuse Table #1 ion0_e
  Jastrow cutoff unspecified.  Setting to Wigner-Seitz radius = 2.3851851232.
 size = 8 parameters 
 cusp = 0.0000000000
 rcut = 2.3851851232
Parameter     Name      Value
eC_0 -0.2032153051 1 1  ON 0
eC_1 -0.1625595974 1 1  ON 1
eC_2 -0.1431245990 1 1  ON 2
eC_3 -0.1216434956 1 1  ON 3
eC_4 -0.0991977195 1 1  ON 4
eC_5 -0.0711172904 1 1  ON 5
eC_6 -0.0444534587 1 1  ON 6
eC_7 -0.0213508292 1 1  ON 7
  BsplineJastrowBuilder adds a functor with cusp = -0.2500000000
  Jastrow cutoff unspecified.  Setting to Wigner-Seitz radius = 2.3851851232.
 size = 8 parameters 
 cusp = -0.2500000000
 rcut = 2.3851851232
Parameter     Name      Value
uu_0 0.2797730287 1 1  ON 0
uu_1 0.2172604155 1 1  ON 1
uu_2 0.1656172964 1 1  ON 2
uu_3 0.1216984261 1 1  ON 3
uu_4 0.0839953490 1 1  ON 4
uu_5 0.0530206594 1 1  ON 5
uu_6 0.0291595400 1 1  ON 6
uu_7 0.0122402581 1 1  ON 7
  BsplineJastrowBuilder adds a functor with cusp = -0.5000000000
  Jastrow cutoff unspecified.  Setting to Wigner-Seitz radius = 2.3851851232.
 size = 8 parameters 
 cusp = -0.5000000000
 rcut = 2.3851851232
Parameter     Name      Value
ud_0 0.4631099906 1 1  ON 0
ud_1 0.3563991240 1 1  ON 1
ud_2 0.2587895287 1 1  ON 2
ud_3 0.1829298509 1 1  ON 3
ud_4 0.1233653291 1 1  ON 4
ud_5 0.0771470817 1 1  ON 5
ud_6 0.0414589903 1 1  ON 6
ud_7 0.0169064594 1 1  ON 7
  QMCHamiltonian::addOperator Kinetic to H, physical Hamiltonian 
  ... ParticleSet::addTable Reuse Table #0 e_e
  ... ParticleSet::addTable Reuse Table #0 e_e

  Creating CoulombHandler with the optimal breakup. 
  KContainer initialised with cutoff 44.3527652081
   # of K-shell  = 759
   # of K points = 113394
  NUMBER OF OPT_BREAK KVECS = -748125351
 finding kc:  7.7022000901 , -1.0000000000
  LRBreakp parameter Kc =7.7022000901
    Continuum approximation in k = [44.3527652081,3080.8800360496)
   PBCAA self-interaction term -6.2993209092
   PBCAA total constant -6.9386866483
  Maximum K shell 24
  Number of k vectors 608
  Fixed Coulomb potential for e
    e-e Madelung Const. =-0.3298144599
    Vtot     =0.0000000000
  QMCHamiltonian::addOperator ElecElec to H, physical Hamiltonian 
QMCHamiltonian::addOperatorType added type coulomb named ElecElec
  Distance table for AA: source/target = ion0
    PBC=bulk Orthorhombic=no   Using SymmetricDTD<T,D,PPPG> 7

    Setting Rmax = 1.9475 Using bounding box/reduced coordinates with 
  ... ParticleSet::addTable Create Table #0 ion0_ion0
  ... ParticleSet::addTable Reuse Table #0 ion0_ion0
  Clone CoulombHandler. 
   PBCAA self-interaction term -25.1972836367
   PBCAA total constant -25.8366493759
  Maximum K shell 24
  Number of k vectors 608
  Fixed Coulomb potential for ion0
    e-e Madelung Const. =-0.3298144599
    Vtot     =-12.7756672520
  QMCHamiltonian::addOperator IonIon to H, physical Hamiltonian 
QMCHamiltonian::addOperatorType added type coulomb named IonIon

  ECPotential builder for pseudopotential 

  Adding pseudopotential for C
   Linear grid  ri=0.0000000000 rf=10.0000000000 npts = 10001
    ECPComponentBuilder::buildSemiLocalAndLocal 
    Assuming Hartree unit
   Number of angular momentum channels 2
   Maximum angular momentum channel 1
   Creating a Linear Grid Rmax=1.7000000000
  Using global grid with delta = 0.0010000000
   Making L=1 a local potential with a radial cutoff of 9.9980000000
  NonLocalECPComponent::resize_warrays 
    Non-local pseudopotential parameters
    Maximum angular mementum = 0
    Number of non-local channels = 1
       l(0)=0
    Cutoff radius = 1.7000000000
    Spherical grids and weights: 
             1.0000000000      0.0000000000      0.0000000000        0.0833333333
            -1.0000000000      0.0000000000      0.0000000000        0.0833333333
             0.4472135955      0.8944271910      0.0000000000        0.0833333333
            -0.4472135955      0.7236067977      0.5257311121        0.0833333333
             0.4472135955      0.2763932023      0.8506508084        0.0833333333
            -0.4472135955     -0.2763932023      0.8506508084        0.0833333333
             0.4472135955     -0.7236067977      0.5257311121        0.0833333333
            -0.4472135955     -0.8944271910      0.0000000000        0.0833333333
             0.4472135955     -0.7236067977     -0.5257311121        0.0833333333
            -0.4472135955     -0.2763932023     -0.8506508084        0.0833333333
             0.4472135955      0.2763932023     -0.8506508084        0.0833333333
            -0.4472135955      0.7236067977     -0.5257311121        0.0833333333
    Maximum cutoff radius 1.7000000000
  ... ParticleSet::addTable Reuse Table #1 ion0_e
  ... ParticleSet::addTable Reuse Table #1 ion0_e
  Clone CoulombHandler. 
   Constant of PBCAB 1.2787314784
  Maximum K shell 24
  Number of k vectors 608
    CoulombPBCAB::add 
 Setting a linear grid=[0,1.9474954980) number of grid =1948
    Creating the short-range pseudopotential for species 0
  QMCHamiltonian::addOperator LocalECP to H, physical Hamiltonian 
  ... ParticleSet::addTable Reuse Table #1 ion0_e
  ... ParticleSet::addTable Reuse Table #1 ion0_e

  Using NonLocalECP potential 
    Maximum grid on a sphere for NonLocalECPotential: 12
WARNING ParticleSet::checkBoundBox 3.4000000000> SimulationCellRadius=1.9474954980
 Using SLOW method for the sphere update. 
  QMCHamiltonian::addOperator NonLocalECP to H, physical Hamiltonian 
QMCHamiltonian::addOperatorType added type pseudo named PseudoPot

  QMCHamiltonian::add2WalkerProperty added
    5 to P::PropertyList 
    0 to P::Collectables 
    starting Index of the observables in P::PropertyList = 9
  Hamiltonian disables VirtualMoves
ParticleSetPool::randomize 
=========================================================
 Summary of QMC systems 
=========================================================
ParticleSetPool has: 

  ParticleSet e : 0 4 8 

    8

    u  8.8249487857e-01  2.4985711632e+00  2.9820707646e+00
    u  8.4840031842e-01  2.0091478185e+00  2.0725254478e+00
    u  1.4262260405e+00  2.8559236321e+00  1.6650786805e+00
    u  3.3963690673e+00  1.5455017290e+00  2.6020980495e+00
    d  4.7664272219e+00  3.3579892617e+00  4.4970393779e+00
    d  2.0971255049e+00  3.0580302418e+00  1.2562998774e+00
    d  4.0210273300e+00  5.5053126081e+00  3.4284615300e+00
    d  3.5147827115e+00  4.3162834763e+00  4.6854299596e+00

  ParticleSet ion0 : 0 2 

    2

    C  0.0000000000e+00  0.0000000000e+00  0.0000000000e+00
    C  1.6865805800e+00  1.6865805800e+00  1.6865805800e+00

  Hamiltonian h0
  Kinetic         Kinetic energy
  ElecElec        CoulombPBCAA potential: e_e
  IonIon          CoulombPBCAA potential: ion0_ion0
  LocalECP        CoulombPBCAB potential source: ion0
  NonLocalECP     NonLocalECPotential: ion0

=========================================================
  Start VMCSingleOMP
  File Root qmc_short_vmc_dmc.s000 append = no 
=========================================================
  Adding 256 walkers to 0 existing sets
  Total number of walkers: 2.5600000000e+02
  Total weight: 2.5600000000e+02
  Resetting Properties of the walkers 1 x 14

<vmc function="put">
  qmc_counter=0  my_counter=0
  time step      = 1.0000000000e+00
  blocks         = 1
  steps          = 1
  substeps       = 1
  current        = 0
  target samples = 0.0000000000e+00
  walkers/mpi    = 256

  stepsbetweensamples = 2
<parameter name="blocks" condition="int">1</parameter>
<parameter name="check_properties" condition="int">100</parameter>
<parameter name="checkproperties" condition="int">100</parameter>
<parameter name="current" condition="int">0</parameter>
<parameter name="dmcwalkersperthread" condition="real">0.0000000000e+00</parameter>
<parameter name="maxcpusecs" condition="real">3.6000000000e+05</parameter>
<parameter name="record_configs" condition="int">0</parameter>
<parameter name="record_walkers" condition="int">2</parameter>
<parameter name="recordconfigs" condition="int">0</parameter>
<parameter name="recordwalkers" condition="int">2</parameter>
<parameter name="rewind" condition="int">0</parameter>
<parameter name="samples" condition="real">0.0000000000e+00</parameter>
<parameter name="samplesperthread" condition="real">0.0000000000e+00</parameter>
<parameter name="steps" condition="int">1</parameter>
<parameter name="stepsbetweensamples" condition="int">2</parameter>
<parameter name="store_configs" condition="int">0</parameter>
<parameter name="storeconfigs" condition="int">0</parameter>
<parameter name="sub_steps" condition="int">1</parameter>
<parameter name="substeps" condition="int">1</parameter>
<parameter name="tau" condition="au">1.0000000000e+00</parameter>
<parameter name="time_step" condition="au">1.0000000000e+00</parameter>
<parameter name="timestep" condition="au">1.0000000000e+00</parameter>
<parameter name="use_drift" condition="string">no</parameter>
<parameter name="usedrift" condition="string">no</parameter>
<parameter name="walkers" condition="int">256</parameter>
<parameter name="warmup_steps" condition="int">100</parameter>
<parameter name="warmupsteps" condition="int">100</parameter>
  DumpConfig==false Nothing (configurations, state) will be saved.
  Walker Samples are dumped every 2 steps.
</vmc>
  CloneManager::makeClones makes 16 clones for W/Psi/H.
  Cloning methods for both Psi and H are used
  Initial partition of walkers 0 16 32 48 64 80 96 112 128 144 160 176 192 208 224 240 256 
  PbyP moves with |psi^2|, using VMCUpdatePbyP

  Total Sample Size   =0
  Walker distribution on root = 0 16 32 48 64 80 96 112 128 144 160 176 192 208 224 240 256 
  Anonymous Buffer size per walker 623
MEMORY increase 1 MB VMCSingleOMP::resetRun
====================================================
  SimpleFixedNodeBranch::finalize after a VMC block
    QMC counter        = 0
    time step          = 1
    reference energy   = -10.5662
    reference variance = 0.679375
====================================================
  QMC Execution time = 6.1757993698e-01 secs 
Creating DMCMP for the qmc driver

=========================================================
  Start DMCOMP
  File Root qmc_short_vmc_dmc.s001 append = no 
=========================================================
Using existing walkers 
  Resetting Properties of the walkers 1 x 14
  EstimatorManager::add replace LocalEnergy estimator.
  Cannot make clones again. Use existing 16 clones
  Total number of walkers: 2.5600000000e+02
  Total weight: 2.5600000000e+02
  Creating WalkerController: target  number of walkers = 256
  Using WalkerControlBase for dynamic population control.
  START ALL OVER 
  WalkerControlBase parameters 
    maxCopy = 2
   Max Walkers per node 513
   Min Walkers per node 52
  QMC counter      = 1
  time step        = 5.0000000000e-03
  effective time step = 5.0000000000e-03
  trial energy     = -1.0566207282e+01
  reference energy = -1.0566207282e+01
  Feedback = 1.0000000000e+00
  reference variance = 6.7937542808e-01
  target walkers = 256
  branch cutoff = 5.0000000000e+01 7.5000000000e+01
  Max and mimum walkers per node= 513 52
  QMC Status (BranchMode) = 0000001101
  Initial partition of walkers on a node: 0 16 32 48 64 80 96 112 128 144 160 176 192 208 224 240 256 
  Updates by particle-by-particle moves using fast gradient version 
  DMC moves are rejected when a node crossing is detected
SimpleFixedNodeBranch::checkParameters 
  Average Energy of a population  = -10.5511
  Energy Variance = 0.597029

  Fluctuating population
  Persistent walkers are killed after 1 MC sweeps
  BranchInterval = 1
  Steps per block = 100
  Number of blocks = 100

  DMC Engine Initialization = 6.2861442566e-03 secs 

 Warmup is completed after 100

  TauEff     = 4.9826473553e-03
 TauEff/Tau = 9.9652947106e-01
  Etrial     = -1.0538041034e+01
 Running average of energy = -1.0526544920e+01
                  Variance = 4.1025500508e-01
branch cutoff = 1.0000000000e+01 1.5000000000e+01
====================================================
  SimpleFixedNodeBranch::finalize after a DMC block
    QMC counter                   = 1
    time step                     = 0.005
    effective time step           = 0.00498242
    trial energy                  = -10.5373
    reference energy              = -10.5334
    reference variance            = 0.410255
    target walkers                = 256
    branch cutoff                 = 10 15
    Max and mimum walkers per node= 513 52
    Feedback                      = 1
    QMC Status (BranchMode)       = 0000001111
====================================================
  QMC Execution time = 3.8863776922e+01 secs 
  Total Execution time = 3.9483597040e+01 secs

=========================================================
  A new xml input file : qmc_short_vmc_dmc.s001.cont.xml
