Discarded 6 diffused primitive functions, 0 contracted functions
#INFO: **** input file is /home/abenali/Work/Development/QMCPACK-Benali/qmcpack_V0/tests/solids/diamondC_2x1x1-Gaussian_pp_cplx_MSD_excited/twf_input/Carbon2x1x1-tw1.py ****
#! /usr/bin/env python3
import h5py
from pyscf.pbc import gto, scf, df
from numpy import array

cell = gto.Cell()
cell.a             = '''
         3.37316115       3.37316115       0.00000000
         0.00000000       3.37316115       3.37316115
         3.37316115       0.00000000       3.37316115'''
cell.atom = '''  
   C        0.00000000       0.00000000       0.00000000
   C        1.686580575      1.686580575      1.686580575 
            ''' 
cell.basis         = 'bfd-vdz'
cell.ecp           = 'bfd'
cell.unit          = 'B'
cell.drop_exponent = 0.1
cell.verbose       = 5
cell.charge        = 0
cell.spin          = 0
cell.build()


sp_twist=[0.07761248, 0.07761248, -0.07761248]

kmesh=[2,1,1]
kpts=array([[ 0.07761248,  0.07761248, -0.07761248],[ 0.54328733,  0.54328733, -0.54328733]])




mydf = df.GDF(cell,kpts)
mydf.auxbasis = 'weigend'
mydf._cderi_to_save = 'df_ints.h5'
mydf.build()                     
mf = scf.KROHF(cell,kpts).density_fit()
mf.exxdiv = 'ewald'
mf.max_cycle = 200
mf.with_df = mydf
mf.chkfile ='diamond-scf.chk'
mf.with_df._cderi = 'df_ints.h5'
#dm=mf.from_chk('diamond-scf.chk')
#e_scf=mf.kernel(dm)
e_scf=mf.kernel()

ener = open('e_scf','w')
ener.write('%s\n' % (e_scf))
print('e_scf',e_scf)
ener.close()

title="C_diamond-twist"
from PyscfToQmcpack import savetoqmcpack
savetoqmcpack(cell,mf,title=title,kmesh=kmesh,kpts=kpts,sp_twist=sp_twist)

from MolPyscfToQPkpts import pyscf2QP2
pyscf2QP2(cell,mf,kpts=kpts,kmesh=kmesh,sp_twist=sp_twist,int_threshold = 1E-15)
#INFO: ******************** input file end ********************


System: uname_result(system='Linux', node='abenali', release='4.15.0-135-generic', version='#139-Ubuntu SMP Mon Jan 18 17:38:24 UTC 2021', machine='x86_64', processor='x86_64')  Threads 16
Python 3.6.9 (default, Oct  8 2020, 12:12:24) 
[GCC 8.4.0]
numpy 1.15.4  scipy 1.1.0
Date: Thu Feb  4 17:02:55 2021
PySCF version 1.7.5
PySCF path  /usr/local/lib/python3.6/dist-packages/pyscf

[CONFIG] conf_file None
[INPUT] verbose = 5
[INPUT] max_memory = 4000 
[INPUT] num. atoms = 2
[INPUT] num. electrons = 8
[INPUT] charge = 0
[INPUT] spin (= nelec alpha-beta = 2S) = 0
[INPUT] symmetry False subgroup None
[INPUT] Mole.unit = B
[INPUT]  1 C      0.000000000000   0.000000000000   0.000000000000 AA    0.000000000000   0.000000000000   0.000000000000 Bohr
[INPUT]  2 C      0.892500004670   0.892500004670   0.892500004670 AA    1.686580575000   1.686580575000   1.686580575000 Bohr
[INPUT] ---------------- BASIS SET ---------------- 
[INPUT] l, kappa, [nprim/nctr], expnt,             c_1 c_2 ...
[INPUT] C
[INPUT] 0    0    [8    /1   ]  13.073594         -0.000705
                                6.541187          0.015176
                                3.272791          -0.121499
                                1.637494          -0.033512
                                0.819297          0.180113
                                0.409924          0.380369
                                0.2051            0.397529
                                0.102619          0.169852
[INPUT] 0    0    [1    /1   ]  0.127852             1
[INPUT] 1    0    [7    /1   ]  7.480076          0.021931
                                3.741035          0.054425
                                1.871016          0.112024
                                0.935757          0.210979
                                0.468003          0.289868
                                0.234064          0.302667
                                0.117063          0.191634
[INPUT] 1    0    [1    /1   ]  0.149161             1
[INPUT] 2    0    [1    /1   ]  0.561161             1

Ewald components = 8.63915484117797e-26, -47.334679725158, 34.5590124922986
nuclear repulsion = -12.7756672328593
number of shells = 10
number of NR pGTOs = 76
number of NR cGTOs = 26
basis = bfd-vdz
ecp = bfd
CPU time:         0.95
lattice vectors  a1 [3.373161150, 3.373161150, 0.000000000]
                 a2 [0.000000000, 3.373161150, 3.373161150]
                 a3 [3.373161150, 0.000000000, 3.373161150]
dimension = 3
low_dim_ft_type = None
Cell volume = 76.7611
exp_to_discard = 0.1
rcut = 19.243077142883383 (nimgs = [5 5 5])
lattice sum = 911 cells
precision = 1e-08
pseudo = None
ke_cutoff = 357.28958447816603
    = [34 34 34] mesh (39304 PWs)
ew_eta = 2.61119
ew_cut = 2.673899610122948 (nimgs = [1 1 1])


******** <class 'pyscf.pbc.df.df.GDF'> ********
mesh = [7, 7, 7] (343 PWs)
auxbasis = weigend
eta = 0.2
exp_to_discard = 0.1
_cderi_to_save = df_ints.h5
len(kpts) = 2
num shells = 30, num cGTOs = 98
Drop 0 primitive fitting functions
make aux basis, num shells = 30, num cGTOs = 98
auxcell.rcut 12.824463399809424
Num uniq kpts 2


******** <class 'pyscf.pbc.scf.krohf.KROHF'> ********
method = KROHF-KRHF-KSCF-ROHF-RHF-SCF-ROHF-RHF
initial guess = minao
damping factor = 0
level_shift factor = 0
DIIS = <class 'pyscf.scf.diis.CDIIS'>
diis_start_cycle = 1
diis_space = 8
SCF conv_tol = 1e-07
SCF conv_tol_grad = None
SCF max_cycles = 200
direct_scf = False
chkfile to save SCF result = diamond-scf.chk
max_memory 4000 MB (current use 200 MB)


******** PBC SCF flags ********
N kpts = 2
kpts = [[ 0.07761248  0.07761248 -0.07761248]
 [ 0.54328733  0.54328733 -0.54328733]]
Exchange divergence treatment (exxdiv) = ewald
Ewald components = 1.16914688656015e-69, -1.47470687199088, 1.24004469635362
    madelung (= occupied orbital energy shift) = 0.46932435127452665
    Total energy shift due to Ewald probe charge = -1/2 * Nelec*madelung = -1.8772974051
DF object = <pyscf.pbc.df.df.GDF object at 0x14ed8854d940>
number of electrons per unit cell  alpha = 8 beta = 8
Set gradient conv threshold to 0.000316228
Big error detected in the electron number of initial guess density matrix (Ne/cell = 9.45127)!
  This can cause huge error in Fock matrix and lead to instability in SCF for low-dimensional systems.
  DM is normalized wrt the number of electrons 8
Ewald components = 1.16914688656015e-69, -1.47470687199088, 1.24004469635362
    CPU time for vj and vk      0.60 sec, wall time      0.08 sec
Ewald components = 8.63915484117797e-26, -47.334679725158, 34.5590124922986
E1 = (3.1834696667621807-9.802353289055993e-15j)  E_coul = (-4.872051201039723+6.726230977351005e-16j)
init E= -14.4642487671369
cond(S) = [ 64201.47547401 153064.29567142]
    CPU time for initialize scf    324.45 sec, wall time     44.61 sec
HOMO = 0.612860052687  LUMO = 0.886343130138
                  Roothaan           | alpha              | beta
  kpt  0 ( 0.083  0.000  0.000)
  Highest 2-occ =  0.612860052687173 |  0.612860052687172 |  0.612860052687172
  Lowest 0-occ =   0.886343130138124 |  0.886343130138119 |  0.886343130138119
  kpt  1 ( 0.583  0.000  0.000)
  Highest 2-occ =  0.495398598905267 |  0.495398598905267 |  0.495398598905267
  Lowest 0-occ =   0.956157424471335 |  0.956157424471306 |  0.956157424471302
     k-point                  Roothaan mo_energy
   0 ( 0.083  0.000  0.000)   [-1.80632917  0.48662173  0.61286005  0.61286005] [0.88634313 0.91951381 0.91951381 1.1170461  1.61299222 1.78032228
 1.78032228 2.19003202 2.24949175 2.24949175 2.62342503 2.62342503
 2.68082971 3.20513433 3.5925353  3.5925353  3.65354569 3.65354569
 3.84132976 4.69915229 4.69915229 5.08365096]
   1 ( 0.583  0.000  0.000)   [-0.9961349  -0.37160031  0.4953986   0.4953986 ] [ 0.95615742  1.03219715  1.03219715  1.33890267  1.62343225  1.75581665
  1.79619083  1.79619083  2.18204963  2.18204963  2.83502007  2.89291403
  2.89291403  3.23399955  3.23399955  3.30738153  3.74890707  3.74890707
  3.80000866  3.84141095  3.84141095 10.59253436]
Ewald components = 1.16914688656015e-69, -1.47470687199088, 1.24004469635362
    CPU time for vj and vk      0.62 sec, wall time      0.09 sec
Ewald components = 8.63915484117797e-26, -47.334679725158, 34.5590124922986
E1 = (4.376479004685989+9.410929067282803e-15j)  E_coul = (-2.241203950765477-1.6484849509751376e-13j)
cycle= 1 E= -10.6403921789388  delta_E= 3.82  |g|= 0.281  |ddm|= 4.81
    CPU time for cycle= 1      0.77 sec, wall time      0.10 sec
HOMO = 0.288034489113  LUMO = 1.04377939892
                  Roothaan           | alpha              | beta
  kpt  0 ( 0.083  0.000  0.000)
  Highest 2-occ =  0.288034489113472 |  0.288034489113468 |  0.288034489113468
  Lowest 0-occ =    1.04377939892096 |   1.04377939892096 |   1.04377939892096
  kpt  1 ( 0.583  0.000  0.000)
  Highest 2-occ =  0.170593073801419 |  0.170593073801417 |  0.170593073801418
  Lowest 0-occ =     1.1393574503986 |    1.1393574503986 |    1.1393574503986
     k-point                  Roothaan mo_energy
   0 ( 0.083  0.000  0.000)   [-0.6485972   0.26587784  0.26587784  0.28803449] [1.0437794  1.0437794  1.04797752 1.34306976 1.63544635 1.80028567
 1.80028567 2.24877722 2.30336048 2.30336048 2.69067653 2.69067653
 2.7528245  3.18473721 3.62593838 3.62593838 3.6912827  3.6912827
 3.86181967 4.74632587 4.74632587 5.12334315]
   1 ( 0.583  0.000  0.000)   [-0.45722385 -0.16987228  0.17059307  0.17059307] [ 1.13935745  1.1562596   1.1562596   1.40271043  1.69388581  1.80685622
  1.80932009  1.80932009  2.2169417   2.2169417   2.87223071  2.94198142
  2.94198142  3.297706    3.297706    3.33860452  3.79115958  3.79115958
  3.82990616  3.86611255  3.86611255 10.77393852]
Ewald components = 1.16914688656015e-69, -1.47470687199088, 1.24004469635362
    CPU time for vj and vk      0.70 sec, wall time      0.09 sec
Ewald components = 8.63915484117797e-26, -47.334679725158, 34.5590124922986
E1 = (4.395064955196563-8.493856659685939e-15j)  E_coul = (-2.270588313209461-8.176552696633616e-14j)
cycle= 2 E= -10.6511905908722  delta_E= -0.0108  |g|= 0.0628  |ddm|= 1.79
    CPU time for cycle= 2      0.87 sec, wall time      0.11 sec
HOMO = 0.277175409104  LUMO = 1.0442704592
                  Roothaan           | alpha              | beta
  kpt  0 ( 0.083  0.000  0.000)
  Highest 2-occ =   0.27717540910405 |  0.280236805386599 |  0.280236805386599
  Lowest 0-occ =    1.04427045919647 |   1.04410607164177 |   1.04410607164177
  kpt  1 ( 0.583  0.000  0.000)
  Highest 2-occ =  0.165650756641265 |  0.167051898110943 |  0.167051898110943
  Lowest 0-occ =    1.13760661310424 |   1.13808451674889 |   1.13808451674888
     k-point                  Roothaan mo_energy
   0 ( 0.083  0.000  0.000)   [-0.65039715  0.25947513  0.25947513  0.27717541] [1.04427046 1.04427046 1.04587114 1.34250018 1.63578952 1.7995095
 1.7995095  2.24777056 2.30147414 2.30147414 2.68563418 2.68563418
 2.74655873 3.18392082 3.6234473  3.6234473  3.69042538 3.69042538
 3.86000441 4.74409362 4.74409363 5.12082301]
   1 ( 0.583  0.000  0.000)   [-0.46008919 -0.17617794  0.16565076  0.16565076] [ 1.13760661  1.15743778  1.15743778  1.40453907  1.69041856  1.80137266
  1.80673482  1.80673482  2.21272485  2.21272485  2.86903499  2.93978386
  2.93978386  3.29476424  3.29476424  3.33788541  3.78922064  3.78922064
  3.82926282  3.86490706  3.86490706 10.75748503]
Ewald components = 1.16914688656015e-69, -1.47470687199088, 1.24004469635362
    CPU time for vj and vk      0.68 sec, wall time      0.09 sec
Ewald components = 8.63915484117797e-26, -47.334679725158, 34.5590124922986
E1 = (4.393627052075816-1.3146276602038487e-14j)  E_coul = (-2.270148058579396-5.131554632175489e-14j)
cycle= 3 E= -10.6521882393629  delta_E= -0.000998  |g|= 0.0116  |ddm|= 0.452
    CPU time for cycle= 3      0.84 sec, wall time      0.11 sec
HOMO = 0.27980521456  LUMO = 1.04599524479
                  Roothaan           | alpha              | beta
  kpt  0 ( 0.083  0.000  0.000)
  Highest 2-occ =  0.279805214560414 |  0.279265025546851 |  0.279265025546851
  Lowest 0-occ =      1.045995244789 |   1.04559055138511 |   1.04559055138511
  kpt  1 ( 0.583  0.000  0.000)
  Highest 2-occ =  0.167686153491991 |  0.167241724643524 |  0.167241724643523
  Lowest 0-occ =    1.13850901441829 |   1.13830936229528 |   1.13830936229528
     k-point                  Roothaan mo_energy
   0 ( 0.083  0.000  0.000)   [-0.64901973  0.26173766  0.26173766  0.27980521] [1.04599524 1.04599524 1.04733063 1.34443611 1.63541437 1.80040024
 1.80040024 2.24878887 2.30254084 2.30254084 2.68783264 2.68783264
 2.74909406 3.18350967 3.62452072 3.62452072 3.69137855 3.69137855
 3.86079929 4.74533908 4.74533908 5.12237473]
   1 ( 0.583  0.000  0.000)   [-0.45742419 -0.17547073  0.16768615  0.16768615] [ 1.13850901  1.15872304  1.15872304  1.40463015  1.69169504  1.80352194
  1.80862799  1.80862799  2.21354065  2.21354065  2.87084733  2.94134895
  2.94134895  3.29632966  3.29632966  3.33827054  3.79036933  3.79036933
  3.83004882  3.86544319  3.86544319 10.76346662]
Ewald components = 1.16914688656015e-69, -1.47470687199088, 1.24004469635362
    CPU time for vj and vk      0.76 sec, wall time      0.10 sec
Ewald components = 8.63915484117797e-26, -47.334679725158, 34.5590124922986
E1 = (4.392254813604128-1.373581153332748e-14j)  E_coul = (-2.268847872981434-4.531294230895183e-14j)
cycle= 4 E= -10.6522602922366  delta_E= -7.21e-05  |g|= 0.00498  |ddm|= 0.0861
    CPU time for cycle= 4      0.90 sec, wall time      0.12 sec
HOMO = 0.279487783687  LUMO = 1.04589102248
                  Roothaan           | alpha              | beta
  kpt  0 ( 0.083  0.000  0.000)
  Highest 2-occ =  0.279487783686712 |  0.279497293901457 |  0.279497293901457
  Lowest 0-occ =     1.0458910224765 |   1.04579364788514 |   1.04579364788514
  kpt  1 ( 0.583  0.000  0.000)
  Highest 2-occ =   0.16731269312105 |  0.167335406253735 |  0.167335406253735
  Lowest 0-occ =    1.13821564646387 |   1.13827192570319 |    1.1382719257032
     k-point                  Roothaan mo_energy
   0 ( 0.083  0.000  0.000)   [-0.64917364  0.2615002   0.2615002   0.27948778] [1.04589102 1.04589102 1.04718082 1.34422291 1.63536915 1.80036093
 1.80036093 2.24875851 2.30240808 2.30240808 2.68763738 2.68763738
 2.74889316 3.18349197 3.62445011 3.62445011 3.69130105 3.69130105
 3.86067916 4.74522174 4.74522174 5.12230988]
   1 ( 0.583  0.000  0.000)   [-0.45697925 -0.17631361  0.16731269  0.16731269] [ 1.13821565  1.15883165  1.15883165  1.40461908  1.69145823  1.80333536
  1.80880649  1.80880649  2.21308813  2.21308813  2.87094752  2.94131008
  2.94131008  3.29606562  3.29606562  3.33808163  3.79025311  3.79025311
  3.83007037  3.86537291  3.86537291 10.76273643]
Ewald components = 1.16914688656015e-69, -1.47470687199088, 1.24004469635362
    CPU time for vj and vk      0.77 sec, wall time      0.11 sec
Ewald components = 8.63915484117797e-26, -47.334679725158, 34.5590124922986
E1 = (4.391715997900124-1.422299777953384e-14j)  E_coul = (-2.2683260067980093-4.134728990396949e-14j)
cycle= 5 E= -10.6522772417572  delta_E= -1.69e-05  |g|= 0.0012  |ddm|= 0.0545
    CPU time for cycle= 5      0.92 sec, wall time      0.13 sec
HOMO = 0.279620619407  LUMO = 1.045874447
                  Roothaan           | alpha              | beta
  kpt  0 ( 0.083  0.000  0.000)
  Highest 2-occ =  0.279620619407451 |  0.279573814823937 |  0.279573814823937
  Lowest 0-occ =    1.04587444699643 |   1.04588254919728 |   1.04588254919728
  kpt  1 ( 0.583  0.000  0.000)
  Highest 2-occ =  0.167367109852867 |  0.167354323079068 |  0.167354323079068
  Lowest 0-occ =    1.13823182761642 |   1.13823354765581 |   1.13823354765581
     k-point                  Roothaan mo_energy
   0 ( 0.083  0.000  0.000)   [-0.64913651  0.26160983  0.26160983  0.27962062] [1.04587445 1.04587445 1.04720765 1.34425481 1.63535221 1.80036553
 1.80036553 2.2487713  2.30244394 2.30244394 2.6877016  2.6877016
 2.74897365 3.18348862 3.62449816 3.62449816 3.69131108 3.69131108
 3.86069349 4.74525273 4.74525273 5.12236136]
   1 ( 0.583  0.000  0.000)   [-0.45684818 -0.17632237  0.16736711  0.16736711] [ 1.13823183  1.15884517  1.15884517  1.40458579  1.69146039  1.80344295
  1.80888727  1.80888727  2.21311191  2.21311191  2.87104642  2.94134236
  2.94134236  3.29608772  3.29608772  3.33804691  3.79027203  3.79027203
  3.8300867   3.86538496  3.86538496 10.76290122]
Ewald components = 1.16914688656015e-69, -1.47470687199088, 1.24004469635362
    CPU time for vj and vk      0.69 sec, wall time      0.10 sec
Ewald components = 8.63915484117797e-26, -47.334679725158, 34.5590124922986
E1 = (4.3916076017325265-1.421627572606443e-14j)  E_coul = (-2.268218437681889-4.146202559887277e-14j)
cycle= 6 E= -10.6522780688087  delta_E= -8.27e-07  |g|= 0.00023  |ddm|= 0.00529
    CPU time for cycle= 6      0.86 sec, wall time      0.12 sec
HOMO = 0.279588667659  LUMO = 1.04587808448
                  Roothaan           | alpha              | beta
  kpt  0 ( 0.083  0.000  0.000)
  Highest 2-occ =  0.279588667658942 |  0.279593781888416 |  0.279593781888416
  Lowest 0-occ =    1.04587808448244 |   1.04587518804207 |   1.04587518804207
  kpt  1 ( 0.583  0.000  0.000)
  Highest 2-occ =  0.167354918741812 |  0.167355546563048 |  0.167355546563048
  Lowest 0-occ =    1.13823617673623 |    1.1382334236874 |    1.1382334236874
     k-point                  Roothaan mo_energy
   0 ( 0.083  0.000  0.000)   [-0.64913933  0.26160103  0.26160103  0.27958867] [1.04587808 1.04587808 1.04721636 1.34426261 1.63535065 1.80036272
 1.80036272 2.24877932 2.30244936 2.30244936 2.68769897 2.68769897
 2.7489678  3.18348621 3.62449699 3.62449699 3.69131258 3.69131258
 3.86069289 4.74525195 4.74525195 5.12236099]
   1 ( 0.583  0.000  0.000)   [-0.45685246 -0.17633789  0.16735492  0.16735492] [ 1.13823618  1.15885806  1.15885806  1.40458509  1.69145527  1.80344045
  1.80888671  1.80888671  2.21310499  2.21310499  2.87105064  2.94134126
  2.94134126  3.29608824  3.29608824  3.33804616  3.79027134  3.79027134
  3.83008913  3.86538627  3.86538627 10.7628871 ]
Ewald components = 1.16914688656015e-69, -1.47470687199088, 1.24004469635362
    CPU time for vj and vk      0.71 sec, wall time      0.09 sec
Ewald components = 8.63915484117797e-26, -47.334679725158, 34.5590124922986
E1 = (4.391597369426815-1.4214324162153957e-14j)  E_coul = (-2.2682082308805365-4.150287291572116e-14j)
cycle= 7 E= -10.6522780943131  delta_E= -2.55e-08  |g|= 4.89e-05  |ddm|= 0.00137
    CPU time for cycle= 7      0.84 sec, wall time      0.11 sec
HOMO = 0.279594041739  LUMO = 1.04587511016
                  Roothaan           | alpha              | beta
  kpt  0 ( 0.083  0.000  0.000)
  Highest 2-occ =  0.279594041739021 |  0.279594041739022 |  0.279594041739022
  Lowest 0-occ =    1.04587511015748 |   1.04587511015748 |   1.04587511015748
  kpt  1 ( 0.583  0.000  0.000)
  Highest 2-occ =  0.167354896082025 |  0.167354896082026 |  0.167354896082026
  Lowest 0-occ =    1.13823564135109 |    1.1382356413511 |    1.1382356413511
     k-point                  Roothaan mo_energy
   0 ( 0.083  0.000  0.000)   [-0.64913943  0.26160264  0.26160264  0.27959404] [1.04587511 1.04587511 1.04721258 1.34425968 1.63535089 1.80036216
 1.80036216 2.24877775 2.30244852 2.30244852 2.68769815 2.68769815
 2.7489668  3.18348682 3.62449658 3.62449658 3.69131192 3.69131192
 3.86069262 4.74525143 4.74525143 5.12236001]
   1 ( 0.583  0.000  0.000)   [-0.45685306 -0.17633571  0.1673549   0.1673549 ] [ 1.13823564  1.15885678  1.15885678  1.4045849   1.69145442  1.8034394
  1.80888704  1.80888704  2.21310438  2.21310438  2.87104947  2.94133999
  2.94133999  3.29608657  3.29608657  3.33804551  3.79027085  3.79027085
  3.83008796  3.86538613  3.86538613 10.76288496]
Ewald components = 1.16914688656015e-69, -1.47470687199088, 1.24004469635362
    CPU time for vj and vk      0.74 sec, wall time      0.10 sec
Ewald components = 8.63915484117797e-26, -47.334679725158, 34.5590124922986
E1 = (4.391598685204556-1.4245874445373286e-14j)  E_coul = (-2.2682095476601907-4.150388257899429e-14j)
Extra cycle  E= -10.652278095315  delta_E= -1e-09  |g|= 2.74e-05  |ddm|= 0.000248
    CPU time for scf_cycle    331.32 sec, wall time     45.53 sec
    CPU time for SCF    331.39 sec, wall time     45.54 sec
converged SCF energy = -10.652278095315
e_scf -10.652278095314976
Using Python 3.x
Wavefunction successfully saved to QMCPACK HDF5 Format
Use: "convert4qmc -pyscf  C_diamond-twist.h5" to generate QMCPACK input files
n Kpts 2
n active Mos per kpt 26
n AOs per kpt 26
n_atom per kpt 2
0 0 0 8 1 0
0 1 0 1 1 1
0 2 1 7 1 2
0 3 1 1 1 3
0 4 2 1 1 4
1 5 0 8 1 5
1 6 0 1 1 6
1 7 1 7 1 7
1 8 1 1 1 8
1 9 2 1 1 9
num_elec per kpt 8
Ewald components = 1.16914688656015e-69, -1.47470687199088, 1.24004469635362
Ewald components = 8.63915484117797e-26, -47.334679725158, 34.5590124922986
nucl_repul -29.305929275914895
using old get_j3ao_new
n df fitting functions 98
