
     Program PWSCF v.5.3.0 (svn rev. 11974) starts on 29Aug2017 at 17:40:48 

     This program is part of the open-source Quantum ESPRESSO suite
     for quantum simulation of materials; please cite
         "P. Giannozzi et al., J. Phys.:Condens. Matter 21 395502 (2009);
          URL http://www.quantum-espresso.org", 
     in publications or presentations arising from this work. More details at
     http://www.quantum-espresso.org/quote

     Parallel version (MPI), running on     1 processors
     Waiting for input...
     Reading input from standard input
     Message from routine read_cards :
     DEPRECATED: no units specified in CELL_PARAMETERS card

     Current dimensions of program PWSCF are:
     Max number of different atomic species (ntypx) = 10
     Max number of k-points (npk) =  40000
     Max angular momentum in pseudopotentials (lmaxx) =  3

     IMPORTANT: XC functional enforced from input :
     Exchange-correlation      = LDA ( 1  1  0  0 0 0)
     Any further DFT definition will be discarded
     Please, verify this is what you really want


     Subspace diagonalization in iterative solution of the eigenvalue problem:
     a serial algorithm will be used

 
     G-vector sticks info
     --------------------
     sticks:   dense  smooth     PW     G-vecs:    dense   smooth      PW
     Sum        2253    2253    569                81313    81313   10131
 


     bravais-lattice index     =            0
     lattice parameter (alat)  =       1.0000  a.u.
     unit-cell volume          =      53.9867 (a.u.)^3
     number of atoms/cell      =            2
     number of atomic types    =            1
     number of electrons       =         2.00
     number of Kohn-Sham states=            5
     kinetic-energy cutoff     =     500.0000  Ry
     charge density cutoff     =    2000.0000  Ry
     convergence threshold     =      1.0E-08
     mixing beta               =       0.7000
     number of iterations used =            8  plain     mixing
     Exchange-correlation      = LDA ( 1  1  0  0 0 0)

     celldm(1)=   1.000000  celldm(2)=   0.000000  celldm(3)=   0.000000
     celldm(4)=   0.000000  celldm(5)=   0.000000  celldm(6)=   0.000000

     crystal axes: (cart. coord. in units of alat)
               a(1) = (   3.779452   0.000000   0.000000 )  
               a(2) = (   0.000000   3.779452   0.000000 )  
               a(3) = (   0.000000   0.000000   3.779452 )  

     reciprocal axes: (cart. coord. in units 2 pi/alat)
               b(1) = (  0.264589  0.000000  0.000000 )  
               b(2) = (  0.000000  0.264589  0.000000 )  
               b(3) = (  0.000000  0.000000  0.264589 )  


     PseudoPot. # 1 for H  read from file:
     ./H.coulomb-ae.UPF
     MD5 check sum: 77822c82c66c143e367914000e4b9459
     Pseudo is Norm-conserving, Zval =  1.0
     Generated by new atomic code, or converted to UPF format
     Using radial grid of 1451 points,  0 beta functions with: 

     atomic species   valence    mass     pseudopotential
        H              1.00     1.00794     H ( 1.00)

     No symmetry found


                                    s                        frac. trans.

      isym =  1     identity                                     

 cryst.   s( 1) = (     1          0          0      )
                  (     0          1          0      )
                  (     0          0          1      )

 cart.    s( 1) = (  1.0000000  0.0000000  0.0000000 )
                  (  0.0000000  1.0000000  0.0000000 )
                  (  0.0000000  0.0000000  1.0000000 )


   Cartesian axes

     site n.     atom                  positions (alat units)
         1           H   tau(   1) = (   0.0000000   0.0000000   0.0000000  )
         2           H   tau(   2) = (   2.0897261   2.0897261   2.0897261  )

   Crystallographic axes

     site n.     atom                  positions (cryst. coord.)
         1           H   tau(   1) = (  0.0000000  0.0000000  0.0000000  )
         2           H   tau(   2) = (  0.5529177  0.5529177  0.5529177  )

     number of k points=     1  Fermi-Dirac smearing, width (Ry)=  0.0001
                       cart. coord. in units 2pi/alat
        k(    1) = (   0.0000000   0.0000000   0.0000000), wk =   2.0000000

                       cryst. coord.
        k(    1) = (   0.0000000   0.0000000   0.0000000), wk =   2.0000000

     Dense  grid:    81313 G-vectors     FFT dimensions: (  54,  54,  54)

     Largest allocated arrays     est. size (Mb)     dimensions
        Kohn-Sham Wavefunctions         0.77 Mb     (   10131,    5)
        NL pseudopotentials             0.00 Mb     (   10131,    0)
        Each V/rho on FFT grid          2.40 Mb     (  157464)
        Each G-vector array             0.62 Mb     (   81313)
        G-vector shells                 0.00 Mb     (     606)
     Largest temporary arrays     est. size (Mb)     dimensions
        Auxiliary wavefunctions         3.09 Mb     (   10131,   20)
        Each subspace H/S matrix        0.01 Mb     (      20,   20)
        Each <psi_i|beta_j> matrix      0.00 Mb     (       0,    5)
        Arrays for rho mixing          19.22 Mb     (  157464,    8)

     Initial potential from superposition of free atoms

     starting charge    1.99998, renormalised to    2.00000
     Starting wfc are random

     total cpu time spent up to now is        0.2 secs

     per-process dynamical memory:    40.9 Mb

     Self-consistent Calculation

     iteration #  1     ecut=   500.00 Ry     beta=0.70
     Davidson diagonalization with overlap
     ethr =  1.00E-02,  avg # of iterations =  8.0

     Threshold (ethr) on eigenvalues was too large:
     Diagonalizing with lowered threshold

     Davidson diagonalization with overlap
     ethr =  3.48E-04,  avg # of iterations =  1.0

     total cpu time spent up to now is        0.7 secs

     total energy              =      -3.32672510 Ry
     Harris-Foulkes estimate   =      -3.32703388 Ry
     estimated scf accuracy    <       0.00697038 Ry

     iteration #  2     ecut=   500.00 Ry     beta=0.70
     Davidson diagonalization with overlap
     ethr =  3.49E-04,  avg # of iterations =  1.0

     total cpu time spent up to now is        0.8 secs

     total energy              =      -3.32672941 Ry
     Harris-Foulkes estimate   =      -3.32672934 Ry
     estimated scf accuracy    <       0.00060954 Ry

     iteration #  3     ecut=   500.00 Ry     beta=0.70
     Davidson diagonalization with overlap
     ethr =  3.05E-05,  avg # of iterations =  1.0

     total cpu time spent up to now is        0.9 secs

     total energy              =      -3.32672976 Ry
     Harris-Foulkes estimate   =      -3.32672978 Ry
     estimated scf accuracy    <       0.00000008 Ry

     iteration #  4     ecut=   500.00 Ry     beta=0.70
     Davidson diagonalization with overlap
     ethr =  4.15E-09,  avg # of iterations =  3.0

     total cpu time spent up to now is        1.1 secs

     End of self-consistent calculation

          k = 0.0000 0.0000 0.0000 ( 10131 PWs)   bands (ev):

   -11.9063  13.3043  27.7450  28.2873  28.2873

     occupation numbers 
     1.0000   0.0000   0.0000   0.0000   0.0000

     the Fermi energy is     8.1905 ev

!    total energy              =      -3.32672976 Ry
     Harris-Foulkes estimate   =      -3.32672976 Ry
     estimated scf accuracy    <          9.3E-10 Ry

     The total energy is the sum of the following terms:

     one-electron contribution =      -0.23401053 Ry
     hartree contribution      =       0.02535953 Ry
     xc contribution           =      -1.20174754 Ry
     ewald contribution        =      -1.91633122 Ry
     smearing contrib. (-TS)   =       0.00000000 Ry

     convergence has been achieved in   4 iterations

     Writing output data file pwscf_dR.save
 
     init_run     :      0.28s CPU      0.15s WALL (       1 calls)
     electrons    :      1.71s CPU      0.88s WALL (       1 calls)

     Called by init_run:
     wfcinit      :      0.08s CPU      0.04s WALL (       1 calls)
     potinit      :      0.09s CPU      0.05s WALL (       1 calls)

     Called by electrons:
     c_bands      :      1.18s CPU      0.59s WALL (       5 calls)
     sum_band     :      0.27s CPU      0.14s WALL (       5 calls)
     v_of_rho     :      0.14s CPU      0.07s WALL (       5 calls)
     v_h          :      0.06s CPU      0.03s WALL (       5 calls)
     v_xc         :      0.08s CPU      0.04s WALL (       5 calls)
     mix_rho      :      0.08s CPU      0.05s WALL (       5 calls)

     Called by c_bands:
     cegterg      :      1.18s CPU      0.59s WALL (       5 calls)

     Called by sum_band:

     Called by *egterg:
     h_psi        :      1.17s CPU      0.58s WALL (      20 calls)
     g_psi        :      0.01s CPU      0.01s WALL (      14 calls)
     cdiaghg      :      0.00s CPU      0.00s WALL (      18 calls)
     cegterg:over :      0.02s CPU      0.01s WALL (      14 calls)
     cegterg:upda :      0.02s CPU      0.01s WALL (      14 calls)
     cegterg:last :      0.01s CPU      0.00s WALL (       7 calls)

     Called by h_psi:
     h_psi:vloc   :      1.16s CPU      0.58s WALL (      20 calls)

     General routines
     fft          :      0.22s CPU      0.11s WALL (      21 calls)
     fftw         :      1.24s CPU      0.61s WALL (     201 calls)
 
     Parallel routines
     fft_scatter  :      0.05s CPU      0.03s WALL (     222 calls)
 
     PWSCF        :     2.30s CPU         1.29s WALL

 
   This run was terminated on:  17:40:49  29Aug2017            

=------------------------------------------------------------------------------=
   JOB DONE.
=------------------------------------------------------------------------------=
