
     Program PWSCF v.6.3MaX starts on 20Nov2019 at  3:25: 9 

     This program is part of the open-source Quantum ESPRESSO suite
     for quantum simulation of materials; please cite
         "P. Giannozzi et al., J. Phys.:Condens. Matter 21 395502 (2009);
         "P. Giannozzi et al., J. Phys.:Condens. Matter 29 465901 (2017);
          URL http://www.quantum-espresso.org", 
     in publications or presentations arising from this work. More details at
     http://www.quantum-espresso.org/quote

     Parallel version (MPI), running on    24 processors

     MPI processes distributed on     4 nodes
     R & G space division:  proc/nbgrp/npool/nimage =      24
     Reading input from scf.in

     Current dimensions of program PWSCF are:
     Max number of different atomic species (ntypx) = 10
     Max number of k-points (npk) =  40000
     Max angular momentum in pseudopotentials (lmaxx) =  3
     Message from routine volume:
     axis vectors are left-handed
               file C.BFD.upf: wavefunction(s)  0s 0p renormalized

     Subspace diagonalization in iterative solution of the eigenvalue problem:
     one sub-group per band group will be used
     ELPA distributed-memory algorithm (size of sub-group:  3*  3 procs)

 
     Parallelization info
     --------------------
     sticks:   dense  smooth     PW     G-vecs:    dense   smooth      PW
     Min          30      30      9                 2614     2614     437
     Max          31      31     11                 2625     2625     457
     Sum         721     721    223                62879    62879   10759
 


     bravais-lattice index     =            0
     lattice parameter (alat)  =       4.6510  a.u.
     unit-cell volume          =     354.0257 (a.u.)^3
     number of atoms/cell      =            2
     number of atomic types    =            1
     number of electrons       =         8.00
     number of Kohn-Sham states=            8
     kinetic-energy cutoff     =     120.0000  Ry
     charge density cutoff     =     480.0000  Ry
     convergence threshold     =      1.0E-11
     mixing beta               =       0.7000
     number of iterations used =            8  plain     mixing
     Exchange-correlation      =   SLA   PW  PBE  PBE ( 1  4  3  4 0 0)

     celldm(1)=   4.650993  celldm(2)=   0.000000  celldm(3)=   0.000000
     celldm(4)=   0.000000  celldm(5)=   0.000000  celldm(6)=   0.000000

     crystal axes: (cart. coord. in units of alat)
               a(1) = (   0.866011   0.500024   0.000000 )  
               a(2) = (   0.866011  -0.500024   0.000000 )  
               a(3) = (   0.000000   0.000000   4.063059 )  

     reciprocal axes: (cart. coord. in units 2 pi/alat)
               b(1) = (  0.577360  0.999952  0.000000 )  
               b(2) = (  0.577360 -0.999952  0.000000 )  
               b(3) = (  0.000000  0.000000  0.246120 )  


     PseudoPot. # 1 for C  read from file:
     ./C.BFD.upf
     MD5 check sum: 02fd4bd23586e9bbe97c60bf7ee9bdf0
     Pseudo is Norm-conserving, Zval =  4.0
     Generated by new atomic code, or converted to UPF format
     Using radial grid of 2000 points,  1 beta functions with: 
                l(1) =   0

     atomic species   valence    mass     pseudopotential
        C              4.00    12.01078     C ( 1.00)

      2 Sym. Ops. (no inversion) found



   Cartesian axes

     site n.     atom                  positions (alat units)
         1           C   tau(   1) = (   0.2775076   0.0743627   2.0315297  )
         2           C   tau(   2) = (   0.5659801   0.5740440   2.0315297  )

     number of k points=    74  Marzari-Vanderbilt smearing, width (Ry)=  0.0010
                       cart. coord. in units 2pi/alat
        k(    1) = (   0.0000000   0.0000000   0.0000000), wk =   0.0138889
        k(    2) = (   0.0481133  -0.0833293   0.0000000), wk =   0.0277778
        k(    3) = (   0.0962266  -0.1666586   0.0000000), wk =   0.0277778
        k(    4) = (   0.1443399  -0.2499879   0.0000000), wk =   0.0277778
        k(    5) = (   0.1924532  -0.3333172   0.0000000), wk =   0.0277778
        k(    6) = (   0.2405665  -0.4166465   0.0000000), wk =   0.0277778
        k(    7) = (  -0.2886798   0.4999759   0.0000000), wk =   0.0138889
        k(    8) = (   0.0962266   0.0000000   0.0000000), wk =   0.0277778
        k(    9) = (   0.1443399  -0.0833293   0.0000000), wk =   0.0277778
        k(   10) = (   0.1924532  -0.1666586   0.0000000), wk =   0.0277778
        k(   11) = (   0.2405665  -0.2499879   0.0000000), wk =   0.0277778
        k(   12) = (   0.2886798  -0.3333172   0.0000000), wk =   0.0277778
        k(   13) = (  -0.2405665   0.5833052   0.0000000), wk =   0.0277778
        k(   14) = (  -0.1924532   0.4999759   0.0000000), wk =   0.0277778
        k(   15) = (  -0.1443399   0.4166465   0.0000000), wk =   0.0277778
        k(   16) = (  -0.0962266   0.3333172   0.0000000), wk =   0.0277778
        k(   17) = (  -0.0481133   0.2499879   0.0000000), wk =   0.0277778
        k(   18) = (  -0.0000000   0.1666586   0.0000000), wk =   0.0277778
        k(   19) = (   0.1924532   0.0000000   0.0000000), wk =   0.0277778
        k(   20) = (   0.2405665  -0.0833293   0.0000000), wk =   0.0277778
        k(   21) = (   0.2886798  -0.1666586   0.0000000), wk =   0.0277778
        k(   22) = (   0.3367931  -0.2499879   0.0000000), wk =   0.0277778
        k(   23) = (  -0.1924532   0.6666345   0.0000000), wk =   0.0277778
        k(   24) = (  -0.1443399   0.5833052   0.0000000), wk =   0.0277778
        k(   25) = (  -0.0962266   0.4999759   0.0000000), wk =   0.0277778
        k(   26) = (  -0.0481133   0.4166465   0.0000000), wk =   0.0277778
        k(   27) = (   0.0000000   0.3333172   0.0000000), wk =   0.0277778
        k(   28) = (   0.2886798   0.0000000   0.0000000), wk =   0.0277778
        k(   29) = (   0.3367931  -0.0833293   0.0000000), wk =   0.0277778
        k(   30) = (   0.3849064  -0.1666586   0.0000000), wk =   0.0277778
        k(   31) = (  -0.1443399   0.7499638   0.0000000), wk =   0.0277778
        k(   32) = (  -0.0962266   0.6666345   0.0000000), wk =   0.0277778
        k(   33) = (  -0.0481133   0.5833052   0.0000000), wk =   0.0277778
        k(   34) = (   0.0000000   0.4999759   0.0000000), wk =   0.0277778
        k(   35) = (   0.3849064   0.0000000   0.0000000), wk =   0.0277778
        k(   36) = (   0.4330197  -0.0833293   0.0000000), wk =   0.0277778
        k(   37) = (  -0.0962266   0.8332931   0.0000000), wk =   0.0277778
        k(   38) = (  -0.0481133   0.7499638   0.0000000), wk =   0.0277778
        k(   39) = (  -0.0000000   0.6666345   0.0000000), wk =   0.0277778
        k(   40) = (   0.4811330  -0.0000000   0.0000000), wk =   0.0277778
        k(   41) = (  -0.0481133   0.9166224   0.0000000), wk =   0.0277778
        k(   42) = (   0.0000000   0.8332931   0.0000000), wk =   0.0277778
        k(   43) = (  -0.5773596   0.0000000   0.0000000), wk =   0.0138889
        k(   44) = (  -0.0481133  -0.0833293   0.0000000), wk =   0.0277778
        k(   45) = (  -0.0962266  -0.1666586   0.0000000), wk =   0.0277778
        k(   46) = (  -0.1443399  -0.2499879   0.0000000), wk =   0.0277778
        k(   47) = (  -0.1924532  -0.3333172   0.0000000), wk =   0.0277778
        k(   48) = (  -0.2405665  -0.4166465   0.0000000), wk =   0.0277778
        k(   49) = (   0.2886798   0.4999759   0.0000000), wk =   0.0138889
        k(   50) = (  -0.1443399  -0.0833293   0.0000000), wk =   0.0277778
        k(   51) = (  -0.1924532  -0.1666586   0.0000000), wk =   0.0277778
        k(   52) = (  -0.2405665  -0.2499879   0.0000000), wk =   0.0277778
        k(   53) = (  -0.2886798  -0.3333172   0.0000000), wk =   0.0277778
        k(   54) = (   0.2405665   0.5833052   0.0000000), wk =   0.0277778
        k(   55) = (   0.1924532   0.4999759   0.0000000), wk =   0.0277778
        k(   56) = (   0.1443399   0.4166465   0.0000000), wk =   0.0277778
        k(   57) = (   0.0962266   0.3333172   0.0000000), wk =   0.0277778
        k(   58) = (   0.0481133   0.2499879   0.0000000), wk =   0.0277778
        k(   59) = (  -0.2405665  -0.0833293   0.0000000), wk =   0.0277778
        k(   60) = (  -0.2886798  -0.1666586   0.0000000), wk =   0.0277778
        k(   61) = (  -0.3367931  -0.2499879   0.0000000), wk =   0.0277778
        k(   62) = (   0.1924532   0.6666345   0.0000000), wk =   0.0277778
        k(   63) = (   0.1443399   0.5833052   0.0000000), wk =   0.0277778
        k(   64) = (   0.0962266   0.4999759   0.0000000), wk =   0.0277778
        k(   65) = (   0.0481133   0.4166465   0.0000000), wk =   0.0277778
        k(   66) = (  -0.3367931  -0.0833293   0.0000000), wk =   0.0277778
        k(   67) = (  -0.3849064  -0.1666586   0.0000000), wk =   0.0277778
        k(   68) = (   0.1443399   0.7499638   0.0000000), wk =   0.0277778
        k(   69) = (   0.0962266   0.6666345   0.0000000), wk =   0.0277778
        k(   70) = (   0.0481133   0.5833052   0.0000000), wk =   0.0277778
        k(   71) = (  -0.4330197  -0.0833293   0.0000000), wk =   0.0277778
        k(   72) = (   0.0962266   0.8332931   0.0000000), wk =   0.0277778
        k(   73) = (   0.0481133   0.7499638   0.0000000), wk =   0.0277778
        k(   74) = (   0.0481133   0.9166224   0.0000000), wk =   0.0277778

     Dense  grid:    62879 G-vectors     FFT dimensions: (  36,  36, 135)

     Estimated max dynamical RAM per process >       4.96 MB

     Estimated total dynamical RAM >     119.09 MB

     Initial potential from superposition of free atoms

     starting charge    0.63662, renormalised to    8.00000

     negative rho (up, down):  1.277E-08 0.000E+00
     Starting wfcs are    8 randomized atomic wfcs

     total cpu time spent up to now is        1.1 secs

     Self-consistent Calculation

     iteration #  1     ecut=   120.00 Ry     beta= 0.70
     Davidson diagonalization with overlap
     ethr =  1.00E-02,  avg # of iterations =  5.1

     total cpu time spent up to now is        5.4 secs

     total energy              =     -22.78013529 Ry
     Harris-Foulkes estimate   =     -22.92093716 Ry
     estimated scf accuracy    <       0.23370363 Ry

     iteration #  2     ecut=   120.00 Ry     beta= 0.70
     Davidson diagonalization with overlap
     ethr =  2.92E-03,  avg # of iterations =  3.0

     total cpu time spent up to now is        8.2 secs

     total energy              =     -22.81690322 Ry
     Harris-Foulkes estimate   =     -22.81706159 Ry
     estimated scf accuracy    <       0.00244198 Ry

     iteration #  3     ecut=   120.00 Ry     beta= 0.70
     Davidson diagonalization with overlap
     ethr =  3.05E-05,  avg # of iterations =  5.2

     total cpu time spent up to now is       12.7 secs

     total energy              =     -22.81729254 Ry
     Harris-Foulkes estimate   =     -22.81726846 Ry
     estimated scf accuracy    <       0.00016493 Ry

     iteration #  4     ecut=   120.00 Ry     beta= 0.70
     Davidson diagonalization with overlap
     ethr =  2.06E-06,  avg # of iterations =  2.9

     total cpu time spent up to now is       15.3 secs

     total energy              =     -22.81730051 Ry
     Harris-Foulkes estimate   =     -22.81730051 Ry
     estimated scf accuracy    <       0.00000178 Ry

     iteration #  5     ecut=   120.00 Ry     beta= 0.70
     Davidson diagonalization with overlap
     ethr =  2.22E-08,  avg # of iterations =  2.8

     total cpu time spent up to now is       18.0 secs

     total energy              =     -22.81730083 Ry
     Harris-Foulkes estimate   =     -22.81730273 Ry
     estimated scf accuracy    <       0.00000943 Ry

     iteration #  6     ecut=   120.00 Ry     beta= 0.70
     Davidson diagonalization with overlap
     ethr =  2.22E-08,  avg # of iterations =  1.6

     total cpu time spent up to now is       19.9 secs

     total energy              =     -22.81730176 Ry
     Harris-Foulkes estimate   =     -22.81730174 Ry
     estimated scf accuracy    <       0.00000003 Ry

     iteration #  7     ecut=   120.00 Ry     beta= 0.70
     Davidson diagonalization with overlap
     ethr =  3.85E-10,  avg # of iterations =  2.5

     total cpu time spent up to now is       22.4 secs

     total energy              =     -22.81730177 Ry
     Harris-Foulkes estimate   =     -22.81730177 Ry
     estimated scf accuracy    <          1.3E-09 Ry

     iteration #  8     ecut=   120.00 Ry     beta= 0.70
     Davidson diagonalization with overlap
     ethr =  1.63E-11,  avg # of iterations =  2.0

     total cpu time spent up to now is       24.6 secs

     total energy              =     -22.81730177 Ry
     Harris-Foulkes estimate   =     -22.81730177 Ry
     estimated scf accuracy    <          3.6E-10 Ry

     iteration #  9     ecut=   120.00 Ry     beta= 0.70
     Davidson diagonalization with overlap
     ethr =  4.45E-12,  avg # of iterations =  1.0

     total cpu time spent up to now is       26.2 secs

     total energy              =     -22.81730177 Ry
     Harris-Foulkes estimate   =     -22.81730177 Ry
     estimated scf accuracy    <          2.5E-11 Ry

     iteration # 10     ecut=   120.00 Ry     beta= 0.70
     Davidson diagonalization with overlap
     ethr =  3.07E-13,  avg # of iterations =  1.2

     total cpu time spent up to now is       27.8 secs

     End of self-consistent calculation

          k = 0.0000 0.0000 0.0000 (  7823 PWs)   bands (ev):

   -19.8378  -8.1314  -3.5835  -3.5582   2.6707   4.2598   5.5027   7.8653

          k = 0.0481-0.0833 0.0000 (  7812 PWs)   bands (ev):

   -19.6764  -7.9346  -4.2147  -3.9161   2.8948   4.4821   5.7237   7.9326

          k = 0.0962-0.1667 0.0000 (  7810 PWs)   bands (ev):

   -19.1939  -7.3495  -5.8451  -4.7115   3.5672   5.1461   6.3858   7.8472

          k = 0.1443-0.2500 0.0000 (  7852 PWs)   bands (ev):

   -18.3957  -7.9281  -6.3952  -5.5948   4.6861   6.1952   6.9109   7.3706

          k = 0.1925-0.3333 0.0000 (  7856 PWs)   bands (ev):

   -17.2930 -10.1100  -6.3313  -5.1221   4.4819   6.2420   7.1548   7.8224

          k = 0.2406-0.4166 0.0000 (  7886 PWs)   bands (ev):

   -15.9132 -12.1897  -6.8063  -3.6942   2.3304   6.8892   8.2590   9.7626

          k =-0.2887 0.5000 0.0000 (  7858 PWs)   bands (ev):

   -14.6338 -13.7099  -6.9692  -2.8471   1.2265   6.8049  10.5876  10.7362

          k = 0.0962 0.0000 0.0000 (  7812 PWs)   bands (ev):

   -19.6764  -7.9346  -4.2142  -3.9166   2.8949   4.4821   5.7237   7.9328

          k = 0.1443-0.0833 0.0000 (  7830 PWs)   bands (ev):

   -19.3544  -7.5436  -5.2383  -4.6017   3.3433   4.9256   6.1667   8.2168

          k = 0.1925-0.1667 0.0000 (  7834 PWs)   bands (ev):

   -18.7141  -6.9396  -6.7727  -5.5989   4.2397   5.8047   7.0505   7.7048

          k = 0.2406-0.2500 0.0000 (  7855 PWs)   bands (ev):

   -17.7635  -8.9965  -6.4846  -5.6526   5.5070   5.5804   7.1499   7.9904

          k = 0.2887-0.3333 0.0000 (  7872 PWs)   bands (ev):

   -16.5200 -11.0987  -7.1196  -4.2678   3.2851   7.3422   7.7460   8.8693

          k =-0.2406 0.5833 0.0000 (  7875 PWs)   bands (ev):

   -15.0496 -13.0282  -7.4484  -2.9539   1.5045   7.5472   9.5703  10.9273

          k =-0.1925 0.5000 0.0000 (  7873 PWs)   bands (ev):

   -15.0501 -13.0279  -7.4483  -2.9534   1.5036   7.5479   9.5698  10.9278

          k =-0.1443 0.4166 0.0000 (  7872 PWs)   bands (ev):

   -16.5204 -11.0987  -7.1192  -4.2672   3.2830   7.3426   7.7477   8.8696

          k =-0.0962 0.3333 0.0000 (  7855 PWs)   bands (ev):

   -17.7639  -8.9978  -6.4828  -5.6521   5.5042   5.5803   7.1500   7.9957

          k =-0.0481 0.2500 0.0000 (  7834 PWs)   bands (ev):

   -18.7143  -6.9451  -6.7724  -5.5927   4.2396   5.8047   7.0507   7.7016

          k =-0.0000 0.1667 0.0000 (  7832 PWs)   bands (ev):

   -19.3545  -7.5434  -5.2533  -4.5857   3.3433   4.9256   6.1668   8.2443

          k = 0.1925 0.0000 0.0000 (  7810 PWs)   bands (ev):

   -19.1938  -7.3494  -5.8444  -4.7122   3.5673   5.1462   6.3859   7.8460

          k = 0.2406-0.0833 0.0000 (  7834 PWs)   bands (ev):

   -18.7140  -6.9390  -6.7726  -5.5996   4.2397   5.8048   7.0506   7.7049

          k = 0.2887-0.1667 0.0000 (  7888 PWs)   bands (ev):

   -17.9214  -8.2521  -6.9637  -5.8321   5.3587   5.9671   6.8930   8.1616

          k = 0.3368-0.2500 0.0000 (  7879 PWs)   bands (ev):

   -16.8291  -9.9638  -8.0144  -4.5742   4.0014   6.9175   8.3740   9.5805

          k =-0.1925 0.6666 0.0000 (  7881 PWs)   bands (ev):

   -15.4690 -11.8595  -8.5849  -3.1420   2.0744   8.8936   9.4750  10.1175

          k =-0.1443 0.5833 0.0000 (  7860 PWs)   bands (ev):

   -14.2239 -13.3051  -8.7678  -2.2456   0.9987   9.3693  11.1663  11.3531

          k =-0.0962 0.5000 0.0000 (  7881 PWs)   bands (ev):

   -15.4699 -11.8595  -8.5839  -3.1404   2.0707   8.8937   9.4771  10.1186

          k =-0.0481 0.4166 0.0000 (  7879 PWs)   bands (ev):

   -16.8299  -9.9665  -8.0105  -4.5729   3.9962   6.9172   8.3744   9.5879

          k = 0.0000 0.3333 0.0000 (  7888 PWs)   bands (ev):

   -17.9220  -8.2613  -6.9529  -5.8311   5.3584   5.9611   6.8932   8.1618

          k = 0.2887 0.0000 0.0000 (  7852 PWs)   bands (ev):

   -18.3956  -7.9274  -6.3950  -5.5957   4.6863   6.1955   6.9111   7.3698

          k = 0.3368-0.0833 0.0000 (  7857 PWs)   bands (ev):

   -17.7634  -8.9958  -6.4856  -5.6524   5.5074   5.5806   7.1500   7.9886

          k = 0.3849-0.1667 0.0000 (  7879 PWs)   bands (ev):

   -16.8290  -9.9632  -8.0152  -4.5741   4.0016   6.9176   8.3740   9.5793

          k =-0.1443 0.7500 0.0000 (  7876 PWs)   bands (ev):

   -15.6164 -10.9726  -9.5017  -3.2261   2.3750   8.6805   9.7886  11.3913

          k =-0.0962 0.6666 0.0000 (  7864 PWs)   bands (ev):

   -14.2050 -12.3868 -10.2010  -1.8347   0.8444  10.4724  10.8037  11.6803

          k =-0.0481 0.5833 0.0000 (  7864 PWs)   bands (ev):

   -14.2060 -12.3872 -10.1993  -1.8318   0.8398  10.4744  10.8037  11.6788

          k = 0.0000 0.5000 0.0000 (  7876 PWs)   bands (ev):

   -15.6176 -10.9776  -9.4947  -3.2231   2.3675   8.6799   9.7904  11.3976

          k = 0.3849 0.0000 0.0000 (  7856 PWs)   bands (ev):

   -17.2928 -10.1093  -6.3323  -5.1218   4.4823   6.2423   7.1526   7.8227

          k = 0.4330-0.0833 0.0000 (  7872 PWs)   bands (ev):

   -16.5197 -11.0980  -7.1207  -4.2675   3.2854   7.3423   7.7438   8.8696

          k =-0.0962 0.8333 0.0000 (  7881 PWs)   bands (ev):

   -15.4688 -11.8589  -8.5858  -3.1416   2.0745   8.8938   9.4725  10.1176

          k =-0.0481 0.7500 0.0000 (  7864 PWs)   bands (ev):

   -14.2049 -12.3864 -10.2016  -1.8344   0.8442  10.4723  10.8038  11.6778

          k =-0.0000 0.6666 0.0000 (  7848 PWs)   bands (ev):

   -12.9983 -12.9949 -11.1182  -0.4728  -0.4616  10.1831  12.4301  12.4407

          k = 0.4811-0.0000 0.0000 (  7884 PWs)   bands (ev):

   -15.9128 -12.1892  -6.8074  -3.6937   2.3306   6.8867   8.2596   9.7630

          k =-0.0481 0.9166 0.0000 (  7875 PWs)   bands (ev):

   -15.0492 -13.0277  -7.4495  -2.9533   1.5046   7.5446   9.5708  10.9276

          k = 0.0000 0.8333 0.0000 (  7856 PWs)   bands (ev):

   -14.2232 -13.3049  -8.7687  -2.2448   0.9985   9.3666  11.1672  11.3525

          k =-0.5774 0.0000 0.0000 (  7858 PWs)   bands (ev):

   -14.6331 -13.7097  -6.9703  -2.8463   1.2266   6.8024  10.5885  10.7368

          k =-0.0481-0.0833 0.0000 (  7812 PWs)   bands (ev):

   -19.6764  -7.9345  -4.2307  -3.8994   2.8948   4.4821   5.7237   7.9536

          k =-0.0962-0.1667 0.0000 (  7810 PWs)   bands (ev):

   -19.1940  -7.3491  -5.8570  -4.6978   3.5672   5.1462   6.3859   7.8584

          k =-0.1443-0.2500 0.0000 (  7852 PWs)   bands (ev):

   -18.3961  -7.9363  -6.3942  -5.5837   4.6861   6.1959   6.9047   7.3732

          k =-0.1925-0.3333 0.0000 (  7856 PWs)   bands (ev):

   -17.2936 -10.1157  -6.3219  -5.1198   4.4747   6.2419   7.1577   7.8220

          k =-0.2406-0.4166 0.0000 (  7886 PWs)   bands (ev):

   -15.9140 -12.1940  -6.7978  -3.6890   2.3195   6.8908   8.2589   9.7625

          k = 0.2887 0.5000 0.0000 (  7858 PWs)   bands (ev):

   -14.6331 -13.7153  -6.9611  -2.8379   1.2116   6.8061  10.5893  10.7336

          k =-0.1443-0.0833 0.0000 (  7830 PWs)   bands (ev):

   -19.3545  -7.5434  -5.2530  -4.5858   3.3433   4.9257   6.1668   8.2445

          k =-0.1925-0.1667 0.0000 (  7834 PWs)   bands (ev):

   -18.7143  -6.9517  -6.7719  -5.5847   4.2397   5.8050   7.0508   7.6994

          k =-0.2406-0.2500 0.0000 (  7855 PWs)   bands (ev):

   -17.7641  -9.0042  -6.4741  -5.6508   5.5001   5.5804   7.1496   7.9978

          k =-0.2887-0.3333 0.0000 (  7872 PWs)   bands (ev):

   -16.5208 -11.1038  -7.1111  -4.2641   3.2755   7.3423   7.7497   8.8696

          k = 0.2406 0.5833 0.0000 (  7875 PWs)   bands (ev):

   -15.0503 -13.0324  -7.4407  -2.9460   1.4908   7.5494   9.5701  10.9281

          k = 0.1925 0.5000 0.0000 (  7873 PWs)   bands (ev):

   -15.0504 -13.0323  -7.4407  -2.9461   1.4909   7.5494   9.5698  10.9279

          k = 0.1443 0.4166 0.0000 (  7872 PWs)   bands (ev):

   -16.5209 -11.1035  -7.1112  -4.2642   3.2756   7.3421   7.7498   8.8694

          k = 0.0962 0.3333 0.0000 (  7855 PWs)   bands (ev):

   -17.7642  -9.0039  -6.4743  -5.6510   5.5002   5.5802   7.1494   7.9979

          k = 0.0481 0.2500 0.0000 (  7834 PWs)   bands (ev):

   -18.7144  -6.9516  -6.7720  -5.5849   4.2395   5.8049   7.0507   7.6994

          k =-0.2406-0.0833 0.0000 (  7834 PWs)   bands (ev):

   -18.7142  -6.9446  -6.7722  -5.5931   4.2397   5.8049   7.0509   7.7018

          k =-0.2887-0.1667 0.0000 (  7888 PWs)   bands (ev):

   -17.9218  -8.2614  -6.9529  -5.8309   5.3587   5.9611   6.8934   8.1621

          k =-0.3368-0.2500 0.0000 (  7879 PWs)   bands (ev):

   -16.8298  -9.9710  -8.0050  -4.5716   3.9932   6.9175   8.3747   9.5881

          k = 0.1925 0.6666 0.0000 (  7881 PWs)   bands (ev):

   -15.4699 -11.8642  -8.5776  -3.1364   2.0633   8.8937   9.4794  10.1192

          k = 0.1443 0.5833 0.0000 (  7860 PWs)   bands (ev):

   -14.2227 -13.3109  -8.7613  -2.2365   0.9849   9.3716  11.1686  11.3504

          k = 0.0962 0.5000 0.0000 (  7881 PWs)   bands (ev):

   -15.4702 -11.8637  -8.5777  -3.1367   2.0636   8.8932   9.4795  10.1189

          k = 0.0481 0.4166 0.0000 (  7879 PWs)   bands (ev):

   -16.8300  -9.9706  -8.0053  -4.5719   3.9934   6.9171   8.3743   9.5879

          k =-0.3368-0.0833 0.0000 (  7857 PWs)   bands (ev):

   -17.7637  -8.9973  -6.4835  -5.6518   5.5044   5.5806   7.1503   7.9938

          k =-0.3849-0.1667 0.0000 (  7879 PWs)   bands (ev):

   -16.8295  -9.9663  -8.0110  -4.5725   3.9961   6.9177   8.3748   9.5869

          k = 0.1443 0.7500 0.0000 (  7876 PWs)   bands (ev):

   -15.6172 -10.9780  -9.4948  -3.2226   2.3672   8.6805   9.7909  11.3981

          k = 0.0962 0.6666 0.0000 (  7864 PWs)   bands (ev):

   -14.2053 -12.3917 -10.1950  -1.8270   0.8330  10.4760  10.8039  11.6810

          k = 0.0481 0.5833 0.0000 (  7864 PWs)   bands (ev):

   -14.2058 -12.3911 -10.1951  -1.8273   0.8334  10.4759  10.8031  11.6812

          k =-0.4330-0.0833 0.0000 (  7872 PWs)   bands (ev):

   -16.5200 -11.0983  -7.1201  -4.2667   3.2832   7.3429   7.7453   8.8700

          k = 0.0962 0.8333 0.0000 (  7881 PWs)   bands (ev):

   -15.4693 -11.8593  -8.5846  -3.1397   2.0706   8.8944   9.4744  10.1191

          k = 0.0481 0.7500 0.0000 (  7864 PWs)   bands (ev):

   -14.2054 -12.3874 -10.1999  -1.8311   0.8393  10.4744  10.8046  11.6760

          k = 0.0481 0.9166 0.0000 (  7875 PWs)   bands (ev):

   -15.0495 -13.0276  -7.4493  -2.9527   1.5035   7.5453   9.5706  10.9283

     the Fermi energy is    -0.4657 ev

!    total energy              =     -22.81730177 Ry
     Harris-Foulkes estimate   =     -22.81730177 Ry
     estimated scf accuracy    <          3.9E-13 Ry

     The total energy is the sum of the following terms:

     one-electron contribution =     -91.09656372 Ry
     hartree contribution      =      47.28967444 Ry
     xc contribution           =      -7.01464268 Ry
     ewald contribution        =      28.00423625 Ry
     smearing contrib. (-TS)   =      -0.00000605 Ry

     convergence has been achieved in  10 iterations

     Forces acting on atoms (cartesian axes, Ry/au):

     atom    1 type  1   force =     0.00081557    0.00182638    0.00000000
     atom    2 type  1   force =    -0.00081557   -0.00182638    0.00000000

     Total force =     0.002829     Total SCF correction =     0.000000


     Computing stress (Cartesian axis) and pressure

          total   stress  (Ry/bohr**3)                   (kbar)     P=   -5.08
  -0.00003034  -0.00001660   0.00000000         -4.46     -2.44      0.00
  -0.00001660  -0.00004810   0.00000000         -2.44     -7.08      0.00
   0.00000000   0.00000000  -0.00002522          0.00      0.00     -3.71


     Writing output data file Gr.save/
 
     init_run     :      0.57s CPU      0.85s WALL (       1 calls)
     electrons    :     17.52s CPU     27.71s WALL (       1 calls)
     forces       :      0.03s CPU      0.03s WALL (       1 calls)
     stress       :      0.04s CPU      0.04s WALL (       1 calls)

     Called by init_run:
     wfcinit      :      0.46s CPU      0.72s WALL (       1 calls)
     potinit      :      0.04s CPU      0.04s WALL (       1 calls)
     hinit0       :      0.05s CPU      0.07s WALL (       1 calls)

     Called by electrons:
     c_bands      :     16.54s CPU     25.73s WALL (      10 calls)
     sum_band     :      0.77s CPU      0.79s WALL (      10 calls)
     v_of_rho     :      0.21s CPU      0.21s WALL (      11 calls)
     mix_rho      :      0.01s CPU      0.01s WALL (      10 calls)

     Called by c_bands:
     init_us_2    :      0.02s CPU      0.03s WALL (    1702 calls)
     cegterg      :     16.49s CPU     25.62s WALL (     740 calls)

     Called by sum_band:

     Called by *egterg:
     h_psi        :      4.28s CPU      5.07s WALL (    2846 calls)
     g_psi        :      0.01s CPU      0.03s WALL (    2032 calls)
     cdiaghg      :     10.05s CPU     13.29s WALL (    2772 calls)

     Called by h_psi:
     h_psi:pot    :      4.27s CPU      5.05s WALL (    2846 calls)
     h_psi:calbec :      0.09s CPU      0.10s WALL (    2846 calls)
     vloc_psi     :      3.76s CPU      4.36s WALL (    2846 calls)
     add_vuspsi   :      0.40s CPU      0.57s WALL (    2846 calls)

     General routines
     calbec       :      0.09s CPU      0.10s WALL (    3216 calls)
     fft          :      0.21s CPU      0.22s WALL (     118 calls)
     ffts         :      0.00s CPU      0.00s WALL (      10 calls)
     fftw         :      4.20s CPU      4.77s WALL (   37320 calls)
 
     Parallel routines
     fft_scatt_xy :      0.31s CPU      0.35s WALL (   37448 calls)
     fft_scatt_yz :      2.45s CPU      2.76s WALL (   37448 calls)
 
     PWSCF        :    18.43s CPU        34.53s WALL

 
   This run was terminated on:   3:25:43  20Nov2019            

=------------------------------------------------------------------------------=
   JOB DONE.
=------------------------------------------------------------------------------=
