#INFO: **** input file is /gpfs/mira-fs1/projects/catalyst/abenali/test/Spherical/FeCO6.py ****
#! /usr/bin/env python3

'''
Gamma point Hartree-Fock/DFT
The 2-electron integrals are computed using Poisson solver with FFT by default.
In most scenario, it should be used with pseudo potential.
'''

# Note import path which is different to molecule code
#from pyscf.pbc import gto, scf, df, dft
from pyscf import gto, df, dft
import  numpy





cell = gto.M(
   atom ='''
             Fe    0.0000013   -0.0000001   -0.0000001
             C     0.0000037   -0.0072194    2.3405884
             O    -0.0000299   -0.0415619    3.4549199
             C     2.3029923   -0.0000137   -0.0000135
             O     3.4182461   -0.0000170   -0.0000168
             C    -2.3029877    0.0000133    0.0000131
             O    -3.4182415    0.0000167    0.0000165
             C    -0.0000019    0.0072196   -2.3405883
             O     0.0000250    0.0415622   -3.4549197
             C    -0.0000028   -2.3369861    0.0065791
             O     0.0000240   -3.4513475    0.0412328
             C     0.0000037    2.3369862   -0.0065788
             O    -0.0000326    3.4513476   -0.0412324
''',
   basis ='bfd-vtz',
   ecp='bfd',
   unit="angstrom",
   spin=4,
   verbose = 5,
   cart = False,
   charge = 2,
)




mf = dft.RKS(cell).density_fit()
#mf = dft.RKS(cell)
mf.xc = 'b3lyp'
#mf.chkfile = 'FeCO6.chk'
#dm = mf.from_chk('FeCO6.chk')
mf.chkfile = 'FeCO6-spherical.chk'
dm = mf.from_chk('FeCO6-spherical.chk')
mf.kernel(dm)
#mf.kernel()

title='FeCO6'
kpts=[]

from PyscfToQmcpack import savetoqmcpack
savetoqmcpack(cell,mf,title=title,kpts=kpts)
#INFO: ******************** input file end ********************


System: ('Linux', 'cooleylogin2', '3.10.0-862.6.3.el7.x86_64', '#1 SMP Fri Jun 15 17:57:37 EDT 2018', 'x86_64', 'x86_64')  Threads 12
Python 2.7.11 |Anaconda custom (64-bit)| (default, Dec  6 2015, 18:08:32) 
[GCC 4.4.7 20120313 (Red Hat 4.4.7-1)]
numpy 1.11.0  scipy 0.17.0
Date: Tue Jul  3 18:34:49 2018
PySCF version 1.5
PySCF path  /soft/applications/pyscf/pyscf
GIT HEAD      ref: refs/heads/master
GIT master branch  f2dbb26d09ae5148fbf5975669a994500ac7a4c9

[CONFIG] conf_file None
[INPUT] verbose = 5
[INPUT] max_memory = 4000 
[INPUT] num. atoms = 13
[INPUT] num. electrons = 74
[INPUT] charge = 2
[INPUT] spin (= nelec alpha-beta = 2S) = 4
[INPUT] symmetry False subgroup None
[INPUT] Mole.unit = angstrom
[INPUT]  1 Fe     0.000001300000  -0.000000100000  -0.000000100000 AA    0.000002456644  -0.000000188973  -0.000000188973 Bohr
[INPUT]  2 C      0.000003700000  -0.007219400000   2.340588400000 AA    0.000006991987  -0.013642688784   4.423071046334 Bohr
[INPUT]  3 O     -0.000029900000  -0.041561900000   3.454919900000 AA   -0.000056502811  -0.078540608217   6.528852393310 Bohr
[INPUT]  4 C      2.302992300000  -0.000013700000  -0.000013500000 AA    4.352024713982  -0.000025889248  -0.000025511303 Bohr
[INPUT]  5 O      3.418246100000  -0.000017000000  -0.000016800000 AA    6.459548955363  -0.000032125344  -0.000031747399 Bohr
[INPUT]  6 C     -2.302987700000   0.000013300000   0.000013100000 AA   -4.352016021242   0.000025133357   0.000024755412 Bohr
[INPUT]  7 O     -3.418241500000   0.000016700000   0.000016500000 AA   -6.459540262622   0.000031558426   0.000031180481 Bohr
[INPUT]  8 C     -0.000001900000   0.007219600000  -2.340588300000 AA   -0.000003590480   0.013643066729  -4.423070857361 Bohr
[INPUT]  9 O      0.000025000000   0.041562200000  -3.454919700000 AA    0.000047243153   0.078541175134  -6.528852015364 Bohr
[INPUT] 10 C     -0.000002800000  -2.336986100000   0.006579100000 AA   -0.000005291233  -4.416263685915   0.012432697146 Bohr
[INPUT] 11 O      0.000024000000  -3.451347500000   0.041232800000 AA    0.000045353427  -6.522101535702   0.077918699349 Bohr
[INPUT] 12 C      0.000003700000   2.336986200000  -0.006578800000 AA    0.000006991987   4.416263874888  -0.012432130228 Bohr
[INPUT] 13 O     -0.000032600000   3.451347600000  -0.041232400000 AA   -0.000061605072   6.522101724675  -0.077917943459 Bohr
[INPUT] ---------------- BASIS SET ---------------- 
[INPUT] l, kappa, [nprim/nctr], expnt,             c_1 c_2 ...
[INPUT] C
[INPUT] 0    0    [9    /1   ]  13.073594         -0.000705
                                6.541187          0.015176
                                3.272791          -0.121499
                                1.637494          -0.033512
                                0.819297          0.180113
                                0.409924          0.380369
                                0.2051            0.397529
                                0.102619          0.169852
                                0.051344          0.013991
[INPUT] 0    0    [1    /1   ]  0.921552             1
[INPUT] 0    0    [1    /1   ]  0.1328               1
[INPUT] 1    0    [9    /1   ]  7.480076          0.021931
                                3.741035          0.054425
                                1.871016          0.112024
                                0.935757          0.210979
                                0.468003          0.289868
                                0.234064          0.302667
                                0.117063          0.191634
                                0.058547          0.050426
                                0.029281          0.001787
[INPUT] 1    0    [1    /1   ]  0.126772             1
[INPUT] 1    0    [1    /1   ]  0.376742             1
[INPUT] 2    0    [1    /1   ]  0.329486             1
[INPUT] 2    0    [1    /1   ]  1.141611             1
[INPUT] 3    0    [1    /1   ]  0.773485             1
[INPUT] Fe
[INPUT] 0    0    [8    /4   ]  25.882657         -0.010318 0.000341 -0.030967 0.429968
                                14.037755         0.230364 -0.047646 -0.034192 -1.786544
                                9.007794          -0.566551 0.136465 0.383443 1.482641
                                2.06835           0.544437 -0.153371 -1.259192 2.684004
                                0.993498          0.540001 -0.288555 -0.098913 -6.15249
                                0.471151          0.143115 -0.044212 1.194321 4.806621
                                0.102489          0.007386 0.704768 0.555024 -2.134831
                                0.036902          0.001869 0.415407 -1.077563 0.805728
[INPUT] 0    0    [1    /1   ]  0.0175               1
[INPUT] 1    0    [7    /4   ]  16.659389         0.007223 -0.00556 0.008185 0.037533
                                10.450653         -0.070315 0.063506 -0.125348 0.089805
                                4.183289          0.229161 -0.276956 0.657186 -1.569597
                                2.117962          0.393199 -0.321479 0.505908 1.106861
                                1.064494          0.361596 -0.004808 -0.773757 1.129157
                                0.514743          0.154139 0.330833 -0.592779 -1.167998
                                0.210442          0.016498 0.357095 0.185315 -0.795499
[INPUT] 1    0    [1    /1   ]  0.105                1
[INPUT] 2    0    [6    /3   ]  10.232413         0.081591 -0.0865 -0.101424
                                4.841151          0.26319 -0.339738 -0.548492
                                2.039827          0.342856 -0.328882 -0.002091
                                0.840565          0.338326 0.130025 0.828457
                                0.328485          0.24073 0.494941 -0.088206
                                0.116926          0.088375 0.365933 -0.590958
[INPUT] 2    0    [1    /1   ]  0.058                1
[INPUT] 3    0    [1    /1   ]  1.340407             1
[INPUT] 3    0    [1    /1   ]  4.50241              1
[INPUT] 4    0    [1    /1   ]  3.599562             1
[INPUT] O
[INPUT] 0    0    [9    /1   ]  54.775216         -7.6e-05
                                25.616801         0.000407
                                11.980245         0.012024
                                5.602818          -0.128627
                                2.620277          0.019567
                                1.225429          0.295926
                                0.573098          0.453752
                                0.268022          0.304848
                                0.125346          0.055741
[INPUT] 0    0    [1    /1   ]  1.686633             1
[INPUT] 0    0    [1    /1   ]  0.237997             1
[INPUT] 1    0    [9    /1   ]  21.217318         0.004679
                                10.620108         0.039899
                                5.315785          0.082308
                                2.660761          0.161134
                                1.331816          0.242835
                                0.666627          0.281879
                                0.333673          0.255999
                                0.167017          0.150175
                                0.083598          0.044958
[INPUT] 1    0    [1    /1   ]  0.184696             1
[INPUT] 1    0    [1    /1   ]  0.600621             1
[INPUT] 2    0    [1    /1   ]  0.66934              1
[INPUT] 2    0    [1    /1   ]  2.404278             1
[INPUT] 3    0    [1    /1   ]  1.423104             1

nuclear repulsion = 422.430491715947
number of shells = 117
number of NR pGTOs = 823
number of NR cGTOs = 411
basis = bfd-vtz
ecp = bfd
CPU time:         0.31


******** <class 'pyscf.df.df_jk.DFHF'> flags ********
method = DFHF-ROKS-ROHF-RHF
initial guess = minao
damping factor = 0
level shift factor = 0
DIIS = <class 'pyscf.scf.diis.CDIIS'>
DIIS start cycle = 1
DIIS space = 8
SCF tol = 1e-09
SCF gradient tol = None
max. SCF cycles = 50
direct_scf = False
chkfile to save SCF result = FeCO6-spherical.chk
max_memory 4000 MB (current use 97 MB)
num. doubly occ = 35  num. singly occ = 4
XC functionals = b3lyp
radial grids: 
    Treutler-Ahlrichs (JCP 102, 346 (M4)) radial grids
    
becke partition: Becke, JCP, 88, 2547 (1988)
pruning grids: <function nwchem_prune at 0x7f1db2add500>
grids dens level: 3
symmetrized grids: False
atomic radii adjust function: <function treutler_atomic_radii_adjust at 0x7f1db2add410>

WARN: Invalid number of electrons 74 for RHF method.

Set gradient conv threshold to 3.16228e-05
cond(S) = 4491.74243924
atom Fe rad-grids = 90, ang-grids = [ 50  50  50  50  50  50  50  50  50  50  50  50  50  50  50  50  50  50
  50  50  50  50  50  50  50  50  50  50  50  50  86  86  86  86  86  86
  86  86  86  86  86  86  86  86  86  86 350 350 350 350 350 350 350 350
 350 350 350 434 434 434 434 434 434 434 434 434 434 434 434 434 434 434
 434 434 434 434 434 434 350 350 350 350 350 350 350 350 350 350 350 350]
atom C rad-grids = 75, ang-grids = [ 50  50  50  50  50  50  50  50  50  50  50  50  50  50  50  50  50  50
  50  50  50  50  50  86  86  86  86  86  86  86  86  86  86 266 266 266
 266 266 266 266 302 302 302 302 302 302 302 302 302 302 302 302 302 302
 302 302 302 302 302 302 266 266 266 266 266 266 266 266 266 266 266 266
 266 266 266]
atom O rad-grids = 75, ang-grids = [ 50  50  50  50  50  50  50  50  50  50  50  50  50  50  50  50  50  50
  50  50  50  50  86  86  86  86  86  86  86  86  86 266 266 266 266 266
 266 266 302 302 302 302 302 302 302 302 302 302 302 302 302 302 302 302
 302 302 302 266 266 266 266 266 266 266 266 266 266 266 266 266 266 266
 266 266 266]
tot grids = 189024
Drop grids 17150
    CPU time for setting up grids      9.59 sec, wall time      0.93 sec
nelec by numeric integration = [ 39.00000842  35.0000069 ]
    CPU time for vxc     47.32 sec, wall time      6.15 sec
******** <class 'pyscf.df.df.DF'> flags ********
auxbasis = None
max_memory = 4000
_cderi_to_save = /gpfs/mira-fs1/projects/catalyst/abenali/test/Spherical/tmpaaGew4
Even tempered Gaussians are generated as DF auxbasis for  C Fe O
  ETB auxbasis for C  [[0, [13.144064, 1]], [0, [6.5720320000000001, 1]], [0, [3.286016, 1]], [0, [1.643008, 1]], [0, [0.82150400000000001, 1]], [0, [0.41075200000000001, 1]], [0, [0.205376, 1]], [0, [0.102688, 1]], [1, [9.9260799172636123, 1]], [1, [4.9630399586318061, 1]], [1, [2.4815199793159031, 1]], [1, [1.2407599896579515, 1]], [1, [0.62037999482897577, 1]], [1, [0.31018999741448788, 1]], [1, [0.15509499870724394, 1]], [1, [0.077547499353621971, 1]], [2, [14.991872000000001, 1]], [2, [7.4959360000000004, 1]], [2, [3.7479680000000002, 1]], [2, [1.8739840000000001, 1]], [2, [0.93699200000000005, 1]], [2, [0.46849600000000002, 1]], [2, [0.23424800000000001, 1]], [2, [0.11712400000000001, 1]], [2, [0.058562000000000003, 1]], [3, [3.1431232676406444, 1]], [3, [1.5715616338203222, 1]], [3, [0.78578081691016111, 1]], [3, [0.39289040845508055, 1]], [3, [0.19644520422754028, 1]], [4, [2.635888, 1]], [4, [1.317944, 1]], [4, [0.658972, 1]]]
  ETB auxbasis for Fe  [[0, [35.840000000000003, 1]], [0, [17.920000000000002, 1]], [0, [8.9600000000000009, 1]], [0, [4.4800000000000004, 1]], [0, [2.2400000000000002, 1]], [0, [1.1200000000000001, 1]], [0, [0.56000000000000005, 1]], [0, [0.28000000000000003, 1]], [0, [0.14000000000000001, 1]], [0, [0.070000000000000007, 1]], [0, [0.035000000000000003, 1]], [1, [21.947428095337276, 1]], [1, [10.973714047668638, 1]], [1, [5.4868570238343191, 1]], [1, [2.7434285119171595, 1]], [1, [1.3717142559585798, 1]], [1, [0.68585712797928988, 1]], [1, [0.34292856398964494, 1]], [1, [0.17146428199482247, 1]], [1, [0.085732140997411235, 1]], [2, [32.623682195607536, 1]], [2, [16.311841097803768, 1]], [2, [8.155920548901884, 1]], [2, [4.077960274450942, 1]], [2, [2.038980137225471, 1]], [2, [1.0194900686127355, 1]], [2, [0.50974503430636775, 1]], [2, [0.25487251715318388, 1]], [2, [0.12743625857659194, 1]], [2, [0.063718129288295969, 1]], [3, [19.977843727489709, 1]], [3, [9.9889218637448547, 1]], [3, [4.9944609318724273, 1]], [3, [2.4972304659362137, 1]], [3, [1.2486152329681068, 1]], [3, [0.62430761648405342, 1]], [3, [0.31215380824202671, 1]], [3, [0.15607690412101335, 1]], [4, [14.848000000000001, 1]], [4, [7.4240000000000004, 1]], [4, [3.7120000000000002, 1]], [4, [1.8560000000000001, 1]], [4, [0.92800000000000005, 1]], [4, [0.46400000000000002, 1]], [4, [0.23200000000000001, 1]], [4, [0.11600000000000001, 1]], [5, [8.922412932833808, 1]], [5, [4.461206466416904, 1]], [5, [2.230603233208452, 1]], [5, [1.115301616604226, 1]], [5, [0.557650808302113, 1]], [6, [10.723255999999999, 1]], [6, [5.3616279999999996, 1]], [6, [2.6808139999999998, 1]]]
  ETB auxbasis for O  [[0, [16.044288000000002, 1]], [0, [8.0221440000000008, 1]], [0, [4.0110720000000004, 1]], [0, [2.0055360000000002, 1]], [0, [1.0027680000000001, 1]], [0, [0.50138400000000005, 1]], [0, [0.25069200000000003, 1]], [1, [26.205542138461631, 1]], [1, [13.102771069230815, 1]], [1, [6.5513855346154077, 1]], [1, [3.2756927673077039, 1]], [1, [1.6378463836538519, 1]], [1, [0.81892319182692597, 1]], [1, [0.40946159591346298, 1]], [1, [0.20473079795673149, 1]], [2, [21.401088000000001, 1]], [2, [10.700544000000001, 1]], [2, [5.3502720000000004, 1]], [2, [2.6751360000000002, 1]], [2, [1.3375680000000001, 1]], [2, [0.66878400000000005, 1]], [2, [0.33439200000000002, 1]], [2, [0.16719600000000001, 1]], [3, [7.5695717823189979, 1]], [3, [3.7847858911594989, 1]], [3, [1.8923929455797495, 1]], [3, [0.94619647278987473, 1]], [3, [0.47309823639493737, 1]], [4, [5.3547200000000004, 1]], [4, [2.6773600000000002, 1]], [4, [1.3386800000000001, 1]]]
num shells = 438, num cGTOs = 1942
size of aux basis 1942
    CPU time for 2c2e      0.19 sec, wall time      0.02 sec
    CPU time for Cholesky 2c2e      0.49 sec, wall time      0.05 sec
erifile 1315.371 MB, IO buf size 255.98667 MB
int3c2e [1/6], AO [0:47], nrow = 16471
    CPU time for gen CD eri [1/6]     14.59 sec, wall time      1.87 sec
int3c2e [2/6], AO [47:70], nrow = 15914
    CPU time for gen CD eri [2/6]      9.46 sec, wall time      1.05 sec
int3c2e [3/6], AO [70:88], nrow = 16443
    CPU time for gen CD eri [3/6]     11.03 sec, wall time      1.20 sec
int3c2e [4/6], AO [88:103], nrow = 15792
    CPU time for gen CD eri [4/6]      9.86 sec, wall time      0.99 sec
int3c2e [5/6], AO [103:115], nrow = 15180
    CPU time for gen CD eri [5/6]      9.85 sec, wall time      0.99 sec
int3c2e [6/6], AO [115:117], nrow = 4866
    CPU time for gen CD eri [6/6]      3.39 sec, wall time      0.34 sec
    CPU time for generate (ij|L) 1 pass     59.05 sec, wall time      6.53 sec
    CPU time for step 2 [1/5], [0,0:450], row = 450      1.85 sec, wall time      0.92 sec
    CPU time for step 2 [2/5], [0,450:900], row = 450      0.34 sec, wall time      0.58 sec
    CPU time for step 2 [3/5], [0,900:1350], row = 450      0.32 sec, wall time      0.61 sec
    CPU time for step 2 [4/5], [0,1350:1800], row = 450      0.35 sec, wall time      0.91 sec
    CPU time for step 2 [5/5], [0,1800:1942], row = 142      0.13 sec, wall time      1.06 sec
    CPU time for cholesky_eri     62.06 sec, wall time     11.14 sec
    CPU time for vj and vk    119.13 sec, wall time     17.98 sec
Ecoul = 608.821461223  Exc = -43.3447725561
init E= -253.560805433858
    CPU time for initialize scf    196.59 sec, wall time     27.07 sec
  HOMO = -0.556620150623887  LUMO = -0.39872976498967
                  Roothaan           | alpha              | beta
  Highest 2-occ = -0.682005108408032 | -0.719861543395448 | -0.644148673412429
  Lowest 0-occ =   -0.39872976498967 | -0.403726989104183 | -0.393732545798694
  1-occ =         -0.628272167897432 | -0.785719009623145 | -0.470825316144793
  1-occ =         -0.625330896109261 | -0.784249399510442 | -0.466412383354539
  1-occ =         -0.581550724217651 | -0.731801936289621 | -0.431299494014488
  1-occ =         -0.556620150623887 |  -0.71517387664194 | -0.398066408844733
  Roothaan mo_energy =
[ -3.90454863e+00  -2.65065507e+00  -2.61892354e+00  -2.61840522e+00
  -1.49618474e+00  -1.49607033e+00  -1.49604712e+00  -1.49598943e+00
  -1.49435698e+00  -1.49434328e+00  -9.17690174e-01  -9.00105170e-01
  -9.00062988e-01  -8.98822488e-01  -8.97634295e-01  -8.96566510e-01
  -8.33786126e-01  -8.14445435e-01  -8.14236015e-01  -8.13910546e-01
  -8.13834041e-01  -8.13748947e-01  -8.13478443e-01  -8.09333386e-01
  -8.08567374e-01  -8.08561710e-01  -8.07172463e-01  -8.06265690e-01
  -8.06222988e-01  -7.76740259e-01  -7.76632017e-01  -7.75349771e-01
  -7.74914489e-01  -7.73731104e-01  -6.82005108e-01  -6.28272168e-01
  -6.25330896e-01  -5.81550724e-01  -5.56620151e-01  -3.98729765e-01
  -3.98398746e-01  -3.96770989e-01  -3.87941884e-01  -3.85923381e-01
  -3.85620071e-01  -3.59787280e-01  -3.59205040e-01  -3.58724097e-01
  -3.32639042e-01  -3.30953497e-01  -3.30684967e-01  -2.95179190e-01
  -2.27012488e-01  -1.66948252e-01  -1.65158458e-01  -1.62677965e-01
  -1.53284896e-01  -1.52971958e-01  -1.44431899e-01  -1.44328881e-01
  -1.43924047e-01  -1.02579824e-01  -9.42500107e-02  -9.20640196e-02
   6.29117414e-03   6.94961025e-03   1.00972360e-02   2.52549750e-02
   2.58796242e-02   2.60730550e-02   2.66307254e-02   2.73931868e-02
   2.91565752e-02   1.12570504e-01   1.14145215e-01   1.14383574e-01
   1.30084103e-01   1.31100843e-01   1.31779145e-01   1.63975983e-01
   1.67651338e-01   1.67711925e-01   1.69761603e-01   1.79615290e-01
   1.81380760e-01   1.85812660e-01   1.87894151e-01   1.88247732e-01
   2.25869191e-01   2.27135852e-01   2.29129921e-01   2.31873519e-01
   2.31877125e-01   2.33317506e-01   2.50020277e-01   2.51718558e-01
   2.52268688e-01   3.04003331e-01   3.04545665e-01   3.05075054e-01
   3.06394663e-01   3.09104553e-01   3.10629037e-01   3.12552055e-01
   3.43885982e-01   3.47074236e-01   3.95196280e-01   4.04155210e-01
   4.04394160e-01   4.06663747e-01   4.22076780e-01   4.28039895e-01
   4.28108147e-01   4.31891684e-01   4.32532357e-01   4.33972877e-01
   4.34232848e-01   4.37196472e-01   4.38402949e-01   4.98703993e-01
   5.04456513e-01   5.16951830e-01   5.19992528e-01   5.31970556e-01
   5.34565402e-01   5.37007966e-01   5.37141109e-01   5.40469038e-01
   5.53425925e-01   5.55927596e-01   6.40641015e-01   6.50751248e-01
   6.51905180e-01   8.03852152e-01   8.06600608e-01   8.09862991e-01
   8.10943771e-01   8.20836789e-01   8.93899465e-01   9.26546619e-01
   9.33290296e-01   9.34840592e-01   9.85264477e-01   9.86324353e-01
   9.86895518e-01   1.00787960e+00   1.01181372e+00   1.21499341e+00
   1.24163082e+00   1.24339868e+00   1.24762772e+00   1.24891777e+00
   1.25004384e+00   1.25007585e+00   1.25070306e+00   1.25078566e+00
   1.25085644e+00   1.25163680e+00   1.26533626e+00   1.30715238e+00
   1.31631519e+00   1.33240941e+00   1.33607784e+00   1.62344503e+00
   1.62369434e+00   1.62560761e+00   1.64103826e+00   1.64479644e+00
   1.64994164e+00   1.68265415e+00   1.68908555e+00   1.68957704e+00
   1.69069118e+00   1.69155866e+00   1.69498178e+00   1.70299077e+00
   1.70663528e+00   1.72175641e+00   1.72474815e+00   1.72622539e+00
   1.72764282e+00   1.73497330e+00   1.73750472e+00   1.73923909e+00
   1.75132991e+00   1.75935426e+00   1.76120406e+00   1.76734157e+00
   1.76767688e+00   1.76770854e+00   1.82486415e+00   1.83235049e+00
   1.83307553e+00   1.94261205e+00   1.97488192e+00   2.13162064e+00
   2.16643132e+00   2.16885256e+00   2.17008622e+00   2.17133211e+00
   2.17253841e+00   2.32560643e+00   2.32623816e+00   2.32637192e+00
   2.32968242e+00   2.33049470e+00   2.33059956e+00   2.33700176e+00
   2.33772824e+00   2.33840275e+00   2.34270167e+00   2.34356555e+00
   2.34413758e+00   2.41520523e+00   2.49791062e+00   2.49901036e+00
   2.50052319e+00   2.50372607e+00   2.51767666e+00   2.51853976e+00
   2.52334682e+00   2.52341066e+00   2.52559962e+00   2.52578957e+00
   2.54499666e+00   2.54543544e+00   2.60208334e+00   2.60319242e+00
   2.60519937e+00   2.62579804e+00   2.62615266e+00   2.62694869e+00
   2.63051535e+00   2.63123588e+00   2.63222572e+00   2.64291763e+00
   2.68872951e+00   2.69106505e+00   2.69159005e+00   2.69263301e+00
   2.69312543e+00   2.70029749e+00   2.70036723e+00   2.70046833e+00
   2.70066413e+00   2.70081125e+00   2.70144092e+00   2.71459816e+00
   2.71870128e+00   2.72236570e+00   2.72296836e+00   2.72407487e+00
   2.72407783e+00   2.74272496e+00   2.76945535e+00   2.77315039e+00
   2.77647699e+00   2.79701820e+00   2.80173384e+00   2.80706378e+00
   2.81573569e+00   2.81694719e+00   2.90978522e+00   2.91132194e+00
   2.93606524e+00   2.95079515e+00   2.95474167e+00   3.05501599e+00
   3.06285350e+00   3.06741317e+00   3.08431868e+00   3.12033405e+00
   3.16410211e+00   3.16638861e+00   3.18701150e+00   3.26378607e+00
   3.27325006e+00   3.28081957e+00   3.37265418e+00   3.38884793e+00
   3.46192600e+00   3.46465589e+00   3.46589526e+00   3.48941788e+00
   3.49777398e+00   3.50272176e+00   3.50323323e+00   3.50520458e+00
   3.50537171e+00   3.54059957e+00   3.54146910e+00   3.54178207e+00
   3.73978504e+00   3.76281696e+00   3.76740377e+00   3.88989818e+00
   3.96209149e+00   3.96430060e+00   3.97227556e+00   4.03151317e+00
   4.04002500e+00   4.04125561e+00   4.17318505e+00   4.18214735e+00
   4.19462015e+00   4.74095768e+00   4.74108665e+00   4.74116657e+00
   4.74119940e+00   4.74122473e+00   4.74123692e+00   4.74124151e+00
   4.74175327e+00   4.74253175e+00   4.74253721e+00   4.74280105e+00
   4.74282265e+00   5.13352800e+00   5.14322732e+00   5.16069267e+00
   5.16170087e+00   5.16210932e+00   5.16259183e+00   5.16268437e+00
   5.16346879e+00   5.16372798e+00   5.16574148e+00   5.16705063e+00
   5.16751354e+00   5.31849624e+00   5.35786804e+00   5.91365560e+00
   5.92106871e+00   5.92677146e+00   5.96991353e+00   5.97007742e+00
   5.97028846e+00   5.97559952e+00   5.97587768e+00   5.97610170e+00
   6.00785779e+00   6.01262354e+00   6.01382286e+00   6.02622256e+00
   6.02827921e+00   6.02828861e+00   6.02985004e+00   6.03216021e+00
   6.04186693e+00   6.06408947e+00   6.06701601e+00   6.07089277e+00
   6.08294545e+00   6.09486504e+00   6.10075111e+00   6.10079316e+00
   6.10114297e+00   6.10204102e+00   6.10267875e+00   6.10273505e+00
   6.10413762e+00   6.10444409e+00   6.10548783e+00   6.10656317e+00
   6.10656570e+00   6.34607102e+00   6.37830938e+00   6.58846853e+00
   6.58863853e+00   6.58885378e+00   6.59142641e+00   6.59187616e+00
   6.59442529e+00   6.61696941e+00   6.61732303e+00   6.61866364e+00
   6.62518599e+00   6.62725926e+00   6.62744254e+00   6.86493495e+00
   6.86543368e+00   6.86605505e+00   6.86608132e+00   6.87518881e+00
   6.87912346e+00   9.35455426e+00   1.06405133e+01   1.06517818e+01
   1.06609292e+01   1.06799808e+01   1.06903349e+01   1.07935856e+01
   1.08214739e+01   1.08360179e+01   1.11842552e+01   1.15467861e+01
   1.15512955e+01   1.15613783e+01   1.15848504e+01   1.16763472e+01
   1.16867771e+01   1.17046074e+01   1.33640595e+01   1.33649868e+01
   1.33657121e+01   1.33731654e+01   1.33818829e+01   1.33878032e+01
   1.33895889e+01   1.34064765e+01   1.34135506e+01]
nelec by numeric integration = [ 39.00000842  35.0000069 ]
    CPU time for vxc     32.77 sec, wall time      3.23 sec
    CPU time for vj and vk     16.62 sec, wall time      1.58 sec
Ecoul = 608.8214641  Exc = -43.3447729401
cycle= 1 E= -253.560805433859  delta_E= -1.02e-12  |g|= 4.45e-07  |ddm|= 5.15e-07
    CPU time for cycle= 1     50.42 sec, wall time      4.91 sec
  HOMO = -0.556619998246417  LUMO = -0.398729766472978
                  Roothaan           | alpha              | beta
  Highest 2-occ = -0.682004971196937 | -0.719861402457527 |  -0.64414853992834
  Lowest 0-occ =  -0.398729766472978 | -0.403726988330537 | -0.393732531024967
  1-occ =         -0.628272014572901 |  -0.78571886746433 | -0.470825189428288
  1-occ =         -0.625330741955518 | -0.784249253459204 | -0.466412256262062
  1-occ =         -0.581550575616671 | -0.731801829676035 | -0.431299370989206
  1-occ =         -0.556619998246417 | -0.715173758185184 | -0.398066281868163
  Roothaan mo_energy =
[ -3.90454844e+00  -2.65065489e+00  -2.61892335e+00  -2.61840503e+00
  -1.49618472e+00  -1.49607031e+00  -1.49604711e+00  -1.49598941e+00
  -1.49435699e+00  -1.49434329e+00  -9.17690169e-01  -9.00105151e-01
  -9.00062962e-01  -8.98822495e-01  -8.97634271e-01  -8.96566506e-01
  -8.33786120e-01  -8.14445429e-01  -8.14236000e-01  -8.13910533e-01
  -8.13834035e-01  -8.13748942e-01  -8.13478438e-01  -8.09333370e-01
  -8.08567372e-01  -8.08561710e-01  -8.07172446e-01  -8.06265687e-01
  -8.06222988e-01  -7.76740269e-01  -7.76632025e-01  -7.75349780e-01
  -7.74914492e-01  -7.73731111e-01  -6.82004971e-01  -6.28272015e-01
  -6.25330742e-01  -5.81550576e-01  -5.56619998e-01  -3.98729766e-01
  -3.98398750e-01  -3.96770985e-01  -3.87941892e-01  -3.85923389e-01
  -3.85620076e-01  -3.59787286e-01  -3.59205049e-01  -3.58724106e-01
  -3.32639051e-01  -3.30953508e-01  -3.30684977e-01  -2.95179177e-01
  -2.27012489e-01  -1.66948247e-01  -1.65158454e-01  -1.62677966e-01
  -1.53284900e-01  -1.52971963e-01  -1.44431908e-01  -1.44328890e-01
  -1.43924057e-01  -1.02579829e-01  -9.42500132e-02  -9.20640201e-02
   6.29117441e-03   6.94960257e-03   1.00972323e-02   2.52549753e-02
   2.58796132e-02   2.60730558e-02   2.66307143e-02   2.73931769e-02
   2.91565727e-02   1.12570504e-01   1.14145212e-01   1.14383571e-01
   1.30084099e-01   1.31100843e-01   1.31779144e-01   1.63975990e-01
   1.67651338e-01   1.67711931e-01   1.69761608e-01   1.79615299e-01
   1.81380763e-01   1.85812666e-01   1.87894156e-01   1.88247734e-01
   2.25869193e-01   2.27135858e-01   2.29129917e-01   2.31873517e-01
   2.31877121e-01   2.33317507e-01   2.50020276e-01   2.51718544e-01
   2.52268684e-01   3.04003329e-01   3.04545665e-01   3.05075055e-01
   3.06394669e-01   3.09104560e-01   3.10629043e-01   3.12552056e-01
   3.43885967e-01   3.47074223e-01   3.95196273e-01   4.04155206e-01
   4.04394156e-01   4.06663739e-01   4.22076771e-01   4.28039892e-01
   4.28108136e-01   4.31891674e-01   4.32532355e-01   4.33972870e-01
   4.34232837e-01   4.37196462e-01   4.38402956e-01   4.98703985e-01
   5.04456519e-01   5.16951829e-01   5.19992525e-01   5.31970565e-01
   5.34565394e-01   5.37007974e-01   5.37141108e-01   5.40469037e-01
   5.53425916e-01   5.55927586e-01   6.40641007e-01   6.50751239e-01
   6.51905173e-01   8.03852171e-01   8.06600609e-01   8.09862985e-01
   8.10943772e-01   8.20836808e-01   8.93899468e-01   9.26546640e-01
   9.33290317e-01   9.34840613e-01   9.85264479e-01   9.86324352e-01
   9.86895522e-01   1.00787961e+00   1.01181372e+00   1.21499342e+00
   1.24163084e+00   1.24339868e+00   1.24762774e+00   1.24891779e+00
   1.25004386e+00   1.25007585e+00   1.25070306e+00   1.25078565e+00
   1.25085645e+00   1.25163681e+00   1.26533627e+00   1.30715239e+00
   1.31631519e+00   1.33240943e+00   1.33607784e+00   1.62344504e+00
   1.62369435e+00   1.62560761e+00   1.64103824e+00   1.64479641e+00
   1.64994162e+00   1.68265416e+00   1.68908555e+00   1.68957705e+00
   1.69069117e+00   1.69155864e+00   1.69498176e+00   1.70299078e+00
   1.70663529e+00   1.72175643e+00   1.72474815e+00   1.72622540e+00
   1.72764283e+00   1.73497331e+00   1.73750472e+00   1.73923910e+00
   1.75132993e+00   1.75935428e+00   1.76120405e+00   1.76734154e+00
   1.76767686e+00   1.76770852e+00   1.82486412e+00   1.83235046e+00
   1.83307551e+00   1.94261208e+00   1.97488195e+00   2.13162063e+00
   2.16643131e+00   2.16885255e+00   2.17008621e+00   2.17133210e+00
   2.17253840e+00   2.32560640e+00   2.32623814e+00   2.32637190e+00
   2.32968239e+00   2.33049468e+00   2.33059954e+00   2.33700173e+00
   2.33772822e+00   2.33840274e+00   2.34270165e+00   2.34356553e+00
   2.34413756e+00   2.41520522e+00   2.49791062e+00   2.49901035e+00
   2.50052318e+00   2.50372606e+00   2.51767664e+00   2.51853975e+00
   2.52334680e+00   2.52341065e+00   2.52559961e+00   2.52578956e+00
   2.54499665e+00   2.54543542e+00   2.60208333e+00   2.60319242e+00
   2.60519936e+00   2.62579804e+00   2.62615266e+00   2.62694869e+00
   2.63051532e+00   2.63123589e+00   2.63222573e+00   2.64291763e+00
   2.68872948e+00   2.69106505e+00   2.69159003e+00   2.69263300e+00
   2.69312542e+00   2.70029750e+00   2.70036722e+00   2.70046832e+00
   2.70066412e+00   2.70081124e+00   2.70144091e+00   2.71459817e+00
   2.71870129e+00   2.72236571e+00   2.72296834e+00   2.72407485e+00
   2.72407782e+00   2.74272493e+00   2.76945533e+00   2.77315037e+00
   2.77647698e+00   2.79701818e+00   2.80173381e+00   2.80706377e+00
   2.81573568e+00   2.81694718e+00   2.90978521e+00   2.91132194e+00
   2.93606524e+00   2.95079514e+00   2.95474167e+00   3.05501601e+00
   3.06285353e+00   3.06741319e+00   3.08431868e+00   3.12033416e+00
   3.16410221e+00   3.16638872e+00   3.18701161e+00   3.26378614e+00
   3.27325013e+00   3.28081964e+00   3.37265417e+00   3.38884792e+00
   3.46192600e+00   3.46465589e+00   3.46589525e+00   3.48941789e+00
   3.49777399e+00   3.50272176e+00   3.50323325e+00   3.50520458e+00
   3.50537171e+00   3.54059957e+00   3.54146910e+00   3.54178207e+00
   3.73978507e+00   3.76281699e+00   3.76740380e+00   3.88989819e+00
   3.96209151e+00   3.96430062e+00   3.97227557e+00   4.03151319e+00
   4.04002501e+00   4.04125563e+00   4.17318517e+00   4.18214748e+00
   4.19462027e+00   4.74095771e+00   4.74108669e+00   4.74116660e+00
   4.74119944e+00   4.74122476e+00   4.74123696e+00   4.74124154e+00
   4.74175330e+00   4.74253174e+00   4.74253721e+00   4.74280105e+00
   4.74282265e+00   5.13352802e+00   5.14322736e+00   5.16069268e+00
   5.16170090e+00   5.16210933e+00   5.16259185e+00   5.16268440e+00
   5.16346878e+00   5.16372799e+00   5.16574150e+00   5.16705066e+00
   5.16751354e+00   5.31849632e+00   5.35786812e+00   5.91365561e+00
   5.92106872e+00   5.92677146e+00   5.96991354e+00   5.97007745e+00
   5.97028846e+00   5.97559954e+00   5.97587769e+00   5.97610171e+00
   6.00785781e+00   6.01262355e+00   6.01382287e+00   6.02622255e+00
   6.02827920e+00   6.02828860e+00   6.02985003e+00   6.03216020e+00
   6.04186693e+00   6.06408949e+00   6.06701603e+00   6.07089278e+00
   6.08294547e+00   6.09486507e+00   6.10075116e+00   6.10079321e+00
   6.10114299e+00   6.10204103e+00   6.10267880e+00   6.10273510e+00
   6.10413762e+00   6.10444414e+00   6.10548788e+00   6.10656319e+00
   6.10656570e+00   6.34607106e+00   6.37830942e+00   6.58846857e+00
   6.58863855e+00   6.58885379e+00   6.59142642e+00   6.59187620e+00
   6.59442531e+00   6.61696942e+00   6.61732307e+00   6.61866366e+00
   6.62518603e+00   6.62725928e+00   6.62744256e+00   6.86493498e+00
   6.86543372e+00   6.86605504e+00   6.86608134e+00   6.87518885e+00
   6.87912347e+00   9.35455438e+00   1.06405133e+01   1.06517819e+01
   1.06609293e+01   1.06799808e+01   1.06903349e+01   1.07935858e+01
   1.08214741e+01   1.08360180e+01   1.11842553e+01   1.15467863e+01
   1.15512957e+01   1.15613785e+01   1.15848506e+01   1.16763474e+01
   1.16867773e+01   1.17046076e+01   1.33640597e+01   1.33649869e+01
   1.33657123e+01   1.33731656e+01   1.33818831e+01   1.33878034e+01
   1.33895891e+01   1.34064767e+01   1.34135508e+01]
nelec by numeric integration = [ 39.00000842  35.0000069 ]
    CPU time for vxc     32.65 sec, wall time      3.37 sec
    CPU time for vj and vk     16.20 sec, wall time      1.62 sec
Ecoul = 608.821456186  Exc = -43.3447719397
Extra cycle  E= -253.560805433858  delta_E= 1.25e-12  |g|= 1.17e-06  |ddm|= 1.03e-06
    CPU time for scf_cycle    296.85 sec, wall time     37.08 sec
    CPU time for SCF    296.86 sec, wall time     37.08 sec
converged SCF energy = -253.560805433858
Using Python 2.x
Wavefunction successfuly saved to QMCPACK HDF5 Format
Use: "convert4qmc -pyscf  FeCO6.h5" to generate QMCPACK input files
