Rank =    0  Free Memory = 61189 MB
Rank =    1  Free Memory = 61189 MB
Rank =    2  Free Memory = 61189 MB
Rank =    3  Free Memory = 61189 MB
Rank =    4  Free Memory = 61189 MB
Rank =    5  Free Memory = 61189 MB
Rank =    6  Free Memory = 61189 MB
Rank =    7  Free Memory = 61189 MB
Rank =    8  Free Memory = 61189 MB
Rank =    9  Free Memory = 61189 MB
Rank =   10  Free Memory = 61189 MB
Rank =   11  Free Memory = 61189 MB
Rank =   12  Free Memory = 61189 MB
Rank =   13  Free Memory = 61189 MB
Rank =   14  Free Memory = 61189 MB
Rank =   15  Free Memory = 61189 MB
  Input file(s): heg-SJB.xml 

=====================================================
                    QMCPACK 3.1.1 

  (c) Copyright 2003-  QMCPACK developers            

=====================================================
  Global options 
  async_swap=0 : using blocking send/recv for walker swaps 

  MPI Nodes            = 16
  MPI Nodes per group  = 16
  MPI Group ID         = 0
  OMP_NUM_THREADS      = 1

  Precision used in this calculation, see definitions in the manual:
  Base precision      = double
  Full precision      = double

  Input XML = heg-SJB.xml

  Project = heg_SJB
  date    = 2017-09-26 16:38:54 EDT
  host    = nid00301

  hamiltonian has MPC. Will read density if it is found.
  Offset for the random number seeds based on time 734
  Random number offset = 734  seeds = 5573-5711
  Create Global SuperCell 
  3D HEG system
     rs  = 5
     number of up particles = 7
     number of dn particles = 7
     filled kshells      = 1
     lattice constant    = 19.4256 bohr
  Simulation cell radius = 9.712825
  Wigner-Seitz    radius = 9.712825
<unitcell>
<parameter name="lattice">
     19.4256496894      0.0000000000      0.0000000000
      0.0000000000     19.4256496894      0.0000000000
      0.0000000000      0.0000000000     19.4256496894
</parameter>
<parameter name="bconds">  p  p  p </parameter>
<note>
Volume (A^3) = 7330.3828583762
Reciprocal vectors without 2*pi.
g_1 =       0.0514783297      0.0000000000      0.0000000000
g_2 =       0.0000000000      0.0514783297      0.0000000000
g_3 =       0.0000000000      0.0000000000      0.0514783297
Metric tensor in real-space.
h_1 = 377.3558658564 0.0000000000 0.0000000000 
h_2 = 0.0000000000 377.3558658564 0.0000000000 
h_3 = 0.0000000000 0.0000000000 377.3558658564 
Metric tensor in g-space.
h_1 = 0.1046185343 0.0000000000 0.0000000000 
h_2 = 0.0000000000 0.1046185343 0.0000000000 
h_3 = 0.0000000000 0.0000000000 0.1046185343 
</note>
<note>
	Long-range breakup parameters:
	rc*kc = 6.0000000000; rc = 1000000.0000000000; kc = 0.0000000000

</note>
</unitcell>
  Creating e particleset
  Initializing the lattice of e by the global supercell
  All the species have the same mass 1.0000000000
Particles are grouped. Safe to use groups 
	Long-range breakup parameters:
	rc*kc = 6.0000000000; rc = 9.7128248447; kc = 0.6177399568

	WignerSeitzRadius = 9.7128248447

	SimulationCellRadius = 9.7128248447

	Long-range breakup parameters:
	rc*kc = 6.0000000000; rc = 9.7128248447; kc = 0.6177399568

	WignerSeitzRadius = 9.7128248447

	SimulationCellRadius = 9.7128248447

--------------------------------------- 
<unitcell>
<parameter name="lattice">
     19.4256496894      0.0000000000      0.0000000000
      0.0000000000     19.4256496894      0.0000000000
      0.0000000000      0.0000000000     19.4256496894
</parameter>
<parameter name="bconds">  p  p  p </parameter>
<note>
Volume (A^3) = 7330.3828583762
Reciprocal vectors without 2*pi.
g_1 =       0.0514783297      0.0000000000      0.0000000000
g_2 =       0.0000000000      0.0514783297      0.0000000000
g_3 =       0.0000000000      0.0000000000      0.0514783297
Metric tensor in real-space.
h_1 = 377.3558658564 0.0000000000 0.0000000000 
h_2 = 0.0000000000 377.3558658564 0.0000000000 
h_3 = 0.0000000000 0.0000000000 377.3558658564 
Metric tensor in g-space.
h_1 = 0.1046185343 0.0000000000 0.0000000000 
h_2 = 0.0000000000 0.1046185343 0.0000000000 
h_3 = 0.0000000000 0.0000000000 0.1046185343 
</note>
<note>
	Long-range breakup parameters:
	rc*kc = 6.0000000000; rc = 9.7128248447; kc = 0.6177399568

</note>
</unitcell>
--------------------------------------- 

  Creating Structure Factor for periodic systems 0.6177399568
  KContainer initialised with cutoff 0.6177399568
   # of K-shell  = 4
   # of K points = 26
e
 Adding WavefunctionFactory for psi0
List of kpoints (half-sphere) 
0       0.0000000000      0.0000000000      0.3234478850 -0.1046185343
1       0.0000000000      0.3234478850      0.0000000000 -0.1046185343
2       0.3234478850      0.0000000000      0.0000000000 -0.1046185343
Creating Backflow transformation in ElectronGasOrbitalBuilder::put(xmlNodePtr cur).
  Copying a particle set e to e1 groups=2
  Distance table for AA: source/target = e
    PBC=bulk Orthorhombic=yes Using SymmetricDTD<T,DIM,PPPO> 9
 Using bounding box/reduced coordinates with 
  ... ParticleSet::addTable Create Table #0 e_e
Adding electron-electron backflow. 
  ... ParticleSet::addTable Reuse Table #0 e_e
Using BsplineFunctor type. 
Adding radial component for species: u u 0  0
  Jastrow cutoff unspecified.  Setting to Wigner-Seitz radius = 9.7128248447.
 size = 5 parameters 
 cusp = 0.0000000000
 rcut = 9.7128248447
Parameter     Name      Value
eeuu_0 0.0106298993 1 1  ON 0
eeuu_1 0.0617367437 1 1  ON 1
eeuu_2 0.0824605133 1 1  ON 2
eeuu_3 0.0199315718 1 1  ON 3
eeuu_4 0.0284214571 1 1  ON 4
Adding radial component for species: u d 0  1
  Jastrow cutoff unspecified.  Setting to Wigner-Seitz radius = 9.7128248447.
 size = 5 parameters 
 cusp = 0.0000000000
 rcut = 9.7128248447
Parameter     Name      Value
eeud_0 0.5824836964 1 1  ON 0
eeud_1 0.2722107090 1 1  ON 1
eeud_2 0.1644887754 1 1  ON 2
eeud_3 0.0750802261 1 1  ON 3
eeud_4 0.0388781831 1 1  ON 4
  ... ParticleSet::addTable Reuse Table #0 e_e
  ... ParticleSet::addTable Reuse Table #0 e_e
  FermionWF=SlaterDet
  BsplineJastrowBuilder adds a functor with cusp = -0.2500000000
  Jastrow cutoff unspecified.  Setting to Wigner-Seitz radius = 9.7128248447.
 size = 5 parameters 
 cusp = -0.2500000000
 rcut = 9.7128248447
Parameter     Name      Value
uu_0 1.0707116050 1 1  ON 0
uu_1 0.8007940734 1 1  ON 1
uu_2 0.5536996638 1 1  ON 2
uu_3 0.2534227771 1 1  ON 3
uu_4 0.1367602245 1 1  ON 4
  BsplineJastrowBuilder adds a functor with cusp = -0.5000000000
  Jastrow cutoff unspecified.  Setting to Wigner-Seitz radius = 9.7128248447.
 size = 5 parameters 
 cusp = -0.5000000000
 rcut = 9.7128248447
Parameter     Name      Value
ud_0 1.8410494090 1 1  ON 0
ud_1 1.1563504100 1 1  ON 1
ud_2 0.6935822234 1 1  ON 2
ud_3 0.3482003193 1 1  ON 3
ud_4 0.1525416364 1 1  ON 4
  QMCHamiltonian::addOperator Kinetic to H, physical Hamiltonian 
  ... ParticleSet::addTable Reuse Table #0 e_e
  ... ParticleSet::addTable Reuse Table #0 e_e

  Creating CoulombHandler with the optimal breakup. 
  KContainer initialised with cutoff 9.7034365506
   # of K-shell  = 752
   # of K points = 112930
  NUMBER OF OPT_BREAK KVECS = -884272395
 finding kc:  0.6177399568 , -1.0000000000
  LRBreakp parameter Kc =0.6177399568
    Continuum approximation in k = [9.7034365506,617.7399568021)

   LR Breakup chi^2 = 0.0000000135
   PBCAA self-interaction term -1.3581515357
   PBCAA total constant -2.6075623142
  Maximum K shell 3
  Number of k vectors 26
  Fixed Coulomb potential for e
    e-e Madelung Const. =-0.0666581690
    Vtot     =0.0000000000
  QMCHamiltonian::addOperator ElecElec to H, physical Hamiltonian 
QMCHamiltonian::addOperatorType added type coulomb named ElecElec
PairCorrEstimator report
  num_species = 2
  Volume      = 7330.3828583762
  Dmax        = 9.7128250000
  NumBins     = 200
  Delta       = 0.0485641250
  DeltaInv    = 20.5913315642
end PairCorrEstimator report
  QMCHamiltonian::addOperator gr to auxH 
QMCHamiltonian::addOperatorType added type gofr named gr

  QMCHamiltonian::add2WalkerProperty added
    2 to P::PropertyList 
    600 to P::Collectables 
    starting Index of the observables in P::PropertyList = 9
  Hamiltonian disables VirtualMoves
ParticleSetPool::randomize 
=========================================================
 Summary of QMC systems 
=========================================================
ParticleSetPool has: 

  ParticleSet e : 0 7 14 

    14

    u  1.4663507723e+01  2.9277763184e+00  1.8645866224e+01
    u  5.9951000542e+00  1.1027275361e+00  2.2357386695e+00
    u  1.2916706935e+01  8.0121852747e+00  2.0121246723e+00
    u  2.7546288925e+00  1.5686932885e+01  1.9045071059e+01
    u  1.7740362529e+01  1.2836416844e+01  4.7854892062e+00
    u  1.3849266312e+01  1.2300987990e+01  2.1981952740e+00
    u  1.2792998739e+01  6.0832607056e+00  1.8317118611e+01
    d  6.4160461475e-01  1.8246525010e+01  9.6783151934e+00
    d  1.8454580028e+01  1.3448838972e+01  1.5057016575e+01
    d  1.1426519170e+01  5.5846086222e+00  6.3891631503e-01
    (... and 4 more particle positions ...)

  Hamiltonian h0
  Kinetic         Kinetic energy
  ElecElec        CoulombPBCAA potential: e_e

=========================================================
  Start VMCSingleOMP
  File Root heg_SJB.s000 append = no 
=========================================================
  Adding 1 walkers to 0 existing sets
  Total number of walkers: 1.6000000000e+01
  Total weight: 1.6000000000e+01
  Resetting Properties of the walkers 1 x 11

<vmc function="put">
  qmc_counter=0  my_counter=0
  time step      = 5.0000000000e+00
  blocks         = 800
  steps          = 4000
  substeps       = 1
  current        = 0
  target samples = 0.0000000000e+00
  walkers/mpi    = 1

  stepsbetweensamples = 3204000
<parameter name="blocks" condition="int">800</parameter>
<parameter name="blocks_between_recompute" condition="int">0</parameter>
<parameter name="check_properties" condition="int">100</parameter>
<parameter name="checkproperties" condition="int">100</parameter>
<parameter name="current" condition="int">0</parameter>
<parameter name="dmcwalkersperthread" condition="real">0.0000000000e+00</parameter>
<parameter name="maxcpusecs" condition="real">3.6000000000e+05</parameter>
<parameter name="record_configs" condition="int">0</parameter>
<parameter name="record_walkers" condition="int">3204000</parameter>
<parameter name="recordconfigs" condition="int">0</parameter>
<parameter name="recordwalkers" condition="int">3204000</parameter>
<parameter name="rewind" condition="int">0</parameter>
<parameter name="samples" condition="real">0.0000000000e+00</parameter>
<parameter name="samplesperthread" condition="real">0.0000000000e+00</parameter>
<parameter name="steps" condition="int">4000</parameter>
<parameter name="stepsbetweensamples" condition="int">3204000</parameter>
<parameter name="store_configs" condition="int">0</parameter>
<parameter name="storeconfigs" condition="int">0</parameter>
<parameter name="sub_steps" condition="int">1</parameter>
<parameter name="substeps" condition="int">1</parameter>
<parameter name="tau" condition="au">5.0000000000e+00</parameter>
<parameter name="time_step" condition="au">5.0000000000e+00</parameter>
<parameter name="timestep" condition="au">5.0000000000e+00</parameter>
<parameter name="use_drift" condition="string">yes</parameter>
<parameter name="usedrift" condition="string">yes</parameter>
<parameter name="walkers" condition="int">1</parameter>
<parameter name="warmup_steps" condition="int">0</parameter>
<parameter name="warmupsteps" condition="int">0</parameter>
  DumpConfig==false Nothing (configurations, state) will be saved.
  Walker Samples are dumped every 3204000 steps.
</vmc>
  Adding a default LocalEnergyEstimator for the MainEstimator 
  Using CollectablesEstimator for collectables, e.g. sk, gofr, density 
  Initial partition of walkers 0 1 
  PbyP moves with drift, using VMCUpdatePbyPWithDriftFast

  Total Sample Size   =0
  Walker distribution on root = 0 1 
  Anonymous Buffer size per walker : 7903 in base precision, in total 63224 bytes.
MEMORY increase 0 MB VMCSingleOMP::resetRun
====================================================
  SimpleFixedNodeBranch::finalize after a VMC block
    QMC counter        = 0
    time step          = 5
    reference energy   = -1.08219
    reference variance = 0.0210543
====================================================
  QMC Execution time = 1.6615e+03 secs 
  Total Execution time = 1.6615e+03 secs
_pmiu_daemon(SIGCHLD): [NID 00301] [c1-0c1s11n1] [Tue Sep 26 17:06:37 2017] PE RANK 0 exit signal Segmentation fault
[NID 00301] 2017-09-26 17:06:37 Apid 3700780: initiated application termination
Application 3700780 exit codes: 139
Application 3700780 resources: utime ~1659s, stime ~2s, Rss ~32964, inblocks ~12993, outblocks ~148800
