  Input file(s): NiO-vmc-dmc-ref.xml 

=====================================================
                    QMCPACK 3.6.0

       (c) Copyright 2003-  QMCPACK developers

                    Please cite:
 J. Kim et al. J. Phys. Cond. Mat. 30 195901 (2018)
      https://doi.org/10.1088/1361-648X/aab9c3

  Git branch: spline-based-tmove-tests-NiO
  Last git commit: 2122fa7daecd82361b18288a6cf81ecfbdac4648-dirty
  Last git commit date: Tue Dec 25 02:41:17 2018 -0600
  Last git commit subject: Further reduce duplicated lines.
=====================================================
  Global options 

  MPI Nodes             = 128
  MPI Nodes per group   = 128
  MPI Group ID          = 0
  OMP 1st level threads = 64
  OMP nested threading disabled or only 1 thread on the 2nd level

  Precision used in this calculation, see definitions in the manual:
  Base precision      = double
  Full precision      = double

  Structure-of-arrays (SoA) optimization enabled

  Input XML = NiO-vmc-dmc-ref.xml

  Project = NiO-fcc-S1-vmc-dmc
  date    = 2018-12-25 06:43:10 CST
  host    = nid00084

 Random Number
 -------------
  Offset for the random number seeds based on time: 478

  Range of prime numbers to use as seeds over processors and threads = 3413-89561


 Lattice
 -------
  Simulation cell radius   = 2.376241 bohr
  Wigner-Seitz cell radius = 2.786390 bohr

 Unit Cell
 ---------
  Lattice (bohr):      3.9405500000      3.9405500000      7.8811000000
                       7.8811000000      3.9405500000      3.9405500000
                       3.9405500000      7.8811000000      3.9405500000

  Boundary Conditions:  p  p  p 

  Volume (bohr^3) = 244.7544060629

  Reciprocal vectors without 2*pi.
    g_1 =      -0.0634429204     -0.0634429204      0.1903287612
    g_2 =       0.1903287612     -0.0634429204     -0.0634429204
    g_3 =      -0.0634429204      0.1903287612     -0.0634429204

  Metric tensor in real-space.
    h_1 = 93.1676058150 77.6396715125 77.6396715125 
    h_2 = 77.6396715125 93.1676058150 77.6396715125 
    h_3 = 77.6396715125 77.6396715125 93.1676058150 

  Metric tensor in g-space.
    h_1 = 1.7479087414 -0.7945039734 -0.7945039734 
    h_2 = -0.7945039734 1.7479087414 -0.7945039734 
    h_3 = -0.7945039734 -0.7945039734 1.7479087414 

 Particle Set 
 ------------
  Name: i
  Initializing the lattice by the global supercell
  All the species have the same mass 1.0000000000
  Long-range breakup parameters:
    rc*kc = 15.0000000000; rc = 2.3762410578; kc = 6.3124908776

  Creating Structure Factor for periodic systems 6.3124908776
  KContainer initialised with cutoff 6.3124908776
   # of K-shell  = 53
   # of K points = 1032

  Particle set size: 4

 Particle Set 
 ------------
  Name: e
  Initializing the lattice by the global supercell
  All the species have the same mass 1.0000000000
  Long-range breakup parameters:
    rc*kc = 15.0000000000; rc = 2.3762410578; kc = 6.3124908776

  Creating Structure Factor for periodic systems 6.3124908776
  KContainer initialised with cutoff 6.3124908776
   # of K-shell  = 53
   # of K points = 1032

  Particle set size: 48

 Wavefunction setup: 
 ------------------- 
  Name: psi0
  Created SPOSet builder named 'einspline' of type einspline
Reuse SPOSetBuilder "einspline" type einspline
  Building SPOSet '' with '' basis set.

  Distance table for similar particles (A-A):
    source/target: e
    Using structure-of-arrays (SoA) data layout
    Distance computations use general periodic cell in 3D with corner image checks.


  Distance table for dissimilar particles (A-B):
    source: i  target: e
    Using structure-of-arrays (SoA) data layout
    Distance computations use general periodic cell in 3D with corner image checks.


  Distance table for similar particles (A-A):
    source/target: i
    Using structure-of-arrays (SoA) data layout
    Distance computations use general periodic cell in 3D with corner image checks.

  TileMatrix = 
 [  1  0  0
    1  0  1
    1  1  0 ]
  Reading 24 orbitals from HDF5 file.
  HDF5 orbital file version 2.1.0
  Reading orbital file in ESHDF format.
  ESHDF orbital file version 2.1.0
  Lattice = 
    [  3.940550  3.940550  7.881100
       0.000000  3.940550 -3.940550
       3.940550  0.000000 -3.940550 ]
  SuperLattice = 
    [  3.940550  3.940550  7.881100
       7.881100  3.940550  3.940550
       3.940550  7.881100  3.940550 ]
bands=29, elecs=48, spins=2, twists=1, muffin tins=0, core states=0
atomic orbital=0
Atom type(0) = 8
Atom type(1) = 8
Atom type(2) = 28
Atom type(3) = 28
   Skip initialization of the density
TIMER  EinsplineSetBuilder::ReadOrbitalInfo 0.1298210621
TIMER  EinsplineSetBuilder::BroadcastOrbitalInfo 0.0010719299
Found 1 distinct supercell twists.
number of things
1
1
Super twist #0:  [   0.00000   0.00000   0.00000 ]
  Using supercell twist 0:  [   0.00000   0.00000   0.00000]
Using 1 copies of twist angle [-0.000, -0.000, -0.000]
Using real orbitals.
Sorting the bands now:
We will read 24 distinct orbitals.
There are 0 core states and 24 valence states.
BandInfoGroup::selectBands bigspace has 29 distinct orbitals 
BandInfoGroup::selectBands using distinct orbitals [0,24)
  Number of distinct bands 24
  First Band index 0
  First SPO index 0
  Size of SPOs 24
  AdoptorName = SplineR2RSoAAdoptor
  Using real einspline table
  Can use SoA implementation for mGL
NumDistinctOrbitals 24 numOrbs = 24
  TwistIndex = 0 TwistAngle      -0.0000000000     -0.0000000000     -0.0000000000
   HalfG =                  0                 0                 0
B-spline mesh factor is 0.9000000000
B-spline mesh size is (108, 62, 62)
Maxmimum number of Gvecs 33087
  Using meshsize=               108                62                62
  vs input meshsize=               108                62                62
Start transforming plane waves to 3D B-Splines.
  Time to gather the table = 1.0940668583
  Time to bcast the table = 0.1248641014
  SplineAdoptorReader initialize_spline_pio 1.5078608990 sec
MEMORY increase 57 MB BsplineSetReader
  MEMORY allocated SplineAdoptorReader 57 MB
TIMER  EinsplineSetBuilder::ReadBands 2.7717781067
Reuse SPOSetBuilder "einspline" type einspline
  Building SPOSet '' with '' basis set.
Sorting the bands now:
We will read 24 distinct orbitals.
There are 0 core states and 24 valence states.
BandInfoGroup::selectBands bigspace has 29 distinct orbitals 
BandInfoGroup::selectBands using distinct orbitals [0,24)
  Number of distinct bands 24
  First Band index 0
  First SPO index 0
  Size of SPOs 24
  AdoptorName = SplineR2RSoAAdoptor
  Using real einspline table
  Can use SoA implementation for mGL
NumDistinctOrbitals 24 numOrbs = 24
  TwistIndex = 0 TwistAngle      -0.0000000000     -0.0000000000     -0.0000000000
   HalfG =                  0                 0                 0
B-spline mesh factor is 0.9000000000
B-spline mesh size is (108, 62, 62)
Maxmimum number of Gvecs 33087
  Using meshsize=               108                62                62
  vs input meshsize=               108                62                62
Start transforming plane waves to 3D B-Splines.
  Time to gather the table = 0.2225239277
  Time to bcast the table = 0.0881009102
  SplineAdoptorReader initialize_spline_pio 0.5143499374 sec
MEMORY increase 57 MB BsplineSetReader
  MEMORY allocated SplineAdoptorReader 57 MB
TIMER  EinsplineSetBuilder::ReadBands 0.6747310162
  Creating a determinant updet group=0 sposet=updet
  Reusing a SPO set updet
Using DiracDeterminant
Using rank-1 Sherman-Morrison Fahy update

  Creating a determinant downdet group=1 sposet=downdet
  Reusing a SPO set downdet
Using DiracDeterminant
Using rank-1 Sherman-Morrison Fahy update

  FermionWF = SlaterDet
  RadialJastrowBuilder adds a functor with cusp = -0.2500000000
 size = 10 parameters 
 cusp = -0.2500000000
 rcut = 2.7863896266
Parameter     Name      Value
uu_0 0.2333587476 1 1  ON 0
uu_1 0.1830945437 1 1  ON 1
uu_2 0.1410990841 1 1  ON 2
uu_3 0.1066312951 1 1  ON 3
uu_4 0.0789047595 1 1  ON 4
uu_5 0.0563690279 1 1  ON 5
uu_6 0.0379767331 1 1  ON 6
uu_7 0.0231722468 1 1  ON 7
uu_8 0.0116099412 1 1  ON 8
uu_9 0.0046977300 1 1  ON 9
  RadialJastrowBuilder adds a functor with cusp = -0.5000000000
 size = 10 parameters 
 cusp = -0.5000000000
 rcut = 2.7863896266
Parameter     Name      Value
ud_0 0.3367887154 1 1  ON 0
ud_1 0.2383948429 1 1  ON 1
ud_2 0.1735912697 1 1  ON 2
ud_3 0.1288254442 1 1  ON 3
ud_4 0.0948123549 1 1  ON 4
ud_5 0.0673714848 1 1  ON 5
ud_6 0.0449225480 1 1  ON 6
ud_7 0.0269948986 1 1  ON 7
ud_8 0.0133612095 1 1  ON 8
ud_9 0.0052370590 1 1  ON 9
 size = 10 parameters 
 cusp = 0.0000000000
 rcut = 2.7863896266
Parameter     Name      Value
O_0 -0.3323098724 1 1  ON 0
O_1 -0.3120385844 1 1  ON 1
O_2 -0.2798734518 1 1  ON 2
O_3 -0.2368735567 1 1  ON 3
O_4 -0.1908385684 1 1  ON 4
O_5 -0.1497975113 1 1  ON 5
O_6 -0.1170291672 1 1  ON 6
O_7 -0.0824761384 1 1  ON 7
O_8 -0.0503567233 1 1  ON 8
O_9 -0.0264513590 1 1  ON 9
 size = 10 parameters 
 cusp = 0.0000000000
 rcut = 2.7863896266
Parameter     Name      Value
Ni_0 -1.6833826960 1 1  ON 0
Ni_1 -1.6121192120 1 1  ON 1
Ni_2 -1.4489338840 1 1  ON 2
Ni_3 -1.2112505210 1 1  ON 3
Ni_4 -0.9510940127 1 1  ON 4
Ni_5 -0.7029612381 1 1  ON 5
Ni_6 -0.4846516623 1 1  ON 6
Ni_7 -0.3038032890 1 1  ON 7
Ni_8 -0.1618688927 1 1  ON 8
Ni_9 -0.0726307219 1 1  ON 9
  QMCHamiltonian::addOperator Kinetic to H, physical Hamiltonian 

  ECPotential builder for pseudopotential 

  Adding pseudopotential for O
   Linear grid  ri=0.0000000000 rf=10.0000000000 npts = 10001
    ECPComponentBuilder::buildSemiLocalAndLocal 
    Assuming Hartree unit
   Number of angular momentum channels 2
   Maximum angular momentum channel 1
   Creating a Linear Grid Rmax=0.9272910000
  Using global grid with delta = 0.0010000000
   Making L=0 a local potential with a radial cutoff of 9.9990000000
    Non-local pseudopotential parameters
    Maximum angular mementum = 1
    Number of non-local channels = 1
       l(0)=1
    Cutoff radius = 0.9280000000
    Spherical grids and weights: 
             1.0000000000      0.0000000000      0.0000000000        0.0833333333
            -1.0000000000      0.0000000000      0.0000000000        0.0833333333
             0.4472135955      0.8944271910      0.0000000000        0.0833333333
            -0.4472135955      0.7236067977      0.5257311121        0.0833333333
             0.4472135955      0.2763932023      0.8506508084        0.0833333333
            -0.4472135955     -0.2763932023      0.8506508084        0.0833333333
             0.4472135955     -0.7236067977      0.5257311121        0.0833333333
            -0.4472135955     -0.8944271910      0.0000000000        0.0833333333
             0.4472135955     -0.7236067977     -0.5257311121        0.0833333333
            -0.4472135955     -0.2763932023     -0.8506508084        0.0833333333
             0.4472135955      0.2763932023     -0.8506508084        0.0833333333
            -0.4472135955      0.7236067977     -0.5257311121        0.0833333333
    Maximum cutoff radius 0.9280000000

  Adding pseudopotential for Ni
   Linear grid  ri=0.0000000000 rf=10.0000000000 npts = 10001
    ECPComponentBuilder::buildSemiLocalAndLocal 
    Assuming Hartree unit
   Number of angular momentum channels 3
   Maximum angular momentum channel 2
   Creating a Linear Grid Rmax=0.8024580000
  Using global grid with delta = 0.0010000000
   Making L=1 a local potential with a radial cutoff of 9.9990000000
    Non-local pseudopotential parameters
    Maximum angular mementum = 2
    Number of non-local channels = 2
       l(0)=0
       l(1)=2
    Cutoff radius = 0.8030000000
    Spherical grids and weights: 
             1.0000000000      0.0000000000      0.0000000000        0.0833333333
            -1.0000000000      0.0000000000      0.0000000000        0.0833333333
             0.4472135955      0.8944271910      0.0000000000        0.0833333333
            -0.4472135955      0.7236067977      0.5257311121        0.0833333333
             0.4472135955      0.2763932023      0.8506508084        0.0833333333
            -0.4472135955     -0.2763932023      0.8506508084        0.0833333333
             0.4472135955     -0.7236067977      0.5257311121        0.0833333333
            -0.4472135955     -0.8944271910      0.0000000000        0.0833333333
             0.4472135955     -0.7236067977     -0.5257311121        0.0833333333
            -0.4472135955     -0.2763932023     -0.8506508084        0.0833333333
             0.4472135955      0.2763932023     -0.8506508084        0.0833333333
            -0.4472135955      0.7236067977     -0.5257311121        0.0833333333
    Maximum cutoff radius 0.8030000000

  Creating CoulombHandler with the optimal breakup. 
  KContainer initialised with cutoff 30.1340577923
   # of K-shell  = 1194
   # of K points = 113300

  NUMBER OF OPT_BREAK KVECS = 66536778358
 finding kc:  6.3124908776 , -1.0000000000
  LRBreakp parameter Kc =6.3124908776
    Continuum approximation in k = [30.1340577923,2524.9963510338)

   LR Breakup chi^2 = 0.0000000000
   Constant of PBCAB 21.9747216952
  Rcut                2.3762410578
  Maximum K shell     52
  Number of k vectors 1032
    CoulombPBCAB::add 
 Setting a linear grid=[0,2.3762410578) number of grid =2377
    Creating the short-range pseudopotential for species 0
    Creating the short-range pseudopotential for species 1
  QMCHamiltonian::addOperator LocalECP to H, physical Hamiltonian 

  Using NonLocalECP potential 
    Maximum grid on a sphere for NonLocalECPotential: 12
  QMCHamiltonian::addOperator NonLocalECP to H, physical Hamiltonian 
QMCHamiltonian::addOperatorType added type pseudo named PseudoPot
  Clone CoulombHandler. 
   PBCAA self-interaction term -459.2503311979
   PBCAA total constant -470.2376920455
  Maximum K shell 52
  Number of k vectors 1032
  Fixed Coulomb potential for i
    e-e Madelung Const. =-0.1961050056
    Vtot     =-239.2981424753
  QMCHamiltonian::addOperator IonIon to H, physical Hamiltonian 
QMCHamiltonian::addOperatorType added type coulomb named IonIon
  Clone CoulombHandler. 
   PBCAA self-interaction term -30.6166887465
   PBCAA total constant -41.6040495941
  Maximum K shell 52
  Number of k vectors 1032
  Fixed Coulomb potential for e
    e-e Madelung Const. =-0.1961050056
    Vtot     =0.0000000000
  QMCHamiltonian::addOperator ElecElec to H, physical Hamiltonian 
QMCHamiltonian::addOperatorType added type coulomb named ElecElec

  QMCHamiltonian::add2WalkerProperty added
    5 to P::PropertyList 
    0 to P::Collectables 
    starting Index of the observables in P::PropertyList = 9
ParticleSetPool::randomize 
<init source="i" target="e">
</init>
  Initialization Execution time = 5.0679 secs
=========================================================
 Summary of QMC systems 
=========================================================
ParticleSetPool has: 

  ParticleSet e : 0 24 48 

    48

    u  5.0515141129e+00  2.9460700975e+00  3.4294355785e+00
    u  8.7352207278e+00  8.6171466194e+00  1.0720204293e+01
    u  2.9292444518e+00  4.9449986885e+00  3.2676358832e+00
    u  7.0883207706e+00  5.2240501796e+00  7.4243748412e+00
    u  1.2972195421e+01  1.1011724897e+01  1.2532097782e+01
    u  7.9319082177e+00  5.3348037611e+00  7.1476530263e+00
    u  7.4850505680e+00  1.0469332706e+01  1.1115355251e+01
    u  1.0765653485e+01  1.0866269167e+01  8.5568131874e+00
    u  1.0583435522e+01  1.0863715420e+01  8.0645549966e+00
    u  7.0990493979e+00  4.7224425800e+00  5.0637197723e+00
    (... and 38 more particle positions ...)

  ParticleSet i : 0 2 4 

    4

    O  3.9405500000e+00  3.9405500000e+00  3.9405500000e+00
    O  1.1821650000e+01  1.1821650000e+01  1.1821650000e+01
    Ni  0.0000000000e+00  0.0000000000e+00  0.0000000000e+00
    Ni  7.8811000000e+00  7.8811000000e+00  7.8811000000e+00

  Hamiltonian h0
  Kinetic         Kinetic energy
  LocalECP        CoulombPBCAB potential source: i
  NonLocalECP     NonLocalECPotential: i
  IonIon          CoulombPBCAA potential: i_i
  ElecElec        CoulombPBCAA potential: e_e

=========================================================
  Start VMC
  File Root NiO-fcc-S1-vmc-dmc.s001 append = no 
=========================================================
  Adding 64 walkers to 0 existing sets
  Total number of walkers: 8.1920000000e+03
  Total weight: 8.1920000000e+03
  Resetting Properties of the walkers 1 x 14

<vmc function="put">
  qmc_counter=0  my_counter=0
  time step      = 1.0000000000e+00
  blocks         = 5
  steps          = 16
  substeps       = 4
  current        = 0
  target samples = 3.2768000000e+04
  walkers/mpi    = 64

  stepsbetweensamples = 20
<parameter name="blocks" condition="int">5</parameter>
<parameter name="blocks_between_recompute" condition="int">0</parameter>
<parameter name="check_properties" condition="int">100</parameter>
<parameter name="checkproperties" condition="int">100</parameter>
<parameter name="current" condition="int">0</parameter>
<parameter name="dmcwalkersperthread" condition="real">4.0000000000e+00</parameter>
<parameter name="maxcpusecs" condition="real">3.6000000000e+05</parameter>
<parameter name="record_configs" condition="int">0</parameter>
<parameter name="record_walkers" condition="int">20</parameter>
<parameter name="recordconfigs" condition="int">0</parameter>
<parameter name="recordwalkers" condition="int">20</parameter>
<parameter name="rewind" condition="int">0</parameter>
<parameter name="samples" condition="real">3.2768000000e+04</parameter>
<parameter name="samplesperthread" condition="real">4.0000000000e+00</parameter>
<parameter name="steps" condition="int">16</parameter>
<parameter name="stepsbetweensamples" condition="int">20</parameter>
<parameter name="store_configs" condition="int">0</parameter>
<parameter name="storeconfigs" condition="int">0</parameter>
<parameter name="sub_steps" condition="int">4</parameter>
<parameter name="substeps" condition="int">4</parameter>
<parameter name="tau" condition="au">1.0000000000e+00</parameter>
<parameter name="time_step" condition="au">1.0000000000e+00</parameter>
<parameter name="timestep" condition="au">1.0000000000e+00</parameter>
<parameter name="use_drift" condition="string">yes</parameter>
<parameter name="usedrift" condition="string">yes</parameter>
<parameter name="walkers" condition="int">64</parameter>
<parameter name="warmup_steps" condition="int">5</parameter>
<parameter name="warmupsteps" condition="int">5</parameter>
  DumpConfig==false Nothing (configurations, state) will be saved.
  Walker Samples are dumped every 20 steps.
</vmc>
  CloneManager::makeClones makes 64 clones for W/Psi/H.
  Cloning methods for both Psi and H are used
===== Memory Usage before cloning =====
Available memory on node 0, free + buffers : 189883 MB
Memory footprint by rank 0 on node 0       : 194 MB
==================================================
===== Memory Usage after cloning =====
Available memory on node 0, free + buffers : 189878 MB
Memory footprint by rank 0 on node 0       : 221 MB
==================================================
  Initial partition of walkers 0 1 2 3 4 5 6 7 8 9 10 11 12 13 14 15 16 17 18 19 20 21 22 23 24 25 26 27 28 29 30 31 32 33 34 35 36 37 38 39 40 41 42 43 44 45 46 47 48 49 50 51 52 53 54 55 56 57 58 59 60 61 62 63 64 

  Using Particle by Particle moves
  Walker moves with drift
  Total Sample Size   =32768
  Walker distribution on root = 0 1 2 3 4 5 6 7 8 9 10 11 12 13 14 15 16 17 18 19 20 21 22 23 24 25 26 27 28 29 30 31 32 33 34 35 36 37 38 39 40 41 42 43 44 45 46 47 48 49 50 51 52 53 54 55 56 57 58 59 60 61 62 63 64 
  Using Locality Approximation
===== Memory Usage after the buffer registration =====
Available memory on node 0, free + buffers : 189871 MB
Memory footprint by rank 0 on node 0       : 228 MB
==================================================
  Anonymous Buffer size per walker : 52832 Bytes.
MEMORY increase 3 MB VMC::resetRun
====================================================
  SimpleFixedNodeBranch::finalize after a VMC block
    QMC counter        = 0
    time step          = 1
    reference energy   = -370.776
    reference variance = 12.7944
====================================================
  QMC Execution time = 1.3583e+00 secs

=========================================================
  Start DMC
  File Root NiO-fcc-S1-vmc-dmc.s002 append = no 
=========================================================
Using existing walkers 
  Resetting Properties of the walkers 1 x 14
  EstimatorManagerBase::add replace LocalEnergy estimator.
  Cannot make clones again. Use existing 64 clones
  Total number of walkers: 3.2768e+04
  Total weight: 3.2768e+04
  Creating WalkerController: target  number of walkers = 32768
  Using WalkerControlMPI for dynamic population control.
  START ALL OVER 
  WalkerControlBase parameters 
    maxCopy = 2
    Max Walkers per MPI rank 513
    Min Walkers per MPI rank 52
    Using non-blocking send/recv
  QMC counter      = 1
  time step        = 1.0000e-02
  effective time step = 1.0000e-02
  trial energy     = -3.7078e+02
  reference energy = -3.7078e+02
  Feedback = 1.0000e+00
  reference variance = 1.2794e+01
  target walkers = 32768
  branching cutoff scheme classic
  branch cutoff = 1.2794e+02 1.9192e+02
  Max and minimum walkers per node= 513 52
  QMC Status (BranchMode) = 0000001101
  Initial partition of walkers on a node: 0 4 8 12 16 20 24 28 32 36 40 44 48 52 56 60 64 68 72 76 80 84 88 92 96 100 104 108 112 116 120 124 128 132 136 140 144 148 152 156 160 164 168 172 176 180 184 188 192 196 200 204 208 212 216 220 224 228 232 236 240 244 248 252 256 
  Updates by particle-by-particle moves
  DMC moves are rejected when a node crossing is detected
  Using Locality Approximation
===== Memory Usage after the buffer registration =====
Available memory on node 0, free + buffers : 189446 MB
Memory footprint by rank 0 on node 0       : 243 MB
==================================================
SimpleFixedNodeBranch::checkParameters 
  Average Energy of a population  = -370.812
  Energy Variance = 12.3872

  Fluctuating population
  Persistent walkers are killed after 1 MC sweeps
  BranchInterval = 1
  Steps per block = 40
  Number of blocks = 400

  DMC Engine Initialization = 5.0050e-02 secs

 Warmup is completed after 100

  TauEff     = 9.5987e-03
 TauEff/Tau = 9.5987e-01
  Etrial     = -3.7127e+02
 Running average of energy = -3.7122e+02
                  Variance = 1.3154e+01
branch cutoff = 1.3154e+02 1.9732e+02
====================================================
  SimpleFixedNodeBranch::finalize after a DMC block
    QMC counter                   = 1
    time step                     = 0.01
    effective time step           = 0.00959896
    trial energy                  = -371.317
    reference energy              = -371.321
    reference variance            = 13.1543
    target walkers                = 32768
    branch cutoff                 = 131.543 197.315
    Max and minimum walkers per node= 513 52
    Feedback                      = 1
    QMC Status (BranchMode)       = 0000001111
====================================================
  QMC Execution time = 5.8479e+02 secs
  Reusing DMC
BRANCH resetRun
 SimpleFixedNodeBranch::resetRun detected changes in <parameter>'s 
 BranchMode : 0000001111 0000001111
  WalkerControlBase parameters 
    maxCopy = 2
    Max Walkers per MPI rank 513
    Min Walkers per MPI rank 52
    Using non-blocking send/recv
 iParam (old): 0                 1                 1                 32768             513               52                1                 0                 
 iParam (new): 100               1                 1                 32768             513               52                1                 0                 
 vParam (old): 1.0000000000e-02  9.5989568273e-03  -3.7131714526e+02 -3.7132078347e+02 -3.7132343760e+02 1.9731510619e+02  1.3154340413e+02  1.5204107065e-02  1.3154340413e+01  -5.9043717805e+06 1.5901000000e+04  1.0000000000e+00  1.0000000000e+01  1.0000000000e+00  1.0000000000e+00  1.0000000000e+00  1.0000000000e+00  
 vParam (new): 1.0000000000e-02  9.5989568273e-03  -3.7131714526e+02 -3.7132078347e+02 -3.7132343760e+02 1.9731510619e+02  1.3154340413e+02  1.5204107065e-02  1.3154340413e+01  -5.9043717805e+06 1.5901000000e+04  1.0000000000e+00  1.0000000000e+01  1.0000000000e+00  1.0000000000e+00  1.0000000000e+00  1.0000000000e+00  

 Using branching cutoff scheme classic
SimpleFixedNodeBranch::checkParameters 
  Average Energy of a population  = -371.327
  Energy Variance = 12.8178

  Using Non-local T-moves v0, M. Casula, PRB 74, 161102(R) (2006)
===== Memory Usage after the buffer registration =====
Available memory on node 0, free + buffers : 189410 MB
Memory footprint by rank 0 on node 0       : 271 MB
==================================================

=========================================================
  Start DMC
  File Root NiO-fcc-S1-vmc-dmc.s003 append = no 
=========================================================
Using existing walkers 
  Resetting Properties of the walkers 1 x 14
  EstimatorManagerBase::add replace LocalEnergy estimator.
  Cannot make clones again. Use existing 64 clones
SimpleFixedNodeBranch::checkParameters 
  Average Energy of a population  = -371.328
  Energy Variance = 12.7677

  Fluctuating population
  Persistent walkers are killed after 1 MC sweeps
  BranchInterval = 1
  Steps per block = 40
  Number of blocks = 400

  DMC Engine Initialization = 5.2404403687e-04 secs

 Warmup is completed after 100

  TauEff     = 9.5965293452e-03
 TauEff/Tau = 9.5965293452e-01
  Etrial     = -3.7129811480e+02
 Running average of energy = -3.7128992603e+02
                  Variance = 1.3346873976e+01
branch cutoff = 1.3346873976e+02 2.0020310964e+02
====================================================
  SimpleFixedNodeBranch::finalize after a DMC block
    QMC counter                   = 2
    time step                     = 0.01
    effective time step           = 0.00959692
    trial energy                  = -371.3
    reference energy              = -371.289
    reference variance            = 13.3469
    target walkers                = 32768
    branch cutoff                 = 133.469 200.203
    Max and minimum walkers per node= 513 52
    Feedback                      = 1
    QMC Status (BranchMode)       = 0000001111
====================================================
  QMC Execution time = 5.1655e+02 secs
  Reusing DMC
BRANCH resetRun
 SimpleFixedNodeBranch::resetRun detected changes in <parameter>'s 
 BranchMode : 0000001111 0000001111
  WalkerControlBase parameters 
    maxCopy = 2
    Max Walkers per MPI rank 513
    Min Walkers per MPI rank 52
    Using non-blocking send/recv
 iParam (old): 0                 1                 2                 32768             513               52                1                 0                 
 iParam (new): 100               1                 2                 32768             513               52                1                 0                 
 vParam (old): 1.0000000000e-02  9.5969212687e-03  -3.7129985099e+02 -3.7128859258e+02 -3.7126692653e+02 2.0020310964e+02  1.3346873976e+02  1.4984782231e-02  1.3346873976e+01  -5.9038598890e+06 1.5901000000e+04  1.0000000000e+00  1.0000000000e+01  1.0000000000e+00  1.0000000000e+00  1.0000000000e+00  1.0000000000e+00  
 vParam (new): 1.0000000000e-02  9.5969212687e-03  -3.7129985099e+02 -3.7128859258e+02 -3.7126692653e+02 2.0020310964e+02  1.3346873976e+02  1.4984782231e-02  1.3346873976e+01  -5.9038598890e+06 1.5901000000e+04  1.0000000000e+00  1.0000000000e+01  1.0000000000e+00  1.0000000000e+00  1.0000000000e+00  1.0000000000e+00  

 Using branching cutoff scheme classic
SimpleFixedNodeBranch::checkParameters 
  Average Energy of a population  = -371.276
  Energy Variance = 13.5808

  Using Non-local T-moves v1, M. Casula et al., JCP 132, 154113 (2010)
===== Memory Usage after the buffer registration =====
Available memory on node 0, free + buffers : 189404 MB
Memory footprint by rank 0 on node 0       : 274 MB
==================================================

=========================================================
  Start DMC
  File Root NiO-fcc-S1-vmc-dmc.s004 append = no 
=========================================================
Using existing walkers 
  Resetting Properties of the walkers 1 x 14
  EstimatorManagerBase::add replace LocalEnergy estimator.
  Cannot make clones again. Use existing 64 clones
SimpleFixedNodeBranch::checkParameters 
  Average Energy of a population  = -371.249
  Energy Variance = 14.504

  Fluctuating population
  Persistent walkers are killed after 1 MC sweeps
  BranchInterval = 1
  Steps per block = 40
  Number of blocks = 400

  DMC Engine Initialization = 5.3191184998e-04 secs

 Warmup is completed after 100

  TauEff     = 9.5954953939e-03
 TauEff/Tau = 9.5954953939e-01
  Etrial     = -3.7122417518e+02
 Running average of energy = -3.7127663558e+02
                  Variance = 1.3520816832e+01
branch cutoff = 1.3520816832e+02 2.0281225248e+02
====================================================
  SimpleFixedNodeBranch::finalize after a DMC block
    QMC counter                   = 3
    time step                     = 0.01
    effective time step           = 0.0095955
    trial energy                  = -371.283
    reference energy              = -371.283
    reference variance            = 13.5208
    target walkers                = 32768
    branch cutoff                 = 135.208 202.812
    Max and minimum walkers per node= 513 52
    Feedback                      = 1
    QMC Status (BranchMode)       = 0000001111
====================================================
  QMC Execution time = 7.6012e+02 secs
  Reusing DMC
BRANCH resetRun
 SimpleFixedNodeBranch::resetRun detected changes in <parameter>'s 
 BranchMode : 0000001111 0000001111
  WalkerControlBase parameters 
    maxCopy = 2
    Max Walkers per MPI rank 513
    Min Walkers per MPI rank 52
    Using non-blocking send/recv
 iParam (old): 0                 1                 3                 32768             513               52                1                 0                 
 iParam (new): 100               1                 3                 32768             513               52                1                 0                 
 vParam (old): 1.0000000000e-02  9.5954973437e-03  -3.7128324918e+02 -3.7128346283e+02 -3.7127447926e+02 2.0281225248e+02  1.3520816832e+02  1.4792005726e-02  1.3520816832e+01  -5.9037783334e+06 1.5901000000e+04  1.0000000000e+00  1.0000000000e+01  1.0000000000e+00  1.0000000000e+00  1.0000000000e+00  1.0000000000e+00  
 vParam (new): 1.0000000000e-02  9.5954973437e-03  -3.7128324918e+02 -3.7128346283e+02 -3.7127447926e+02 2.0281225248e+02  1.3520816832e+02  1.4792005726e-02  1.3520816832e+01  -5.9037783334e+06 1.5901000000e+04  1.0000000000e+00  1.0000000000e+01  1.0000000000e+00  1.0000000000e+00  1.0000000000e+00  1.0000000000e+00  

 Using branching cutoff scheme classic
SimpleFixedNodeBranch::checkParameters 
  Average Energy of a population  = -371.276
  Energy Variance = 13.2585

  Using Non-local T-moves v3, an approximation to v1
===== Memory Usage after the buffer registration =====
Available memory on node 0, free + buffers : 189404 MB
Memory footprint by rank 0 on node 0       : 275 MB
==================================================

=========================================================
  Start DMC
  File Root NiO-fcc-S1-vmc-dmc.s005 append = no 
=========================================================
Using existing walkers 
  Resetting Properties of the walkers 1 x 14
  EstimatorManagerBase::add replace LocalEnergy estimator.
  Cannot make clones again. Use existing 64 clones
SimpleFixedNodeBranch::checkParameters 
  Average Energy of a population  = -371.28
  Energy Variance = 15.2148

  Fluctuating population
  Persistent walkers are killed after 1 MC sweeps
  BranchInterval = 1
  Steps per block = 40
  Number of blocks = 400

  DMC Engine Initialization = 5.3906440735e-04 secs

 Warmup is completed after 100

  TauEff     = 9.5947268193e-03
 TauEff/Tau = 9.5947268193e-01
  Etrial     = -3.7146285963e+02
 Running average of energy = -3.7127796421e+02
                  Variance = 1.3567556571e+01
branch cutoff = 1.3567556571e+02 2.0351334856e+02
====================================================
  SimpleFixedNodeBranch::finalize after a DMC block
    QMC counter                   = 4
    time step                     = 0.01
    effective time step           = 0.00959543
    trial energy                  = -371.284
    reference energy              = -371.284
    reference variance            = 13.5676
    target walkers                = 32768
    branch cutoff                 = 135.676 203.513
    Max and minimum walkers per node= 513 52
    Feedback                      = 1
    QMC Status (BranchMode)       = 0000001111
====================================================
  QMC Execution time = 5.7219e+02 secs
  Total Execution time = 2.4352e+03 secs

=========================================================
  A new xml input file : NiO-fcc-S1-vmc-dmc.s005.cont.xml
Application 10065993 resources: utime ~19302264s, stime ~649718s, Rss ~282048, inblocks ~5164724, outblocks ~28896
