
     Program PWSCF v.6.3MaX starts on  5Nov2019 at 11:51:35 

     This program is part of the open-source Quantum ESPRESSO suite
     for quantum simulation of materials; please cite
         "P. Giannozzi et al., J. Phys.:Condens. Matter 21 395502 (2009);
         "P. Giannozzi et al., J. Phys.:Condens. Matter 29 465901 (2017);
          URL http://www.quantum-espresso.org", 
     in publications or presentations arising from this work. More details at
     http://www.quantum-espresso.org/quote

     Parallel version (MPI), running on    12 processors

     MPI processes distributed on     1 nodes
     R & G space division:  proc/nbgrp/npool/nimage =      12
     Reading input from scf.in

     Current dimensions of program PWSCF are:
     Max number of different atomic species (ntypx) = 10
     Max number of k-points (npk) =  40000
     Max angular momentum in pseudopotentials (lmaxx) =  3

     IMPORTANT: XC functional enforced from input :
     Exchange-correlation      = LDA ( 1  1  0  0 0 0)
     Any further DFT definition will be discarded
     Please, verify this is what you really want

               file C.BFD.upf: wavefunction(s)  0s 0p renormalized

     Subspace diagonalization in iterative solution of the eigenvalue problem:
     a serial algorithm will be used


     Parallelization info
     --------------------
     sticks:   dense  smooth     PW     G-vecs:    dense   smooth      PW
     Min         105     105     30                 2446     2446     372
     Max         106     106     31                 2449     2449     375
     Sum        1261    1261    361                29363    29363    4477



     bravais-lattice index     =            0
     lattice parameter (alat)  =       4.7704  a.u.
     unit-cell volume          =      76.7611 (a.u.)^3
     number of atoms/cell      =            2
     number of atomic types    =            1
     number of electrons       =         8.00
     number of Kohn-Sham states=            4
     kinetic-energy cutoff     =     200.0000  Ry
     charge density cutoff     =     800.0000  Ry
     convergence threshold     =      1.0E-08
     mixing beta               =       0.7000
     number of iterations used =            8  plain     mixing
     Exchange-correlation      = LDA ( 1  1  0  0 0 0)

     celldm(1)=   4.770370  celldm(2)=   0.000000  celldm(3)=   0.000000
     celldm(4)=   0.000000  celldm(5)=   0.000000  celldm(6)=   0.000000

     crystal axes: (cart. coord. in units of alat)
               a(1) = (   0.707107   0.707107  -0.000000 )  
               a(2) = (   0.000000   0.707107   0.707107 )  
               a(3) = (   0.707107   0.000000   0.707107 )  

     reciprocal axes: (cart. coord. in units 2 pi/alat)
               b(1) = (  0.707107  0.707107 -0.707107 )  
               b(2) = ( -0.707107  0.707107  0.707107 )  
               b(3) = (  0.707107 -0.707107  0.707107 )  


     PseudoPot. # 1 for C  read from file:
     ./C.BFD.upf
     MD5 check sum: 44213404c8404db625590c8337a04dfd
     Pseudo is Norm-conserving, Zval =  4.0
     Generated by new atomic code, or converted to UPF format
     Using radial grid of 2000 points,  1 beta functions with: 
                l(1) =   0

     atomic species   valence    mass     pseudopotential
        C              4.00    12.01100     C ( 1.00)

     No symmetry found



   Cartesian axes

     site n.     atom                  positions (alat units)
         1           C   tau(   1) = (   0.0000000   0.0000000   0.0000000  )
         2           C   tau(   2) = (   0.3535534   0.3535534   0.3535534  )

     number of k points=     4
                       cart. coord. in units 2pi/alat
        k(    1) = (   0.0000000   0.0000000   0.0000000), wk =   0.5000000
        k(    2) = (   0.3535534   0.3535534  -0.3535534), wk =   0.5000000
        k(    3) = (  -0.3535534   0.3535534   0.3535534), wk =   0.5000000
        k(    4) = (   0.0000000   0.7071068   0.0000000), wk =   0.5000000

     Dense  grid:    29363 G-vectors     FFT dimensions: (  45,  45,  45)

     Estimated max dynamical RAM per process >       1.85 MB

     Estimated total dynamical RAM >      22.24 MB

     Initial potential from superposition of free atoms

     starting charge    0.63662, renormalised to    8.00000
     Starting wfcs are    8 randomized atomic wfcs

     total cpu time spent up to now is        0.1 secs

     Self-consistent Calculation

     iteration #  1     ecut=   200.00 Ry     beta= 0.70
     Davidson diagonalization with overlap
     ethr =  1.00E-02,  avg # of iterations =  2.0

     total cpu time spent up to now is        0.1 secs

     total energy              =     -22.18954539 Ry
     Harris-Foulkes estimate   =     -22.31264128 Ry
     estimated scf accuracy    <       0.23251406 Ry

     iteration #  2     ecut=   200.00 Ry     beta= 0.70
     Davidson diagonalization with overlap
     ethr =  2.91E-03,  avg # of iterations =  2.0

     total cpu time spent up to now is        0.2 secs

     total energy              =     -22.20806892 Ry
     Harris-Foulkes estimate   =     -22.20947289 Ry
     estimated scf accuracy    <       0.00436567 Ry

     iteration #  3     ecut=   200.00 Ry     beta= 0.70
     Davidson diagonalization with overlap
     ethr =  5.46E-05,  avg # of iterations =  2.0

     total cpu time spent up to now is        0.2 secs

     total energy              =     -22.20854554 Ry
     Harris-Foulkes estimate   =     -22.20857398 Ry
     estimated scf accuracy    <       0.00014862 Ry

     iteration #  4     ecut=   200.00 Ry     beta= 0.70
     Davidson diagonalization with overlap
     ethr =  1.86E-06,  avg # of iterations =  1.2

     total cpu time spent up to now is        0.2 secs

     total energy              =     -22.20855700 Ry
     Harris-Foulkes estimate   =     -22.20855738 Ry
     estimated scf accuracy    <       0.00000067 Ry

     iteration #  5     ecut=   200.00 Ry     beta= 0.70
     Davidson diagonalization with overlap
     ethr =  8.39E-09,  avg # of iterations =  3.0

     total cpu time spent up to now is        0.3 secs

     total energy              =     -22.20855829 Ry
     Harris-Foulkes estimate   =     -22.20855827 Ry
     estimated scf accuracy    <       0.00000005 Ry

     iteration #  6     ecut=   200.00 Ry     beta= 0.70
     Davidson diagonalization with overlap
     ethr =  5.68E-10,  avg # of iterations =  1.5

     total cpu time spent up to now is        0.3 secs

     End of self-consistent calculation

          k = 0.0000 0.0000 0.0000 (  3695 PWs)   bands (ev):

    -7.7935  13.8322  13.8409  13.8978

          k = 0.3536 0.3536-0.3536 (  3648 PWs)   bands (ev):

    -1.8760   0.0994  10.9703  11.0254

          k =-0.3536 0.3536 0.3536 (  3648 PWs)   bands (ev):

    -1.8760   0.0994  10.9703  11.0254

          k = 0.0000 0.7071 0.0000 (  3692 PWs)   bands (ev):

     0.9530   0.9750   7.3480   7.3968

     highest occupied level (ev):    13.8978

!    total energy              =     -22.20855829 Ry
     Harris-Foulkes estimate   =     -22.20855829 Ry
     estimated scf accuracy    <          5.9E-09 Ry

     The total energy is the sum of the following terms:

     one-electron contribution =       8.29970847 Ry
     hartree contribution      =       2.19838135 Ry
     xc contribution           =      -7.15531365 Ry
     ewald contribution        =     -25.55133445 Ry

     convergence has been achieved in   6 iterations

     Writing output data file pwscf.save/

     init_run     :      0.06s CPU      0.07s WALL (       1 calls)
     electrons    :      0.15s CPU      0.17s WALL (       1 calls)

     Called by init_run:
     wfcinit      :      0.01s CPU      0.01s WALL (       1 calls)
     potinit      :      0.01s CPU      0.01s WALL (       1 calls)
     hinit0       :      0.03s CPU      0.03s WALL (       1 calls)

     Called by electrons:
     c_bands      :      0.11s CPU      0.12s WALL (       6 calls)
     sum_band     :      0.02s CPU      0.02s WALL (       6 calls)
     v_of_rho     :      0.01s CPU      0.01s WALL (       7 calls)
     mix_rho      :      0.01s CPU      0.01s WALL (       6 calls)

     Called by c_bands:
     init_us_2    :      0.00s CPU      0.00s WALL (      52 calls)
     cegterg      :      0.11s CPU      0.12s WALL (      24 calls)

     Called by sum_band:

     Called by *egterg:
     h_psi        :      0.10s CPU      0.11s WALL (      75 calls)
     g_psi        :      0.00s CPU      0.00s WALL (      47 calls)
     cdiaghg      :      0.01s CPU      0.01s WALL (      71 calls)

     Called by h_psi:
     h_psi:pot    :      0.10s CPU      0.11s WALL (      75 calls)
     h_psi:calbec :      0.01s CPU      0.01s WALL (      75 calls)
     vloc_psi     :      0.09s CPU      0.10s WALL (      75 calls)
     add_vuspsi   :      0.00s CPU      0.00s WALL (      75 calls)

     General routines
     calbec       :      0.01s CPU      0.01s WALL (      75 calls)
     fft          :      0.01s CPU      0.01s WALL (      21 calls)
     ffts         :      0.00s CPU      0.00s WALL (       6 calls)
     fftw         :      0.10s CPU      0.11s WALL (     672 calls)

     Parallel routines
     fft_scatt_xy :      0.01s CPU      0.01s WALL (     699 calls)
     fft_scatt_yz :      0.04s CPU      0.04s WALL (     699 calls)

     PWSCF        :     0.26s CPU         0.29s WALL


   This run was terminated on:  11:51:35   5Nov2019            

=------------------------------------------------------------------------------=
   JOB DONE.
=------------------------------------------------------------------------------=
