  Input file(s): vmc_long_pp_msdj-XML-traditional.xml 

=====================================================
                    QMCPACK 3.9.9

       (c) Copyright 2003-  QMCPACK developers

                    Please cite:
 J. Kim et al. J. Phys. Cond. Mat. 30 195901 (2018)
      https://doi.org/10.1088/1361-648X/aab9c3

  Git branch: develop
  Last git commit: 2d8841594ae8484adc4e90e4f64c02e4e733fc5f-dirty
  Last git commit date: Wed Sep 2 11:29:26 2020 -0400
  Last git commit subject: Merge pull request #2671 from markdewing/debug_build_fix
=====================================================
  Global options 

  Total number of MPI ranks = 1
  Number of MPI groups      = 1
  MPI group ID              = 0
  Number of ranks in group  = 1
  MPI ranks per node        = 1
  OMP 1st level threads     = 8
  OMP nested threading disabled or only 1 thread on the 2nd level

  Precision used in this calculation, see definitions in the manual:
  Base precision      = double
  Full precision      = double

  Structure-of-arrays (SoA) optimization enabled

  Input XML = vmc_long_pp_msdj-XML-traditional.xml

  Project = C2_TZ_PP_LONG_XML_MSDJ_TRAD
  date    = 2020-09-09 14:25:17 CDT
  host    = abenali

 Random Number
 -------------
  Offset for the random number seeds based on time: 29

  Range of prime numbers to use as seeds over processors and threads = 127-167


 Particle Set 
 ------------
  Name: ion0
  All the species have the same mass 1
  Particle set size: 2

 Particle Set 
 ------------
  Name: e
  All the species have the same mass 1
  Particle set size: 8

 Wavefunction setup: 
 ------------------- 
  Name: psi0
  Created SPOSet builder named 'LCAOBSet' of type molecularorbital
  LCAO: SoaAtomicBasisSet<MultiQuintic,0>
  AO BasisSet for C
   Angular momentum expanded in cartesian functions x^lx y^ly z^lz according to Gamess
Using log grid with default values: ri = 1e-06 rf = 100 npts = 1001
   R(n,l,m,s) 0 0 0 0
   R(n,l,m,s) 1 0 0 0
   R(n,l,m,s) 2 0 0 0
   R(n,l,m,s) 3 1 0 0
   R(n,l,m,s) 4 1 0 0
   R(n,l,m,s) 5 1 0 0
   R(n,l,m,s) 6 2 0 0
   R(n,l,m,s) 7 2 0 0
   R(n,l,m,s) 8 3 0 0
Expanding Ylm (angular function) according to Gamess using cartesian gaussians
Adding 1 cartesian gaussian orbitals for l= 0
Adding 1 cartesian gaussian orbitals for l= 0
Adding 1 cartesian gaussian orbitals for l= 0
Adding 3 cartesian gaussian orbitals for l= 1
Adding 3 cartesian gaussian orbitals for l= 1
Adding 3 cartesian gaussian orbitals for l= 1
Adding 6 cartesian gaussian orbitals for l= 2
Adding 6 cartesian gaussian orbitals for l= 2
Adding 10 cartesian gaussian orbitals for l= 3
  Setting cutoff radius 12.4738

   Maximum Angular Momentum  = 3
   Number of Radial functors = 9
   Basis size                = 34

Creating SPOSet in SlaterDetBuilder::put(xmlNodePtr cur).
spo_name = spo-up
  Building SPOSet 'spo-up' with 'LCAOBSet' basis set.
Creating SPOSet in SlaterDetBuilder::put(xmlNodePtr cur).
spo_name = spo-dn
  Building SPOSet 'spo-dn' with 'LCAOBSet' basis set.
Using a list of dirac determinants for MultiSlaterDeterminant expansion. 
Found determinant list. 
Reading CI expansion.
Found 240 terms in the MSD expansion.
Norm of ci vector (sum of ci^2): 1
Norm of qchem ci vector (sum of qchem_ci^2): 0
Found 26 unique up determinants.
Found 27 unique down determinants.
CI coefficients are not optimizable. 
  Added a fermionic WaveFunctionComponent SlaterDet

   Jastrow
   -------
    Name: J2   Type: Two-Body   Function: Bspline

    Radial function for species: u - u
     Number of parameters: 10
     Cusp: -0.25
     Cutoff radius: 10

     Name                        Value Type Recompute Use Index
     ---- ---------------------------- ---- --------- --- -----
     uu_0                 3.368478e-01    1         1  ON     0
     uu_1                 1.666755e-01    1         1  ON     1
     uu_2                 4.180515e-02    1         1  ON     2
     uu_3                -4.446378e-02    1         1  ON     3
     uu_4                -1.010317e-01    1         1  ON     4
     uu_5                -1.372774e-01    1         1  ON     5
     uu_6                -1.549344e-01    1         1  ON     6
     uu_7                -1.484712e-01    1         1  ON     7
     uu_8                -1.111728e-01    1         1  ON     8
     uu_9                -3.482991e-02    1         1  ON     9

    Radial function for species: u - d
     Number of parameters: 10
     Cusp: -0.5
     Cutoff radius: 10

     Name                        Value Type Recompute Use Index
     ---- ---------------------------- ---- --------- --- -----
     ud_0                 4.941827e-01    1         1  ON     0
     ud_1                 1.806685e-01    1         1  ON     1
     ud_2                 2.162961e-02    1         1  ON     2
     ud_3                -5.554048e-02    1         1  ON     3
     ud_4                -9.861029e-02    1         1  ON     4
     ud_5                -1.256145e-01    1         1  ON     5
     ud_6                -1.439225e-01    1         1  ON     6
     ud_7                -1.516077e-01    1         1  ON     7
     ud_8                -1.408400e-01    1         1  ON     8
     ud_9                -1.067940e-01    1         1  ON     9


   Jastrow
   -------
    Name: J1   Type: One-Body   Function: Bspline

    Radial function for element: C
     Number of parameters: 10
     Cusp: 0
     Cutoff radius: 10

     Name                        Value Type Recompute Use Index
     ---- ---------------------------- ---- --------- --- -----
     eC_0                -6.756767e-01    1         1  ON     0
     eC_1                -5.059223e-01    1         1  ON     1
     eC_2                -2.408309e-01    1         1  ON     2
     eC_3                -2.718177e-02    1         1  ON     3
     eC_4                 1.324042e-01    1         1  ON     4
     eC_5                 2.354266e-01    1         1  ON     5
     eC_6                 2.833050e-01    1         1  ON     6
     eC_7                 3.401507e-01    1         1  ON     7
     eC_8                 3.173017e-01    1         1  ON     8
     eC_9                 1.171449e-01    1         1  ON     9


   Jastrow
   -------
    Name: J3   Type: eeI   Function: polynomial

     Ion: C   electron-electron: u - u
      Number of parameters for e-e: 3, for e-I: 3
      Cutoff radius: 3

        Name                        Value Type Recompute Use Index
      ------ ---------------------------- ---- --------- --- -----
       uuC_0                 1.098659e-03    1         1  ON     0
       uuC_1                 2.878259e-02    1         1  ON     1
       uuC_2                 2.845990e-02    1         1  ON     2
       uuC_3                -1.779047e-02    1         1  ON     3
       uuC_4                 3.322581e-02    1         1  ON     4
       uuC_5                 1.052014e-02    1         1  ON     5
       uuC_6                -6.969771e-03    1         1  ON     6
       uuC_7                 5.856291e-03    1         1  ON     7
       uuC_8                -2.086869e-02    1         1  ON     8
       uuC_9                 2.263652e-02    1         1  ON     9
      uuC_10                 1.478584e-02    1         1  ON    10
      uuC_11                 1.065736e-02    1         1  ON    11
      uuC_12                -3.101453e-02    1         1  ON    12
      uuC_13                 1.054803e-02    1         1  ON    13
      uuC_14                 1.876165e-02    1         1  ON    14
      uuC_15                 3.259780e-02    1         1  ON    15
      uuC_16                 2.524863e-02    1         1  ON    16
      uuC_17                 1.261191e-02    1         1  ON    17
      uuC_18                 8.325967e-03    1         1  ON    18
      uuC_19                -1.480536e-02    1         1  ON    19
      uuC_20                 3.510011e-02    1         1  ON    20
      uuC_21                 1.738644e-02    1         1  ON    21
      uuC_22                -2.860077e-03    1         1  ON    22
      uuC_23                 1.201586e-02    1         1  ON    23
      uuC_24                 6.145908e-03    1         1  ON    24
      uuC_25                 4.779225e-03    1         1  ON    25

     Ion: C   electron-electron: u - d
      Number of parameters for e-e: 3, for e-I: 3
      Cutoff radius: 3

        Name                        Value Type Recompute Use Index
      ------ ---------------------------- ---- --------- --- -----
       udC_0                -4.476097e-02    1         1  ON     0
       udC_1                 3.734320e-02    1         1  ON     1
       udC_2                -3.727324e-02    1         1  ON     2
       udC_3                 6.473538e-02    1         1  ON     3
       udC_4                 2.899522e-02    1         1  ON     4
       udC_5                -1.425149e-02    1         1  ON     5
       udC_6                 2.573780e-02    1         1  ON     6
       udC_7                 2.217299e-02    1         1  ON     7
       udC_8                 4.595009e-03    1         1  ON     8
       udC_9                -4.571856e-03    1         1  ON     9
      udC_10                 1.036998e-02    1         1  ON    10
      udC_11                 1.202112e-02    1         1  ON    11
      udC_12                -1.762108e-02    1         1  ON    12
      udC_13                 1.983757e-03    1         1  ON    13
      udC_14                -2.921249e-02    1         1  ON    14
      udC_15                 1.902316e-03    1         1  ON    15
      udC_16                 3.667258e-04    1         1  ON    16
      udC_17                 1.689934e-02    1         1  ON    17
      udC_18                 1.530810e-02    1         1  ON    18
      udC_19                 1.407307e-02    1         1  ON    19
      udC_20                -2.185110e-02    1         1  ON    20
      udC_21                 1.218841e-02    1         1  ON    21
      udC_22                 2.562107e-02    1         1  ON    22
      udC_23                -2.826093e-02    1         1  ON    23
      udC_24                -5.904235e-03    1         1  ON    24
      udC_25                 5.989640e-03    1         1  ON    25

  QMCHamiltonian::addOperator Kinetic to H, physical Hamiltonian 

  ECPotential builder for pseudopotential 

  Adding pseudopotential for C
   Linear grid  ri=0 rf=10 npts = 10001
    ECPComponentBuilder::buildSemiLocalAndLocal 
    Assuming Hartree unit
   Number of angular momentum channels 2
   Maximum angular momentum channel 1
   Creating a Linear Grid Rmax=1.7
  Using global grid with delta = 0.001
   Making L=1 a local potential with a radial cutoff of 9.999
    Non-local pseudopotential parameters
    Maximum angular mementum = 0
    Number of non-local channels = 1
       l(0)=0
    Cutoff radius = 1.7
    Spherical grids and weights: 
                        1                 0                 0       0.08333333333
                       -1   1.224646799e-16                 0       0.08333333333
             0.4472135955       0.894427191                 0       0.08333333333
            -0.4472135955      0.7236067977      0.5257311121       0.08333333333
             0.4472135955      0.2763932023      0.8506508084       0.08333333333
            -0.4472135955     -0.2763932023      0.8506508084       0.08333333333
             0.4472135955     -0.7236067977      0.5257311121       0.08333333333
            -0.4472135955      -0.894427191   1.095357397e-16       0.08333333333
             0.4472135955     -0.7236067977     -0.5257311121       0.08333333333
            -0.4472135955     -0.2763932023     -0.8506508084       0.08333333333
             0.4472135955      0.2763932023     -0.8506508084       0.08333333333
            -0.4472135955      0.7236067977     -0.5257311121       0.08333333333
    Maximum cutoff radius 1.7
  QMCHamiltonian::addOperator LocalECP to H, physical Hamiltonian 

  Using NonLocalECP potential 
    Maximum grid on a sphere for NonLocalECPotential: 12
  QMCHamiltonian::addOperator NonLocalECP to H, physical Hamiltonian 
QMCHamiltonian::addOperatorType added type pseudo named PseudoPot
  QMCHamiltonian::addOperator IonIon to H, physical Hamiltonian 
QMCHamiltonian::addOperatorType added type coulomb named IonIon
  QMCHamiltonian::addOperator ElecElec to H, physical Hamiltonian 
QMCHamiltonian::addOperatorType added type coulomb named ElecElec

  QMCHamiltonian::add2WalkerProperty added
    5 to P::PropertyList 
    0 to P::Collectables 
    starting Index of the observables in P::PropertyList = 9
ParticleSetPool::randomize 1 ParticleSet.
<init source="ion0" target="e">
</init>
  Initialization Execution time = 0.1519 secs
=========================================================
 Summary of QMC systems 
=========================================================
ParticleSetPool has: 

  ParticleSet 'e' contains 8 particles :  u(4) d(4)

    u -2.3414440178e-01  7.7782394243e-01 -4.7148071167e-01
    u  3.8273490706e-01 -5.5658547998e-01 -6.5257516208e-01
    u  2.5458129793e+00 -2.8637945546e-01  8.7235368878e-01
    u  3.1457510798e+00  3.8263009385e-02  4.9429035919e-01
    d  2.4003603342e-01  2.1234084938e-01 -8.8284869266e-01
    d  5.9513581543e-02 -2.9355882433e-01 -8.9017363365e-01
    d  2.4231368827e+00  5.8995287571e-01  7.2694155262e-01
    d  1.4327531163e+00 -5.9068173027e-02 -2.0220300094e-01

  Distance table for dissimilar particles (A-B):
    source: ion0  target: e
    Using structure-of-arrays (SoA) data layout
    Distance computations use open boundary conditions in 3D.

  Distance table for similar particles (A-A):
    source/target: e
    Using structure-of-arrays (SoA) data layout
    Distance computations use open boundary conditions in 3D.


  ParticleSet 'ion0' contains 2 particles :  C(2)

    C  0.0000000000e+00  0.0000000000e+00  0.0000000000e+00
    C  2.3480414016e+00  0.0000000000e+00  0.0000000000e+00

  Distance table for similar particles (A-A):
    source/target: ion0
    Using structure-of-arrays (SoA) data layout
    Distance computations use open boundary conditions in 3D.


  Hamiltonian h0
  Kinetic         Kinetic energy
  LocalECP        LocalECPotential: ion0
  NonLocalECP     NonLocalECPotential: ion0
  IonIon          CoulombAA source/target ion0

  ElecElec        CoulombAB source=e



=========================================================
  Start VMC
  File Root C2_TZ_PP_LONG_XML_MSDJ_TRAD.s001 append = no 
=========================================================
Resetting walkers
  Adding 8 walkers to 0 existing sets
  Total number of walkers: 8.0000000000e+00
  Total weight: 8.0000000000e+00
  Resetting Properties of the walkers 1 x 14

<vmc function="put">
  qmc_counter=0  my_counter=0
  time step      = 5.0000000000e-01
  blocks         = 200
  steps          = 400
  substeps       = 10
  current        = 0
  target samples = 0.0000000000e+00
  walkers/mpi    = 8

  stepsbetweensamples = 80400
  SpinMoves      = no
<parameter name="blocks" condition="int">200</parameter>
<parameter name="blocks_between_recompute" condition="int">0</parameter>
<parameter name="check_properties" condition="int">100</parameter>
<parameter name="checkproperties" condition="int">100</parameter>
<parameter name="current" condition="int">0</parameter>
<parameter name="dmcwalkersperthread" condition="real">0.0000000000e+00</parameter>
<parameter name="maxcpusecs" condition="real">3.6000000000e+05</parameter>
<parameter name="record_configs" condition="int">0</parameter>
<parameter name="record_walkers" condition="int">80400</parameter>
<parameter name="recordconfigs" condition="int">0</parameter>
<parameter name="recordwalkers" condition="int">80400</parameter>
<parameter name="rewind" condition="int">0</parameter>
<parameter name="samples" condition="real">0.0000000000e+00</parameter>
<parameter name="samplesperthread" condition="real">0.0000000000e+00</parameter>
<parameter name="spinmass" condition="double">1.0000000000e+00</parameter>
<parameter name="spinmoves" condition="string">no</parameter>
<parameter name="steps" condition="int">400</parameter>
<parameter name="stepsbetweensamples" condition="int">80400</parameter>
<parameter name="store_configs" condition="int">0</parameter>
<parameter name="storeconfigs" condition="int">0</parameter>
<parameter name="sub_steps" condition="int">10</parameter>
<parameter name="substeps" condition="int">10</parameter>
<parameter name="tau" condition="au">5.0000000000e-01</parameter>
<parameter name="time_step" condition="au">5.0000000000e-01</parameter>
<parameter name="timestep" condition="au">5.0000000000e-01</parameter>
<parameter name="use_drift" condition="string">no</parameter>
<parameter name="usedrift" condition="string">no</parameter>
<parameter name="walkers" condition="int">8</parameter>
<parameter name="warmup_steps" condition="int">20</parameter>
<parameter name="warmupsteps" condition="int">20</parameter>
  DumpConfig==false Nothing (configurations, state) will be saved.
  Walker Samples are dumped every 80400 steps.
</vmc>
  Set drift_modifier UNR parameter a = 1.0000000000e+00
  CloneManager::makeClones makes 8 clones for W/Psi/H.
  Cloning methods for both Psi and H are used
===== Memory Usage before cloning =====
Available memory on node 0, free + buffers : 23307 MB
Memory footprint by rank 0 on node 0       : 88 MB
==================================================
===== Memory Usage after cloning =====
Available memory on node 0, free + buffers : 23301 MB
Memory footprint by rank 0 on node 0       : 95 MB
==================================================
  Initial partition of walkers 0 1 2 3 4 5 6 7 8 

  Using Particle by Particle moves
  Walker moves without drift
  Total Sample Size   =0
  Walker distribution on root = 0 1 2 3 4 5 6 7 8 
  Using Locality Approximation
===== Memory Usage after the buffer registration =====
Available memory on node 0, free + buffers : 23301 MB
Memory footprint by rank 0 on node 0       : 98 MB
==================================================
  Anonymous Buffer size per walker : 66704 Bytes.
MEMORY increase 0 MB VMC::resetRun
====================================================
  SimpleFixedNodeBranch::finalize after a VMC block
    QMC counter        = 0
    time step          = 0.5
    reference energy   = -11.1953
    reference variance = 0.0395366
====================================================
  QMC Execution time = 1.3239e+02 secs
  Total Execution time = 1.3239e+02 secs

=========================================================
  A new xml input file : C2_TZ_PP_LONG_XML_MSDJ_TRAD.s001.cont.xml
